// Jest Snapshot v1, https://goo.gl/fbAQLP

exports[`Org Page List Create New Org 1`] = `
<div>
  <div
    class="Layout--horizontal StyledProps--main PageHeader--container PageHeader--standard StyledProps--flex StyledProps--padding-left-xlarge StyledProps--padding-right-xlarge StyledProps--background-white"
  >
    <div
      class="Layout--vertical StyledProps--main"
    >
      <div
        class="PageHeader--breadcrumbsDiv"
      >
        <div
          class="Layout--horizontal StyledProps--main Breadcrumbs--breadcrumbs StyledProps--flex StyledProps--flex-align-center-center StyledProps--flex-justifyContent-flex-start"
        >
          <div
            class="Layout--horizontal StyledProps--main StyledProps--flex StyledProps--flex-align-center-center StyledProps--flex-justifyContent-flex-start"
          >
            <a
              class="Breadcrumbs--breadcrumb"
              href="/account/testAcc/settings"
            >
              <span
                class="bp3-icon bp3-icon-cog StyledProps--main StyledProps--padding-right-xsmall StyledProps--color StyledProps--color-primary7"
                icon="cog"
              >
                <svg
                  data-icon="cog"
                  height="16"
                  viewBox="0 0 16 16"
                  width="16"
                >
                  <desc>
                    cog
                  </desc>
                  <path
                    d="M15.19 6.39h-1.85c-.11-.37-.27-.71-.45-1.04l1.36-1.36c.31-.31.31-.82 0-1.13l-1.13-1.13a.803.803 0 00-1.13 0l-1.36 1.36c-.33-.17-.67-.33-1.04-.44V.79c0-.44-.36-.8-.8-.8h-1.6c-.44 0-.8.36-.8.8v1.86c-.39.12-.75.28-1.1.47l-1.3-1.3c-.3-.3-.79-.3-1.09 0L1.82 2.91c-.3.3-.3.79 0 1.09l1.3 1.3c-.2.34-.36.7-.48 1.09H.79c-.44 0-.8.36-.8.8v1.6c0 .44.36.8.8.8h1.85c.11.37.27.71.45 1.04l-1.36 1.36c-.31.31-.31.82 0 1.13l1.13 1.13c.31.31.82.31 1.13 0l1.36-1.36c.33.18.67.33 1.04.44v1.86c0 .44.36.8.8.8h1.6c.44 0 .8-.36.8-.8v-1.86c.39-.12.75-.28 1.1-.47l1.3 1.3c.3.3.79.3 1.09 0l1.09-1.09c.3-.3.3-.79 0-1.09l-1.3-1.3c.19-.35.36-.71.48-1.1h1.85c.44 0 .8-.36.8-.8v-1.6a.816.816 0 00-.81-.79zm-7.2 4.6c-1.66 0-3-1.34-3-3s1.34-3 3-3 3 1.34 3 3-1.34 3-3 3z"
                    fill-rule="evenodd"
                  />
                </svg>
              </span>
              <p
                class="StyledProps--font StyledProps--main StyledProps--intent-primary StyledProps--font-size-small"
              >
                common.accountSettings
              </p>
            </a>
            <span
              class="bp3-icon StyledProps--main StyledProps--color StyledProps--color-grey500 StyledProps--padding-right-xsmall StyledProps--padding-left-xsmall"
              data-icon="main-chevron-right"
            >
              <svg
                height="8"
                viewBox="0 0 8 14"
                width="8"
                xmlns="http://www.w3.org/2000/svg"
              >
                <path
                  d="M7.7 6.3l-6-6C1.5.1 1.3 0 1 0 .4 0 0 .4 0 1c0 .3.1.5.3.7L5.6 7 .3 12.3c-.2.2-.3.4-.3.7 0 .6.4 1 1 1 .3 0 .5-.1.7-.3l6-6c.2-.2.3-.4.3-.7s-.1-.5-.3-.7z"
                  fill="#4d5969"
                />
              </svg>
            </span>
          </div>
        </div>
      </div>
      <h2
        class="StyledProps--font StyledProps--font-h2 StyledProps--main StyledProps--color StyledProps--color-grey800 StyledProps--font-weight-bold"
        level="2"
      >
        orgsText
      </h2>
    </div>
  </div>
  <div
    class="Layout--horizontal StyledProps--main PageHeader--container PageHeader--standard StyledProps--flex StyledProps--padding-left-xlarge StyledProps--padding-right-xlarge StyledProps--background-white"
  >
    <div
      class="Layout--vertical StyledProps--main"
    >
      <div
        class="Layout--horizontal StyledProps--main StyledProps--padding-small"
      >
        <button
          class="bp3-button Button--button StyledProps--font StyledProps--main Button--with-current-color Button--withLeftIcon Button--variation Button--variation-primary"
          type="button"
        >
          <span
            class="bp3-icon bp3-icon-plus StyledProps--main StyledProps--padding-right-xsmall"
            icon="plus"
          >
            <svg
              data-icon="plus"
              height="16"
              viewBox="0 0 16 16"
              width="16"
            >
              <desc>
                plus
              </desc>
              <path
                d="M13 7H9V3c0-.55-.45-1-1-1s-1 .45-1 1v4H3c-.55 0-1 .45-1 1s.45 1 1 1h4v4c0 .55.45 1 1 1s1-.45 1-1V9h4c.55 0 1-.45 1-1s-.45-1-1-1z"
                fill-rule="evenodd"
              />
            </svg>
          </span>
          <span
            class="bp3-button-text"
          >
            projectsOrgs.newOrganization
          </span>
        </button>
      </div>
    </div>
    <div
      class="bp3-input-group ui-search-box ExpandingSearchInput--main search  ExpandingSearchInput--alwaysExpanded ExpandingSearchInput--light"
      data-name=""
      style="width: 320px; max-width: 320px;"
    >
      <span
        class="bp3-icon StyledProps--main ExpandingSearchInput--icon StyledProps--color StyledProps--color-grey700"
        data-icon="thinner-search"
      >
        <svg
          fill="none"
          height="14"
          viewBox="0 0 16 16"
          width="14"
          xmlns="http://www.w3.org/2000/svg"
        >
          <path
            d="M7.125 13.25c1.617 0 3.32-.695 4.375-1.75L15 15l-3.5-3.5c1.021-1.005 1.75-2.894 1.75-4.375a6.125 6.125 0 10-6.125 6.125z"
            stroke="currentColor"
            stroke-linecap="round"
            stroke-linejoin="round"
          />
        </svg>
      </span>
      <input
        class="bp3-input  ExpandingSearchInput--filter"
        dir="auto"
        placeholder="projectsOrgs.searchPlaceHolder"
        style="padding-right: 38px;"
        type="search"
        value=""
      />
    </div>
  </div>
  <div
    class="StyledProps--font StyledProps--main PageBody--pageBody orgPage"
    data-name="page-body"
  >
    <div
      class="StyledProps--font StyledProps--main masonry"
    >
      <div
        class="StyledProps--font StyledProps--main uicore-masonry-layout--container0 StyledProps--padding-xxxlarge"
        style="margin: 0px auto; width: 0px; height: 0px; position: relative;"
      >
        <div
          class="StyledProps--font StyledProps--main uicore-masonry-layout--item-0"
          style="margin-bottom: 20px; position: absolute; left: 0px; top: 0px;"
        >
          <div
            class="bp3-card bp3-interactive bp3-elevation-2 Card--card card Card--interactive"
            data-testid="org-card-bfvbfkbvf"
            tabindex="0"
          >
            <div
              class="StyledProps--font StyledProps--main overflow"
            >
              <div
                class="Card--cardMenu cardMenu"
              >
                <div
                  class="Card--dots"
                >
                  <span
                    class="bp3-popover-wrapper bp3-dark"
                  >
                    <span
                      class="bp3-popover-target"
                    >
                      <button
                        class="bp3-button bp3-minimal Button--button StyledProps--font StyledProps--main Card--menu Button--with-current-color Button--round Button--iconOnly Button--without-shadow Button--withLeftIcon"
                        type="button"
                      >
                        <span
                          class="bp3-icon bp3-icon-more StyledProps--main"
                          icon="more"
                        >
                          <svg
                            data-icon="more"
                            height="16"
                            viewBox="0 0 16 16"
                            width="16"
                          >
                            <desc>
                              more
                            </desc>
                            <path
                              d="M2 6.03a2 2 0 100 4 2 2 0 100-4zM14 6.03a2 2 0 100 4 2 2 0 100-4zM8 6.03a2 2 0 100 4 2 2 0 100-4z"
                              fill-rule="evenodd"
                            />
                          </svg>
                        </span>
                      </button>
                    </span>
                  </span>
                </div>
              </div>
              <div
                class="Layout--vertical StyledProps--main title"
              >
                <p
                  class="StyledProps--font Text--lineclamp StyledProps--main StyledProps--font-medium StyledProps--color StyledProps--color-black"
                  style="--text-line-clamp: 1;"
                >
                  bfvbfkbvf
                </p>
                <div
                  class="Layout--horizontal StyledProps--main description StyledProps--margin-bottom-xsmall"
                />
                <div
                  class="Layout--horizontal Layout--layout-spacing-xsmall StyledProps--main tags"
                />
                <div
                  class="Layout--horizontal StyledProps--main StyledProps--padding-top-xlarge"
                >
                  <div
                    class="Layout--vertical Layout--layout-spacing-small StyledProps--main"
                  >
                    <div
                      class="Layout--horizontal Layout--layout-spacing-small StyledProps--main StyledProps--flex StyledProps--flex-align-center-center"
                    >
                      <span
                        class="bp3-icon StyledProps--main"
                        data-icon="nav-project"
                      >
                        <svg
                          height="32"
                          viewBox="0 0 22 22"
                          width="32"
                          xmlns="http://www.w3.org/2000/svg"
                        >
                          <path
                            d="M1.1 4.583L11 0l9.9 4.583v12.834L11 22l-9.9-4.583zm9 5.171l-7.2-3.33v9.811l7.2 3.338V9.754zm9 6.481V6.424l-7.2 3.33v9.819zm-1.462-11.15L11 2.012 4.362 5.085 11 8.157z"
                            fill="#56778d"
                          />
                        </svg>
                      </span>
                      <p
                        class="StyledProps--font StyledProps--main StyledProps--font-medium"
                      >
                        0
                      </p>
                    </div>
                    <p
                      class="StyledProps--font StyledProps--main StyledProps--font-small"
                    >
                      projectsText
                    </p>
                  </div>
                  <div
                    class="Layout--vertical Layout--layout-spacing-small StyledProps--main StyledProps--padding-left-huge StyledProps--flex"
                  >
                    <div
                      class="Layout--horizontal StyledProps--main StyledProps--flex StyledProps--flex-alignItems-center StyledProps--flex-justifyContent-flex-start"
                    >
                      <div
                        class="AvatarGroup--stack"
                        style="--avatar-over-lap: -13px;"
                      >
                        <div
                          class="AvatarGroup--stackAvatar Avatar--Avatar Avatar--contentStyle"
                        >
                          <span
                            class="bp3-popover-wrapper Avatar--avatarPopOver"
                          >
                            <span
                              class="bp3-popover-target"
                            >
                              <div
                                class="Avatar--AvatarInner"
                                style="border-radius: 100%; line-height: 25px; width: 32px; height: 32px; font-size: 20px; font-weight: 200;"
                                tabindex="0"
                              >
                                +
                              </div>
                            </span>
                          </span>
                        </div>
                        <div
                          class="AvatarGroup--stackAvatar Avatar--Avatar Avatar--contentStyle"
                          uuid="lv0efduRhKRCyiXWzS7pOg6g"
                        >
                          <span
                            class="bp3-popover-wrapper Avatar--avatarPopOver"
                          >
                            <span
                              class="bp3-popover-target"
                            >
                              <div
                                class="Avatar--AvatarInner"
                                style="border-radius: 100%; line-height: 26px; width: 32px; height: 32px; font-size: 10px;"
                                tabindex="0"
                              >
                                A
                              </div>
                            </span>
                          </span>
                        </div>
                        <div
                          class="AvatarGroup--stackAvatar Avatar--Avatar Avatar--contentStyle"
                          uuid="lv0euRhKRCyiXWzS7pOg6g"
                        >
                          <span
                            class="bp3-popover-wrapper Avatar--avatarPopOver"
                          >
                            <span
                              class="bp3-popover-target"
                            >
                              <div
                                class="Avatar--AvatarInner"
                                style="border-radius: 100%; line-height: 26px; width: 32px; height: 32px; font-size: 10px;"
                                tabindex="0"
                              >
                                A
                              </div>
                            </span>
                          </span>
                        </div>
                      </div>
                    </div>
                    <p
                      class="StyledProps--font StyledProps--main StyledProps--font-small"
                    >
                      2 members
                    </p>
                  </div>
                </div>
              </div>
            </div>
          </div>
        </div>
        <div
          class="StyledProps--font StyledProps--main uicore-masonry-layout--item-0"
          style="margin-bottom: 20px; position: absolute; left: 0px; top: 0px;"
        >
          <div
            class="bp3-card bp3-interactive bp3-elevation-2 Card--card card Card--interactive"
            data-testid="org-card-Harness"
            tabindex="0"
          >
            <div
              class="StyledProps--font StyledProps--main overflow"
            >
              <div
                class="Card--cardMenu cardMenu"
              >
                <div
                  class="Card--dots"
                >
                  <span
                    class="bp3-popover-wrapper bp3-dark"
                  >
                    <span
                      class="bp3-popover-target"
                    >
                      <button
                        class="bp3-button bp3-minimal Button--button StyledProps--font StyledProps--main Card--menu Button--with-current-color Button--round Button--iconOnly Button--without-shadow Button--withLeftIcon"
                        type="button"
                      >
                        <span
                          class="bp3-icon bp3-icon-more StyledProps--main"
                          icon="more"
                        >
                          <svg
                            data-icon="more"
                            height="16"
                            viewBox="0 0 16 16"
                            width="16"
                          >
                            <desc>
                              more
                            </desc>
                            <path
                              d="M2 6.03a2 2 0 100 4 2 2 0 100-4zM14 6.03a2 2 0 100 4 2 2 0 100-4zM8 6.03a2 2 0 100 4 2 2 0 100-4z"
                              fill-rule="evenodd"
                            />
                          </svg>
                        </span>
                      </button>
                    </span>
                  </span>
                </div>
              </div>
              <div
                class="Layout--vertical StyledProps--main title"
              >
                <p
                  class="StyledProps--font Text--lineclamp StyledProps--main StyledProps--font-medium StyledProps--color StyledProps--color-black"
                  style="--text-line-clamp: 1;"
                >
                  Harness
                </p>
                <div
                  class="Layout--horizontal StyledProps--main description StyledProps--margin-bottom-xsmall"
                >
                  <p
                    class="StyledProps--font Text--lineclamp StyledProps--main StyledProps--color StyledProps--color-grey350"
                    style="--text-line-clamp: 2;"
                  >
                    Harness
                  </p>
                </div>
                <div
                  class="Layout--horizontal Layout--layout-spacing-xsmall StyledProps--main tags"
                >
                  <span
                    class="Tag--main"
                  >
                    <span
                      class="bp3-tag tagText"
                      style="max-width: 80px;"
                    >
                      <span
                        class="bp3-text-overflow-ellipsis bp3-fill"
                      >
                        ce:module
                      </span>
                    </span>
                  </span>
                  <span
                    class="Tag--main"
                  >
                    <span
                      class="bp3-tag tagText"
                      style="max-width: 80px;"
                    >
                      <span
                        class="bp3-text-overflow-ellipsis bp3-fill"
                      >
                        prod
                      </span>
                    </span>
                  </span>
                  <span
                    class="Tag--main"
                  >
                    <span
                      class="bp3-tag tagText"
                      style="max-width: 80px;"
                    >
                      <span
                        class="bp3-text-overflow-ellipsis bp3-fill"
                      >
                        cv:module
                      </span>
                    </span>
                  </span>
                  <span
                    class="bp3-popover-wrapper"
                  >
                    <span
                      class="bp3-popover-target"
                    >
                      <p
                        class="StyledProps--font StyledProps--main"
                        tabindex="0"
                      >
                        plus2
                      </p>
                    </span>
                  </span>
                </div>
                <div
                  class="Layout--horizontal StyledProps--main StyledProps--padding-top-xlarge"
                >
                  <div
                    class="Layout--vertical Layout--layout-spacing-small StyledProps--main"
                  >
                    <div
                      class="Layout--horizontal Layout--layout-spacing-small StyledProps--main StyledProps--flex StyledProps--flex-align-center-center"
                    >
                      <span
                        class="bp3-icon StyledProps--main"
                        data-icon="nav-project"
                      >
                        <svg
                          height="32"
                          viewBox="0 0 22 22"
                          width="32"
                          xmlns="http://www.w3.org/2000/svg"
                        >
                          <path
                            d="M1.1 4.583L11 0l9.9 4.583v12.834L11 22l-9.9-4.583zm9 5.171l-7.2-3.33v9.811l7.2 3.338V9.754zm9 6.481V6.424l-7.2 3.33v9.819zm-1.462-11.15L11 2.012 4.362 5.085 11 8.157z"
                            fill="#56778d"
                          />
                        </svg>
                      </span>
                      <p
                        class="StyledProps--font StyledProps--main StyledProps--font-medium"
                      >
                        5
                      </p>
                    </div>
                    <p
                      class="StyledProps--font StyledProps--main StyledProps--font-small"
                    >
                      projectsText
                    </p>
                  </div>
                  <div
                    class="Layout--vertical Layout--layout-spacing-small StyledProps--main StyledProps--padding-left-huge StyledProps--flex"
                  >
                    <div
                      class="Layout--horizontal StyledProps--main StyledProps--flex StyledProps--flex-alignItems-center StyledProps--flex-justifyContent-flex-start"
                    >
                      <div
                        class="AvatarGroup--stack"
                        style="--avatar-over-lap: -13px;"
                      >
                        <div
                          class="AvatarGroup--stackAvatar Avatar--Avatar Avatar--contentStyle"
                        >
                          <span
                            class="bp3-popover-wrapper Avatar--avatarPopOver"
                          >
                            <span
                              class="bp3-popover-target"
                            >
                              <div
                                class="Avatar--AvatarInner"
                                style="border-radius: 100%; line-height: 25px; width: 32px; height: 32px; font-size: 20px; font-weight: 200;"
                                tabindex="0"
                              >
                                +
                              </div>
                            </span>
                          </span>
                        </div>
                        <div
                          class="AvatarGroup--stackAvatar Avatar--Avatar Avatar--contentStyle"
                          uuid="lv0euRhKRCyiXWzS7pOg6g"
                        >
                          <span
                            class="bp3-popover-wrapper Avatar--avatarPopOver"
                          >
                            <span
                              class="bp3-popover-target"
                            >
                              <div
                                class="Avatar--AvatarInner"
                                style="border-radius: 100%; line-height: 26px; width: 32px; height: 32px; font-size: 10px;"
                                tabindex="0"
                              >
                                A
                              </div>
                            </span>
                          </span>
                        </div>
                      </div>
                    </div>
                    <p
                      class="StyledProps--font StyledProps--main StyledProps--font-small"
                    >
                      1 common.member
                    </p>
                  </div>
                </div>
              </div>
            </div>
          </div>
        </div>
        <div
          class="StyledProps--font StyledProps--main uicore-masonry-layout--item-0"
          style="margin-bottom: 20px; position: absolute; left: 0px; top: 0px;"
        >
          <div
            class="bp3-card bp3-interactive bp3-elevation-2 Card--card card Card--interactive"
            data-testid="org-card-default"
            tabindex="0"
          >
            <div
              class="StyledProps--font StyledProps--main overflow"
            >
              <div
                class="Card--cardMenu cardMenu"
              >
                <div
                  class="Card--dots"
                >
                  <span
                    class="bp3-popover-wrapper bp3-dark"
                  >
                    <span
                      class="bp3-popover-target"
                    >
                      <button
                        class="bp3-button bp3-minimal Button--button StyledProps--font StyledProps--main Card--menu Button--with-current-color Button--round Button--iconOnly Button--without-shadow Button--withLeftIcon"
                        type="button"
                      >
                        <span
                          class="bp3-icon bp3-icon-more StyledProps--main"
                          icon="more"
                        >
                          <svg
                            data-icon="more"
                            height="16"
                            viewBox="0 0 16 16"
                            width="16"
                          >
                            <desc>
                              more
                            </desc>
                            <path
                              d="M2 6.03a2 2 0 100 4 2 2 0 100-4zM14 6.03a2 2 0 100 4 2 2 0 100-4zM8 6.03a2 2 0 100 4 2 2 0 100-4z"
                              fill-rule="evenodd"
                            />
                          </svg>
                        </span>
                      </button>
                    </span>
                  </span>
                </div>
              </div>
              <div
                class="Layout--vertical StyledProps--main title"
              >
                <p
                  class="StyledProps--font Text--lineclamp StyledProps--main StyledProps--font-medium StyledProps--color StyledProps--color-black"
                  style="--text-line-clamp: 1;"
                >
                  Default
                </p>
                <div
                  class="Layout--horizontal StyledProps--main description StyledProps--margin-bottom-xsmall"
                >
                  <p
                    class="StyledProps--font Text--lineclamp StyledProps--main StyledProps--color StyledProps--color-grey350"
                    style="--text-line-clamp: 2;"
                  >
                    Default Organization
                  </p>
                </div>
                <div
                  class="Layout--horizontal Layout--layout-spacing-xsmall StyledProps--main tags"
                />
                <div
                  class="Layout--horizontal StyledProps--main StyledProps--padding-top-xlarge"
                >
                  <div
                    class="Layout--vertical Layout--layout-spacing-small StyledProps--main"
                  >
                    <div
                      class="Layout--horizontal Layout--layout-spacing-small StyledProps--main StyledProps--flex StyledProps--flex-align-center-center"
                    >
                      <span
                        class="bp3-icon StyledProps--main"
                        data-icon="nav-project"
                      >
                        <svg
                          height="32"
                          viewBox="0 0 22 22"
                          width="32"
                          xmlns="http://www.w3.org/2000/svg"
                        >
                          <path
                            d="M1.1 4.583L11 0l9.9 4.583v12.834L11 22l-9.9-4.583zm9 5.171l-7.2-3.33v9.811l7.2 3.338V9.754zm9 6.481V6.424l-7.2 3.33v9.819zm-1.462-11.15L11 2.012 4.362 5.085 11 8.157z"
                            fill="#56778d"
                          />
                        </svg>
                      </span>
                      <p
                        class="StyledProps--font StyledProps--main StyledProps--font-medium"
                      >
                        7
                      </p>
                    </div>
                    <p
                      class="StyledProps--font StyledProps--main StyledProps--font-small"
                    >
                      projectsText
                    </p>
                  </div>
                  <div
                    class="Layout--vertical Layout--layout-spacing-small StyledProps--main StyledProps--padding-left-huge StyledProps--flex"
                  >
                    <div
                      class="Layout--horizontal StyledProps--main StyledProps--flex StyledProps--flex-alignItems-center StyledProps--flex-justifyContent-flex-start"
                    >
                      <div
                        class="AvatarGroup--stack"
                        style="--avatar-over-lap: -13px;"
                      >
                        <div
                          class="AvatarGroup--stackAvatar Avatar--Avatar Avatar--contentStyle"
                        >
                          <span
                            class="bp3-popover-wrapper Avatar--avatarPopOver"
                          >
                            <span
                              class="bp3-popover-target"
                            >
                              <div
                                class="Avatar--AvatarInner"
                                style="border-radius: 100%; line-height: 25px; width: 32px; height: 32px; font-size: 20px; font-weight: 200;"
                                tabindex="0"
                              >
                                +
                              </div>
                            </span>
                          </span>
                        </div>
                      </div>
                    </div>
                    <p
                      class="StyledProps--font StyledProps--main StyledProps--font-small"
                    >
                      0 common.member
                    </p>
                  </div>
                </div>
              </div>
            </div>
          </div>
        </div>
      </div>
    </div>
  </div>
</div>
`;
