// Jest Snapshot v1, https://goo.gl/fbAQLP

exports[`<PipelineFilterForm /> test snapshot testing 1`] = `
<div>
  <div
    class="OverlaySpinner--overlaySpinner"
  >
    <form
      action="#"
      class="FormikForm--main"
    >
      <div>
        <div
          class="bp3-form-group"
          data-id="pipelineName-0"
        >
          <label
            class="bp3-label"
            for="pipelineName"
          >
            <span
              class="Tooltip--acenter"
              data-tooltip-id="pipelineFilterFormTest_pipelineName"
            >
              filters.executions.pipelineName
            </span>
             
            <span
              class="bp3-text-muted"
            />
          </label>
          <div
            class="bp3-form-content"
          >
            <div
              class="bp3-input-group"
            >
              <input
                autocomplete="off"
                class="bp3-input"
                name="pipelineName"
                placeholder="pipeline.filters.pipelineNamePlaceholder"
                type="text"
                value=""
              />
            </div>
          </div>
        </div>
        <div
          class="bp3-form-group"
          data-id="status-1"
        >
          <label
            class="bp3-label"
            for="status"
          >
            <span
              class="Tooltip--acenter"
              data-tooltip-id="pipelineFilterFormTest_status"
            >
              status
            </span>
             
            <span
              class="bp3-text-muted"
            />
          </label>
          <div
            class="bp3-form-content"
          >
            <div
              class="bp3-popover-wrapper MultiSelect--main bp3-fill"
            >
              <div
                class="bp3-popover-target"
              >
                <div
                  class=""
                >
                  <div
                    class="bp3-input bp3-tag-input bp3-multi-select"
                  >
                    <div
                      class="bp3-tag-input-values"
                    >
                      <input
                        autocomplete="off"
                        class="bp3-input-ghost bp3-multi-select-tag-input-input"
                        name="status"
                        placeholder="- Select -"
                        value=""
                      />
                    </div>
                  </div>
                </div>
              </div>
            </div>
          </div>
        </div>
        <span
          class="separator"
        >
          <p
            class="StyledProps--font StyledProps--main"
          >
            DEPLOYMENTSTEXT
          </p>
        </span>
        <div
          class="bp3-form-group"
          data-id="deploymentType-2"
        >
          <label
            class="bp3-label"
            for="deploymentType"
          >
            <span
              class="Tooltip--acenter"
              data-tooltip-id="pipelineFilterFormTest_deploymentType"
            >
              deploymentTypeText
            </span>
             
            <span
              class="bp3-text-muted"
            />
          </label>
          <div
            class="bp3-form-content"
          >
            <div
              class="bp3-popover-wrapper Select--main bp3-fill"
            >
              <div
                class="bp3-popover-target"
              >
                <div
                  class="bp3-input-group"
                >
                  <input
                    autocomplete="off"
                    class="bp3-input"
                    name="deploymentType"
                    placeholder="- pipeline.filters.deploymentTypePlaceholder -"
                    style="padding-right: 0px;"
                    type="text"
                    value=""
                  />
                  <span
                    class="bp3-input-action"
                  >
                    <span
                      class="bp3-icon bp3-icon-chevron-down StyledProps--main StyledProps--padding-small"
                      icon="chevron-down"
                    >
                      <svg
                        data-icon="chevron-down"
                        height="14"
                        viewBox="0 0 16 16"
                        width="14"
                      >
                        <desc>
                          chevron-down
                        </desc>
                        <path
                          d="M12 5c-.28 0-.53.11-.71.29L8 8.59l-3.29-3.3a1.003 1.003 0 00-1.42 1.42l4 4c.18.18.43.29.71.29s.53-.11.71-.29l4-4A1.003 1.003 0 0012 5z"
                          fill-rule="evenodd"
                        />
                      </svg>
                    </span>
                  </span>
                </div>
              </div>
            </div>
          </div>
        </div>
        <div
          class="bp3-form-group"
          data-id="services-3"
        >
          <label
            class="bp3-label"
            for="services"
          >
            <span
              class="Tooltip--acenter"
              data-tooltip-id="pipelineFilterFormTest_services"
            >
              services
            </span>
             
            <span
              class="bp3-text-muted"
            />
          </label>
          <div
            class="bp3-form-content"
          >
            <div
              class="bp3-popover-wrapper MultiSelect--main bp3-fill"
            >
              <div
                class="bp3-popover-target"
              >
                <div
                  class=""
                >
                  <div
                    class="bp3-input bp3-tag-input bp3-multi-select"
                  >
                    <div
                      class="bp3-tag-input-values"
                    >
                      <input
                        autocomplete="off"
                        class="bp3-input-ghost bp3-multi-select-tag-input-input"
                        name="services"
                        placeholder="- Select -"
                        value=""
                      />
                    </div>
                  </div>
                </div>
              </div>
            </div>
          </div>
        </div>
        <div
          class="bp3-form-group"
          data-id="environments-4"
        >
          <label
            class="bp3-label"
            for="environments"
          >
            <span
              class="Tooltip--acenter"
              data-tooltip-id="pipelineFilterFormTest_environments"
            >
              environments
            </span>
             
            <span
              class="bp3-text-muted"
            />
          </label>
          <div
            class="bp3-form-content"
          >
            <div
              class="bp3-popover-wrapper MultiSelect--main bp3-fill"
            >
              <div
                class="bp3-popover-target"
              >
                <div
                  class=""
                >
                  <div
                    class="bp3-input bp3-tag-input bp3-multi-select"
                  >
                    <div
                      class="bp3-tag-input-values"
                    >
                      <input
                        autocomplete="off"
                        class="bp3-input-ghost bp3-multi-select-tag-input-input"
                        name="environments"
                        placeholder="- Select -"
                        value=""
                      />
                    </div>
                  </div>
                </div>
              </div>
            </div>
          </div>
        </div>
        <span
          class="separator"
        >
          <p
            class="StyledProps--font StyledProps--main"
          >
            BUILDSTEXT
          </p>
        </span>
        <div
          class="bp3-form-group"
          data-id="buildType-5"
        >
          <label
            class="bp3-label"
            for="buildType"
          >
            <span
              class="Tooltip--acenter"
              data-tooltip-id="pipelineFilterFormTest_buildType"
            >
              filters.executions.buildType
            </span>
             
            <span
              class="bp3-text-muted"
            />
          </label>
          <div
            class="bp3-form-content"
          >
            <div
              class="bp3-popover-wrapper Select--main bp3-fill"
            >
              <div
                class="bp3-popover-target"
              >
                <div
                  class="bp3-input-group"
                >
                  <input
                    autocomplete="off"
                    class="bp3-input"
                    name="buildType"
                    placeholder="- pipeline.filters.builtTypePlaceholder -"
                    style="padding-right: 0px;"
                    type="text"
                    value=""
                  />
                  <span
                    class="bp3-input-action"
                  >
                    <span
                      class="bp3-icon bp3-icon-chevron-down StyledProps--main StyledProps--padding-small"
                      icon="chevron-down"
                    >
                      <svg
                        data-icon="chevron-down"
                        height="14"
                        viewBox="0 0 16 16"
                        width="14"
                      >
                        <desc>
                          chevron-down
                        </desc>
                        <path
                          d="M12 5c-.28 0-.53.11-.71.29L8 8.59l-3.29-3.3a1.003 1.003 0 00-1.42 1.42l4 4c.18.18.43.29.71.29s.53-.11.71-.29l4-4A1.003 1.003 0 0012 5z"
                          fill-rule="evenodd"
                        />
                      </svg>
                    </span>
                  </span>
                </div>
              </div>
            </div>
          </div>
        </div>
      </div>
    </form>
  </div>
</div>
`;
