// Jest Snapshot v1, https://goo.gl/fbAQLP

exports[`RightBar renders correctly 1`] = `
<div>
  <div
    class="rightBar"
  >
    <button
      class="bp3-button Button--button StyledProps--font StyledProps--main iconButton StyledProps--font StyledProps--font-weight-semi-bold StyledProps--font-size-xsmall Button--withLeftIcon Button--variation Button--variation-tertiary"
      data-testid="template-inputs"
      type="button"
    >
      <span
        class="bp3-icon StyledProps--main StyledProps--padding-right-xsmall"
        data-icon="template-inputs"
      >
        <svg
          height="28"
          viewBox="0 0 32 32"
          width="28"
          xmlns="http://www.w3.org/2000/svg"
        >
          <path
            clip-rule="evenodd"
            d="M2.987 7.02a3 3 0 013-3h20.025a3 3 0 013 3v17.96a3 3 0 01-3 3H5.987a3 3 0 01-3-3v-5.638h2v5.639a1 1 0 001 1h20.025a1 1 0 001-1V7.02a1 1 0 00-1-1H5.987a1 1 0 00-1 1v5.673h-2V7.02z"
            fill="currentColor"
            fill-rule="evenodd"
          />
          <path
            clip-rule="evenodd"
            d="M12.184 12.446a1 1 0 011.399-.21l4.02 2.968a1 1 0 01.006 1.604l-4.02 3.016a1 1 0 11-1.2-1.6l1.62-1.216H2.988v-2h10.984l-1.576-1.164a1 1 0 01-.21-1.398z"
            fill="currentColor"
            fill-rule="evenodd"
          />
        </svg>
      </span>
      <span
        class="bp3-button-text"
      >
        pipeline.templateInputs
      </span>
    </button>
    <button
      class="bp3-button Button--button StyledProps--font StyledProps--main iconButton StyledProps--font StyledProps--font-weight-semi-bold StyledProps--font-size-xsmall Button--withLeftIcon Button--variation Button--variation-tertiary"
      data-testid="input-variable"
      type="button"
    >
      <span
        class="bp3-icon StyledProps--main StyledProps--padding-right-xsmall"
        data-icon="pipeline-variables"
      >
        <svg
          height="28"
          viewBox="0 0 20 20"
          width="28"
          xmlns="http://www.w3.org/2000/svg"
        >
          <path
            clip-rule="evenodd"
            d="M2.197 4.143a.624.624 0 01.564-.356h7.489c.344 0 .624.28.624.624v1.872a.624.624 0 01-1.248 0V5.035H4.072l3.23 3.975c.178.22.186.53.021.76l-3.342 4.626h5.645v-1.248a.624.624 0 111.248 0v1.873c0 .344-.28.624-.624.624H2.76a.624.624 0 01-.505-.99L6.03 9.426 2.276 4.805a.624.624 0 01-.079-.662zM15.9 9.276a5.276 5.276 0 00-.724 1.032c-.22.44-.612.912-.994 1.288-.37.365-.824.732-1.205.884a.624.624 0 11-.463-1.159c.138-.055.445-.272.792-.614.336-.331.62-.692.753-.958.184-.366.529-.88.914-1.308.193-.215.414-.427.646-.59.218-.153.523-.319.87-.319a.624.624 0 01.012 1.248c0 .001-.052.013-.164.092-.129.09-.279.229-.437.404z"
            fill="current-color"
            fill-rule="evenodd"
          />
          <path
            clip-rule="evenodd"
            d="M13.334 9.276c.317.352.596.774.725 1.032.22.44.611.912.993 1.288.37.365.824.732 1.205.884a.624.624 0 10.464-1.159c-.139-.055-.445-.272-.793-.614-.336-.331-.62-.692-.753-.958a6.497 6.497 0 00-.913-1.308 3.98 3.98 0 00-.647-.59c-.217-.153-.523-.319-.87-.319a.624.624 0 00-.012 1.248c0 .001.052.013.165.092.128.09.278.229.436.404z"
            fill="current-color"
            fill-rule="evenodd"
          />
        </svg>
      </span>
      <span
        class="bp3-button-text"
      >
        common.variables
      </span>
    </button>
    <div
      class="template-studio-right-drawer-mock"
    />
  </div>
</div>
`;
