// Jest Snapshot v1, https://goo.gl/fbAQLP

exports[`<TemplateSettingsModal /> tests should match snapshot 1`] = `
<div>
  <div
    class="Layout--horizontal StyledProps--main"
    style="flex-grow: 1;"
  >
    <div
      class="StyledProps--font StyledProps--main basicDetails StyledProps--background-form StyledProps--padding-huge"
      style="width: 55%;"
    >
      <p
        class="StyledProps--font StyledProps--main StyledProps--color StyledProps--color-grey800 StyledProps--font-weight-bold StyledProps--font-size-medium StyledProps--margin-bottom-xlarge"
      >
        templatesLibrary.templateSettings
      </p>
      <div
        class="OverlaySpinner--overlaySpinner"
      >
        <form
          action="#"
          class="FormikForm--main"
        >
          <div>
            <div
              class="Layout--vertical Layout--layout-spacing-huge StyledProps--main"
            >
              <div
                class="StyledProps--font StyledProps--main"
              >
                <div
                  class="Layout--vertical StyledProps--main"
                >
                  <div
                    class="InputWithIdentifier--txtNameContainer TextInput--main"
                  >
                    <div
                      class="Layout--horizontal Layout--layout-spacing-xsmall StyledProps--main InputWithIdentifier--txtIdContainer"
                    >
                      <div
                        class="Text--withDocsTooltip"
                        data-tooltip-id="createStepTemplate_identifier"
                      >
                        <p
                          class="StyledProps--font StyledProps--main"
                        >
                          Id
                        </p>
                      </div>
                      <p
                        class="StyledProps--font StyledProps--main"
                      >
                        :
                      </p>
                      <span
                        class="bp3-popover-wrapper"
                      >
                        <span
                          class="bp3-popover-target"
                        >
                          <div
                            class="bp3-editable-text bp3-disabled InputWithIdentifier--idValue"
                          >
                            <span
                              class="bp3-editable-text-content"
                              style="height: 1px; line-height: 1px; min-width: 0;"
                            >
                              manjutesttemplate
                            </span>
                          </div>
                        </span>
                      </span>
                    </div>
                    <div
                      class="bp3-form-group bp3-disabled"
                      data-id="name-0"
                    >
                      <label
                        class="bp3-label"
                        for="name"
                      >
                        <span
                          class="Tooltip--acenter"
                          data-tooltip-id="createStepTemplate_name"
                        >
                          name
                        </span>
                         
                        <span
                          class="bp3-text-muted"
                        />
                      </label>
                      <div
                        class="bp3-form-content"
                      >
                        <div
                          class="bp3-input-group bp3-disabled"
                        >
                          <input
                            autocomplete="off"
                            class="bp3-input"
                            disabled=""
                            name="name"
                            placeholder="common.namePlaceholder"
                            type="text"
                            value="manju-test-template-qq-12344"
                          />
                        </div>
                      </div>
                    </div>
                  </div>
                  <div
                    class="bp3-form-group"
                    data-id="defaultVersion-1"
                  >
                    <label
                      class="bp3-label"
                      for="defaultVersion"
                    >
                      <span
                        class="Tooltip--acenter"
                        data-tooltip-id="createStepTemplate_defaultVersion"
                      >
                        templatesLibrary.templateSettingsModal.defaultVersionLabel
                      </span>
                       
                      <span
                        class="bp3-text-muted"
                      />
                    </label>
                    <div
                      class="bp3-form-content"
                    >
                      <div
                        class="bp3-popover-wrapper Select--main bp3-fill"
                      >
                        <div
                          class="bp3-popover-target"
                        >
                          <div
                            class="bp3-input-group"
                          >
                            <input
                              autocomplete="off"
                              class="bp3-input"
                              name="defaultVersion"
                              placeholder="- Select -"
                              style="padding-right: 0px;"
                              type="text"
                              value="v4"
                            />
                            <span
                              class="bp3-input-action"
                            >
                              <span
                                class="bp3-icon bp3-icon-chevron-down StyledProps--main StyledProps--padding-small"
                                icon="chevron-down"
                              >
                                <svg
                                  data-icon="chevron-down"
                                  height="14"
                                  viewBox="0 0 16 16"
                                  width="14"
                                >
                                  <desc>
                                    chevron-down
                                  </desc>
                                  <path
                                    d="M12 5c-.28 0-.53.11-.71.29L8 8.59l-3.29-3.3a1.003 1.003 0 00-1.42 1.42l4 4c.18.18.43.29.71.29s.53-.11.71-.29l4-4A1.003 1.003 0 0012 5z"
                                    fill-rule="evenodd"
                                  />
                                </svg>
                              </span>
                            </span>
                          </div>
                        </div>
                      </div>
                    </div>
                  </div>
                </div>
              </div>
              <div
                class="StyledProps--font StyledProps--main"
              >
                <div
                  class="Layout--horizontal Layout--layout-spacing-small StyledProps--main StyledProps--flex StyledProps--flex-alignItems-flex-end StyledProps--flex-justifyContent-flex-start"
                >
                  <button
                    class="bp3-button Button--button StyledProps--font StyledProps--main Button--with-current-color Button--variation Button--variation-primary"
                    type="submit"
                  >
                    <span
                      class="bp3-button-text"
                    >
                      save
                    </span>
                  </button>
                  <button
                    class="bp3-button Button--button StyledProps--font StyledProps--main Button--with-current-color Button--variation Button--variation-tertiary"
                    type="button"
                  >
                    <span
                      class="bp3-button-text"
                    >
                      cancel
                    </span>
                  </button>
                </div>
              </div>
            </div>
          </div>
        </form>
      </div>
    </div>
    <div
      class="Layout--horizontal StyledProps--main preview StyledProps--flex StyledProps--flex-alignItems-center StyledProps--flex-justifyContent-center StyledProps--padding-top-huge StyledProps--padding-bottom-huge"
    >
      <div
        class="StyledProps--font StyledProps--main container"
      >
        <div
          class="bp3-card bp3-elevation-0 Card--card templateCard"
        >
          <div />
          <div
            class="StyledProps--font StyledProps--main StyledProps--margin-right-small"
          >
            <div
              class="Layout--horizontal Layout--layout-spacing-small StyledProps--main StyledProps--margin-bottom-small StyledProps--flex"
            >
              <span
                class="bp3-icon StyledProps--main"
                data-icon="harness-with-color"
              >
                <svg
                  height="24"
                  viewBox="0 0 25 25"
                  width="24"
                  xmlns="http://www.w3.org/2000/svg"
                >
                  <path
                    d="M22.974 8.186L16.708 1.88a7.023 7.023 0 00-2.59-1.572C11.98-.409 9.858.154 8.135 1.88L1.868 8.186a7.081 7.081 0 00-1.562 2.606c-.713 2.153-.153 4.289 1.562 6.023l6.266 6.306a7.113 7.113 0 002.589 1.58 5.663 5.663 0 001.808.308c1.503 0 2.946-.64 4.177-1.88l6.266-6.305a7.08 7.08 0 001.562-2.606c.713-2.162.153-4.298-1.562-6.032zm-10.07-4.477c.706.213 1.232.7 1.274.735l1.851 1.862-3.608 3.631-3.608-3.63 1.859-1.872c.5-.496 1.197-1.034 2.233-.726zm-9.219 8.305c.212-.71.696-1.24.73-1.282l1.85-1.863 3.609 3.632-3.608 3.63-1.86-1.87c-.492-.504-1.027-1.214-.721-2.247zm8.252 9.279c-.705-.214-1.231-.701-1.273-.735l-1.851-1.863 3.608-3.631 3.608 3.631-1.86 1.871c-.5.496-1.205 1.034-2.232.726zm9.22-8.305c-.212.709-.696 1.239-.73 1.281l-1.851 1.863-3.608-3.631 3.608-3.632 1.86 1.872c.492.504 1.027 1.204.72 2.247z"
                    fill="currentColor"
                    fill-rule="evenodd"
                  />
                </svg>
              </span>
            </div>
          </div>
          <div
            class="StyledProps--font StyledProps--main"
          >
            <p
              class="StyledProps--font Text--lineclamp StyledProps--main StyledProps--font-weight-semi-bold StyledProps--color StyledProps--color-grey800"
              data-testid="manjutesttemplate"
              style="--text-line-clamp: 1;"
            >
              manju-test-template-qq-12344
            </p>
            <p
              class="StyledProps--font Text--lineclamp StyledProps--main StyledProps--font-small StyledProps--color StyledProps--color-grey400 StyledProps--margin-top-xsmall"
              style="--text-line-clamp: 1;"
            >
              idLabel
            </p>
          </div>
          <div
            class="StyledProps--font StyledProps--main container"
          >
            <div
              class="StyledProps--font StyledProps--main"
            >
              <div
                class="Layout--horizontal Layout--layout-spacing-xsmall StyledProps--main tagsContainer"
              >
                <span
                  class="Tag--main"
                >
                  <span
                    class="bp3-tag tag"
                    style="max-width: 80px;"
                  >
                    <span
                      class="bp3-text-overflow-ellipsis bp3-fill"
                    >
                      QAR
                    </span>
                  </span>
                </span>
                <span
                  class="Tag--main"
                >
                  <span
                    class="bp3-tag tag"
                    style="max-width: 80px;"
                  >
                    <span
                      class="bp3-text-overflow-ellipsis bp3-fill"
                    >
                      Internal 1
                    </span>
                  </span>
                </span>
                <span
                  class="Tag--main"
                >
                  <span
                    class="bp3-tag tag"
                    style="max-width: 80px;"
                  >
                    <span
                      class="bp3-text-overflow-ellipsis bp3-fill"
                    >
                      Canary 1
                    </span>
                  </span>
                </span>
                <span
                  class="Tag--main"
                >
                  <span
                    class="bp3-tag tag"
                    style="max-width: 80px;"
                  >
                    <span
                      class="bp3-text-overflow-ellipsis bp3-fill"
                    >
                      BLUE
                    </span>
                  </span>
                </span>
                <span
                  class="Tag--main"
                >
                  <span
                    class="bp3-tag tag"
                    style="max-width: 80px;"
                  >
                    <span
                      class="bp3-text-overflow-ellipsis bp3-fill"
                    >
                      Tag A
                    </span>
                  </span>
                </span>
              </div>
            </div>
          </div>
          <div
            class="StyledProps--font StyledProps--main StyledProps--background-grey100"
            style="height: 1px;"
          />
          <div
            class="StyledProps--font StyledProps--main"
          >
            <span
              class="Tag--main"
            >
              <span
                class="bp3-tag version"
              >
                <span
                  class="bp3-text-overflow-ellipsis bp3-fill"
                >
                  v4
                </span>
              </span>
            </span>
          </div>
          <div
            class="StyledProps--font StyledProps--main"
          >
            <div
              class="Layout--horizontal Layout--layout-spacing-xsmall StyledProps--main StyledProps--flex StyledProps--flex-alignItems-center StyledProps--flex-justifyContent-flex-start"
            >
              <p
                class="StyledProps--font StyledProps--main StyledProps--font-size-xsmall StyledProps--color StyledProps--color-grey800"
              >
                lastUpdated
              </p>
              <span
                class="bp3-popover-wrapper bp3-dark"
              >
                <span
                  class="bp3-popover-target"
                >
                  <span
                    class="StyledProps--font StyledProps--main StyledProps--inline StyledProps--font-xsmall StyledProps--color StyledProps--color-grey800"
                    tabindex="0"
                  >
                    dummy date
                  </span>
                </span>
              </span>
            </div>
          </div>
          <div
            class="StyledProps--font StyledProps--main StyledProps--flex StyledProps--flex-justifyContent-center StyledProps--padding-top-medium"
          >
            <div
              class="templateColor"
            >
              <div
                class="absolutePos"
              >
                <svg
                  fill="none"
                  height="18"
                  viewBox="0 0 121 18"
                  width="121"
                  xmlns="http://www.w3.org/2000/svg"
                >
                  <path
                    d="M10.6577 4.36758L0.989019 17.5H120.044L111.076 4.58226C109.301 2.02513 106.385 0.5 103.272 0.5H18.3079C15.288 0.5 12.4481 1.93575 10.6577 4.36758Z"
                    fill="#EADEFF"
                    stroke="#E1D0FF"
                  />
                </svg>
              </div>
              <p
                class="StyledProps--font StyledProps--main text absolutePos"
                style="color: rgb(89, 43, 170);"
              >
                STEP
              </p>
            </div>
          </div>
        </div>
      </div>
    </div>
    <button
      class="bp3-button Button--button StyledProps--font StyledProps--main closeIcon Button--with-current-color Button--iconOnly Button--withLeftIcon Button--variation Button--variation-icon"
      type="button"
    >
      <span
        class="bp3-icon bp3-icon-cross StyledProps--main StyledProps--color StyledProps--color-grey500"
        icon="cross"
      >
        <svg
          data-icon="cross"
          height="24"
          viewBox="0 0 20 20"
          width="24"
        >
          <desc>
            cross
          </desc>
          <path
            d="M11.41 10l4.29-4.29c.19-.18.3-.43.3-.71a1.003 1.003 0 00-1.71-.71L10 8.59l-4.29-4.3a1.003 1.003 0 00-1.42 1.42L8.59 10 4.3 14.29c-.19.18-.3.43-.3.71a1.003 1.003 0 001.71.71l4.29-4.3 4.29 4.29c.18.19.43.3.71.3a1.003 1.003 0 00.71-1.71L11.41 10z"
            fill-rule="evenodd"
          />
        </svg>
      </span>
    </button>
  </div>
</div>
`;
