// Jest Snapshot v1, https://goo.gl/fbAQLP

exports[`Environment Groups List View renders basic list and works like an accordion 1`] = `
<div>
  <div
    class="Layout--horizontal StyledProps--main StyledProps--margin-top-large StyledProps--margin-bottom-medium"
  >
    <p
      class="StyledProps--font StyledProps--main StyledProps--font-variation-table-headers"
      role="button"
      style="flex-grow: 1; width: 50%;"
      tabindex="0"
    >
      COMMON.ENVIRONMENTGROUP.LABEL
    </p>
    <p
      class="StyledProps--font StyledProps--main StyledProps--font-variation-table-headers"
      style="width: 10%;"
    >
      TYPELABEL
    </p>
    <p
      class="StyledProps--font StyledProps--main StyledProps--font-variation-table-headers"
      role="button"
      style="width: 40%;"
      tabindex="0"
    >
      LASTUPDATEDBY
    </p>
  </div>
  <div
    class="StyledProps--font StyledProps--main tableContainer showPointer StyledProps--background-white StyledProps--padding-left-medium StyledProps--padding-top-medium StyledProps--padding-right-medium StyledProps--padding-bottom-medium StyledProps--margin-bottom-small"
    data-testid="Env_Group_4"
    style="width: 100%;"
  >
    <div
      class="Layout--horizontal Layout--layout-spacing-xsmall StyledProps--main StyledProps--flex StyledProps--flex-justifyContent-space-between"
    >
      <div
        class="Layout--vertical StyledProps--main"
        style="width: 60%;"
      >
        <div
          class="Layout--horizontal Layout--layout-spacing-small StyledProps--main StyledProps--flex StyledProps--flex-justifyContent-flex-start StyledProps--margin-bottom-small"
        >
          <p
            class="StyledProps--font Text--lineclamp StyledProps--main StyledProps--color StyledProps--color-black"
            style="--text-line-clamp: 1;"
          >
            Env Group 4
          </p>
          <span
            class="bp3-popover-wrapper"
          >
            <span
              class="bp3-popover-target"
            >
              <div
                class="Layout--horizontal Layout--layout-spacing-xsmall StyledProps--main tagsPopover StyledProps--flex StyledProps--flex-align-center-center"
                tabindex="0"
              >
                <span
                  class="bp3-icon StyledProps--main StyledProps--color StyledProps--color-grey600"
                  data-icon="main-tags"
                >
                  <svg
                    height="14"
                    viewBox="0 0 14 14"
                    width="14"
                    xmlns="http://www.w3.org/2000/svg"
                  >
                    <path
                      d="M7 0h-.2c-.2 0-.4.1-.6.3l-6 6c-.3.3-.3.8 0 1.1L2 9.1l4.6 4.6c.3.3.8.3 1.1 0l6-6c.2-.1.3-.3.3-.5v-.7-.3-1.3-2c0-.5-.4-1-1-1h-.9V1c0-.5-.4-1-1-1H7zm0 .6h4.2c.2 0 .4.2.4.4v.9h-1.1c-.3-.3-.5-.4-.8-.4s-.4.1-.6.3h-.5c-.2.1-.4.1-.6.3l-6 6s-.1.1-.1.2L.7 6.9c-.1-.1-.1-.2 0-.3l6-6s.1-.1.2-.1c0 .1.1.1.1.1zm1.9 1.8H13c.2 0 .4.2.4.4v4.3s0 .2-.1.2l-6 6c-.1.1-.2.1-.3 0L2.5 8.8c-.1-.1-.1-.2 0-.3l6-6s.1-.1.2-.1zm2.7.9c-.2 0-.5.1-.6.3-.4.4-.4.9 0 1.3s.9.4 1.3 0 .4-.9 0-1.3c-.3-.2-.5-.3-.7-.3zm0 .7c.1 0 .2 0 .2.1.1.1.1.3 0 .4s-.3.1-.4 0-.1-.3 0-.4c0-.1.1-.1.2-.1z"
                      fill="#4d5969"
                    />
                  </svg>
                </span>
                <p
                  class="StyledProps--font StyledProps--main"
                >
                  1
                </p>
              </div>
            </span>
          </span>
        </div>
        <p
          class="StyledProps--font Text--lineclamp StyledProps--main StyledProps--color StyledProps--color-grey500 StyledProps--font-size-small"
          style="--text-line-clamp: 1;"
        >
          common.ID
          : 
          Env_Group_4
        </p>
      </div>
      <div
        class="Layout--horizontal StyledProps--main StyledProps--flex StyledProps--flex-justifyContent-space-between"
        style="width: 40%;"
      >
        <div
          class="StyledProps--font StyledProps--main"
          style="width: 120px;"
        >
          <div
            class="Layout--vertical Layout--layout-spacing-small StyledProps--main"
          >
            dummy date
          </div>
        </div>
        <span
          class="StyledProps--font StyledProps--main StyledProps--color StyledProps--color-black StyledProps--background-grey100 StyledProps--padding-left-large StyledProps--padding-top-small StyledProps--padding-right-large StyledProps--padding-bottom-small StyledProps--inline"
        >
          5
           environment(s) included
        </span>
        <div
          class="Layout--horizontal StyledProps--main"
          style="justify-content: flex-end;"
        >
          <span
            class="bp3-popover-wrapper bp3-dark"
          >
            <span
              class="bp3-popover-target"
            >
              <button
                class="bp3-button bp3-minimal Button--button StyledProps--font StyledProps--main Button--with-current-color Button--iconOnly Button--without-shadow Button--withLeftIcon"
                style="transform: rotate(90deg);"
                type="button"
              >
                <span
                  class="bp3-icon bp3-icon-more StyledProps--main"
                  icon="more"
                >
                  <svg
                    data-icon="more"
                    height="16"
                    viewBox="0 0 16 16"
                    width="16"
                  >
                    <desc>
                      more
                    </desc>
                    <path
                      d="M2 6.03a2 2 0 100 4 2 2 0 100-4zM14 6.03a2 2 0 100 4 2 2 0 100-4zM8 6.03a2 2 0 100 4 2 2 0 100-4z"
                      fill-rule="evenodd"
                    />
                  </svg>
                </span>
              </button>
            </span>
          </span>
        </div>
      </div>
    </div>
  </div>
  <div
    class="StyledProps--font StyledProps--main tableContainer StyledProps--background-white StyledProps--padding-left-medium StyledProps--padding-top-medium StyledProps--padding-right-medium StyledProps--margin-bottom-small"
    data-testid="Env_Group_2"
    style="width: 100%;"
  >
    <div
      class="Layout--horizontal Layout--layout-spacing-xsmall StyledProps--main StyledProps--flex StyledProps--flex-justifyContent-space-between"
    >
      <div
        class="Layout--vertical StyledProps--main"
        style="width: 60%;"
      >
        <div
          class="Layout--horizontal Layout--layout-spacing-small StyledProps--main StyledProps--flex StyledProps--flex-justifyContent-flex-start StyledProps--margin-bottom-small"
        >
          <p
            class="StyledProps--font Text--lineclamp StyledProps--main StyledProps--color StyledProps--color-black"
            style="--text-line-clamp: 1;"
          >
            Env Group 2
          </p>
          <span
            class="bp3-popover-wrapper"
          >
            <span
              class="bp3-popover-target"
            >
              <div
                class="Layout--horizontal Layout--layout-spacing-xsmall StyledProps--main tagsPopover StyledProps--flex StyledProps--flex-align-center-center"
                tabindex="0"
              >
                <span
                  class="bp3-icon StyledProps--main StyledProps--color StyledProps--color-grey600"
                  data-icon="main-tags"
                >
                  <svg
                    height="14"
                    viewBox="0 0 14 14"
                    width="14"
                    xmlns="http://www.w3.org/2000/svg"
                  >
                    <path
                      d="M7 0h-.2c-.2 0-.4.1-.6.3l-6 6c-.3.3-.3.8 0 1.1L2 9.1l4.6 4.6c.3.3.8.3 1.1 0l6-6c.2-.1.3-.3.3-.5v-.7-.3-1.3-2c0-.5-.4-1-1-1h-.9V1c0-.5-.4-1-1-1H7zm0 .6h4.2c.2 0 .4.2.4.4v.9h-1.1c-.3-.3-.5-.4-.8-.4s-.4.1-.6.3h-.5c-.2.1-.4.1-.6.3l-6 6s-.1.1-.1.2L.7 6.9c-.1-.1-.1-.2 0-.3l6-6s.1-.1.2-.1c0 .1.1.1.1.1zm1.9 1.8H13c.2 0 .4.2.4.4v4.3s0 .2-.1.2l-6 6c-.1.1-.2.1-.3 0L2.5 8.8c-.1-.1-.1-.2 0-.3l6-6s.1-.1.2-.1zm2.7.9c-.2 0-.5.1-.6.3-.4.4-.4.9 0 1.3s.9.4 1.3 0 .4-.9 0-1.3c-.3-.2-.5-.3-.7-.3zm0 .7c.1 0 .2 0 .2.1.1.1.1.3 0 .4s-.3.1-.4 0-.1-.3 0-.4c0-.1.1-.1.2-.1z"
                      fill="#4d5969"
                    />
                  </svg>
                </span>
                <p
                  class="StyledProps--font StyledProps--main"
                >
                  1
                </p>
              </div>
            </span>
          </span>
        </div>
        <p
          class="StyledProps--font Text--lineclamp StyledProps--main StyledProps--color StyledProps--color-grey500 StyledProps--font-size-small"
          style="--text-line-clamp: 1;"
        >
          common.ID
          : 
          Env_Group_2
        </p>
      </div>
      <div
        class="Layout--horizontal StyledProps--main StyledProps--flex StyledProps--flex-justifyContent-space-between"
        style="width: 40%;"
      >
        <div
          class="StyledProps--font StyledProps--main"
          style="width: 120px;"
        >
          <div
            class="Layout--vertical Layout--layout-spacing-small StyledProps--main"
          >
            dummy date
          </div>
        </div>
        <span
          class="StyledProps--font StyledProps--main StyledProps--color StyledProps--color-black StyledProps--background-grey100 StyledProps--padding-left-large StyledProps--padding-top-small StyledProps--padding-right-large StyledProps--padding-bottom-small StyledProps--inline"
        >
          0
           environment(s) included
        </span>
        <div
          class="Layout--horizontal StyledProps--main"
          style="justify-content: flex-end;"
        >
          <span
            class="bp3-popover-wrapper bp3-dark"
          >
            <span
              class="bp3-popover-target"
            >
              <button
                class="bp3-button bp3-minimal Button--button StyledProps--font StyledProps--main Button--with-current-color Button--iconOnly Button--without-shadow Button--withLeftIcon"
                style="transform: rotate(90deg);"
                type="button"
              >
                <span
                  class="bp3-icon bp3-icon-more StyledProps--main"
                  icon="more"
                >
                  <svg
                    data-icon="more"
                    height="16"
                    viewBox="0 0 16 16"
                    width="16"
                  >
                    <desc>
                      more
                    </desc>
                    <path
                      d="M2 6.03a2 2 0 100 4 2 2 0 100-4zM14 6.03a2 2 0 100 4 2 2 0 100-4zM8 6.03a2 2 0 100 4 2 2 0 100-4z"
                      fill-rule="evenodd"
                    />
                  </svg>
                </span>
              </button>
            </span>
          </span>
        </div>
      </div>
    </div>
    <div
      class="Layout--vertical StyledProps--main"
    >
      <p
        class="StyledProps--font StyledProps--main StyledProps--font-variation-body StyledProps--color StyledProps--color-grey500 StyledProps--padding-top-medium"
      >
        cd.noEnvironment.title
      </p>
      <div
        class="Layout--horizontal StyledProps--main StyledProps--flex StyledProps--flex-align-center-center StyledProps--margin-top-medium"
      >
        <button
          class="bp3-button bp3-minimal Button--button StyledProps--font StyledProps--main StyledProps--font StyledProps--font-weight-semi-bold StyledProps--font-variation-body1 StyledProps--font-size-small StyledProps--color StyledProps--color-grey100 Button--with-current-color Button--iconOnly Button--without-shadow Button--withRightIcon"
          type="button"
        >
          <span
            class="bp3-button-text"
          >
            common.showLess
          </span>
          <span
            class="bp3-icon bp3-icon-chevron-up StyledProps--main"
            icon="chevron-up"
          >
            <svg
              data-icon="chevron-up"
              height="16"
              viewBox="0 0 16 16"
              width="16"
            >
              <desc>
                chevron-up
              </desc>
              <path
                d="M12.71 9.29l-4-4C8.53 5.11 8.28 5 8 5s-.53.11-.71.29l-4 4a1.003 1.003 0 001.42 1.42L8 7.41l3.29 3.29c.18.19.43.3.71.3a1.003 1.003 0 00.71-1.71z"
                fill-rule="evenodd"
              />
            </svg>
          </span>
        </button>
      </div>
    </div>
  </div>
  <div
    class="StyledProps--font StyledProps--main tableContainer showPointer StyledProps--background-white StyledProps--padding-left-medium StyledProps--padding-top-medium StyledProps--padding-right-medium StyledProps--padding-bottom-medium StyledProps--margin-bottom-small"
    data-testid="Env_Group_3"
    style="width: 100%;"
  >
    <div
      class="Layout--horizontal Layout--layout-spacing-xsmall StyledProps--main StyledProps--flex StyledProps--flex-justifyContent-space-between"
    >
      <div
        class="Layout--vertical StyledProps--main"
        style="width: 60%;"
      >
        <div
          class="Layout--horizontal Layout--layout-spacing-small StyledProps--main StyledProps--flex StyledProps--flex-justifyContent-flex-start StyledProps--margin-bottom-small"
        >
          <p
            class="StyledProps--font Text--lineclamp StyledProps--main StyledProps--color StyledProps--color-black"
            style="--text-line-clamp: 1;"
          >
            Env Group 3
          </p>
        </div>
        <p
          class="StyledProps--font Text--lineclamp StyledProps--main StyledProps--color StyledProps--color-grey500 StyledProps--font-size-small"
          style="--text-line-clamp: 1;"
        >
          common.ID
          : 
          Env_Group_3
        </p>
      </div>
      <div
        class="Layout--horizontal StyledProps--main StyledProps--flex StyledProps--flex-justifyContent-space-between"
        style="width: 40%;"
      >
        <div
          class="StyledProps--font StyledProps--main"
          style="width: 120px;"
        >
          <div
            class="Layout--vertical Layout--layout-spacing-small StyledProps--main"
          >
            dummy date
          </div>
        </div>
        <span
          class="StyledProps--font StyledProps--main StyledProps--color StyledProps--color-black StyledProps--background-grey100 StyledProps--padding-left-large StyledProps--padding-top-small StyledProps--padding-right-large StyledProps--padding-bottom-small StyledProps--inline"
        >
          2
           environment(s) included
        </span>
        <div
          class="Layout--horizontal StyledProps--main"
          style="justify-content: flex-end;"
        >
          <span
            class="bp3-popover-wrapper bp3-dark"
          >
            <span
              class="bp3-popover-target"
            >
              <button
                class="bp3-button bp3-minimal Button--button StyledProps--font StyledProps--main Button--with-current-color Button--iconOnly Button--without-shadow Button--withLeftIcon"
                style="transform: rotate(90deg);"
                type="button"
              >
                <span
                  class="bp3-icon bp3-icon-more StyledProps--main"
                  icon="more"
                >
                  <svg
                    data-icon="more"
                    height="16"
                    viewBox="0 0 16 16"
                    width="16"
                  >
                    <desc>
                      more
                    </desc>
                    <path
                      d="M2 6.03a2 2 0 100 4 2 2 0 100-4zM14 6.03a2 2 0 100 4 2 2 0 100-4zM8 6.03a2 2 0 100 4 2 2 0 100-4z"
                      fill-rule="evenodd"
                    />
                  </svg>
                </span>
              </button>
            </span>
          </span>
        </div>
      </div>
    </div>
  </div>
  <div
    class="StyledProps--font StyledProps--main tableContainer showPointer StyledProps--background-white StyledProps--padding-left-medium StyledProps--padding-top-medium StyledProps--padding-right-medium StyledProps--padding-bottom-medium StyledProps--margin-bottom-small"
    data-testid="Env_Group_1"
    style="width: 100%;"
  >
    <div
      class="Layout--horizontal Layout--layout-spacing-xsmall StyledProps--main StyledProps--flex StyledProps--flex-justifyContent-space-between"
    >
      <div
        class="Layout--vertical StyledProps--main"
        style="width: 60%;"
      >
        <div
          class="Layout--horizontal Layout--layout-spacing-small StyledProps--main StyledProps--flex StyledProps--flex-justifyContent-flex-start StyledProps--margin-bottom-small"
        >
          <p
            class="StyledProps--font Text--lineclamp StyledProps--main StyledProps--color StyledProps--color-black"
            style="--text-line-clamp: 1;"
          >
            Env Group 1
          </p>
        </div>
        <p
          class="StyledProps--font Text--lineclamp StyledProps--main StyledProps--color StyledProps--color-grey500 StyledProps--font-size-small"
          style="--text-line-clamp: 1;"
        >
          common.ID
          : 
          Env_Group_1
        </p>
      </div>
      <div
        class="Layout--horizontal StyledProps--main StyledProps--flex StyledProps--flex-justifyContent-space-between"
        style="width: 40%;"
      >
        <div
          class="StyledProps--font StyledProps--main"
          style="width: 120px;"
        >
          <div
            class="Layout--vertical Layout--layout-spacing-small StyledProps--main"
          >
            dummy date
          </div>
        </div>
        <span
          class="StyledProps--font StyledProps--main StyledProps--color StyledProps--color-black StyledProps--background-grey100 StyledProps--padding-left-large StyledProps--padding-top-small StyledProps--padding-right-large StyledProps--padding-bottom-small StyledProps--inline"
        >
          2
           environment(s) included
        </span>
        <div
          class="Layout--horizontal StyledProps--main"
          style="justify-content: flex-end;"
        >
          <span
            class="bp3-popover-wrapper bp3-dark"
          >
            <span
              class="bp3-popover-target"
            >
              <button
                class="bp3-button bp3-minimal Button--button StyledProps--font StyledProps--main Button--with-current-color Button--iconOnly Button--without-shadow Button--withLeftIcon"
                style="transform: rotate(90deg);"
                type="button"
              >
                <span
                  class="bp3-icon bp3-icon-more StyledProps--main"
                  icon="more"
                >
                  <svg
                    data-icon="more"
                    height="16"
                    viewBox="0 0 16 16"
                    width="16"
                  >
                    <desc>
                      more
                    </desc>
                    <path
                      d="M2 6.03a2 2 0 100 4 2 2 0 100-4zM14 6.03a2 2 0 100 4 2 2 0 100-4zM8 6.03a2 2 0 100 4 2 2 0 100-4z"
                      fill-rule="evenodd"
                    />
                  </svg>
                </span>
              </button>
            </span>
          </span>
        </div>
      </div>
    </div>
  </div>
</div>
`;
