// Jest Snapshot v1, https://goo.gl/fbAQLP

exports[`Nexus Artifact tests form renders correctly in Edit Case 1`] = `
<div>
  <div
    class="Layout--vertical Layout--layout-spacing-medium StyledProps--main firstep"
  >
    <p
      class="StyledProps--font StyledProps--main StyledProps--font-variation-h3 StyledProps--margin-bottom-medium"
    >
      pipeline.artifactsSelection.artifactDetails
    </p>
    <div
      class="OverlaySpinner--overlaySpinner"
    >
      <form
        action="#"
      >
        <div
          class="connectorForm"
        >
          <div
            class="dockerSideCard"
          >
            <div
              class="bp3-form-group"
            >
              <label
                class="bp3-label"
                for="identifier"
              >
                <span
                  class="Tooltip--acenter"
                  data-tooltip-id="imagePath_identifier"
                >
                  pipeline.artifactsSelection.existingDocker.sidecarId
                </span>
                 
                <span
                  class="bp3-text-muted"
                />
              </label>
              <div
                class="bp3-form-content"
              >
                <div
                  class="bp3-input-group"
                >
                  <input
                    autocomplete="off"
                    class="bp3-input"
                    name="identifier"
                    placeholder="pipeline.artifactsSelection.existingDocker.sidecarIdPlaceholder"
                    type="text"
                    value=""
                  />
                </div>
              </div>
            </div>
          </div>
          <div
            class="imagePathContainer"
          >
            <div
              class="bp3-form-group"
            >
              <label
                class="bp3-label"
                for="version"
              >
                <span
                  class="Tooltip--acenter"
                  data-tooltip-id="imagePath_version"
                >
                  version
                </span>
                 
                <span
                  class="bp3-text-muted"
                />
              </label>
              <div
                class="bp3-form-content"
              >
                <div
                  class="Layout--horizontal StyledProps--main MultiTypeInput--main MultiTypeInput--disabled"
                >
                  <div
                    class="TextInput--main MultiTypeInput--input"
                  >
                    <div
                      class="bp3-input-group bp3-disabled"
                    >
                      <input
                        class="bp3-input"
                        disabled=""
                        name="version"
                        placeholder="<+input>"
                        type="text"
                        value="<+input>"
                      />
                    </div>
                  </div>
                  <span
                    class="bp3-popover-wrapper MultiTypeInput--wrapper"
                  >
                    <span
                      class="bp3-popover-target"
                    >
                      <button
                        class="MultiTypeInput--btn MultiTypeInput--RUNTIME"
                      >
                        <span
                          class="bp3-icon StyledProps--main"
                          data-icon="runtime-input"
                        >
                          <svg
                            height="12"
                            viewBox="0 0 10 7.97"
                            width="12"
                            xmlns="http://www.w3.org/2000/svg"
                          >
                            <path
                              d="M8.14 4L8 3.72a2.53 2.53 0 01-.12-.3l-.16-.35c-.11-.25-.22-.38-.32-.38s-.28.15-.37.44C7 3.1 7 3.07 7 3a.73.73 0 01.24-.46.66.66 0 01.42-.26c.25 0 .5.35.76 1.05l.07.17.07-.12c.47-.73.86-1.1 1.18-1.1a.71.71 0 01.29.07l-.4.42h-.11c-.24 0-.52.28-.86.83l-.09.16.07.2c.29.79.53 1.18.71 1.18s.31-.12.4-.36q.09.06.09.12t-.27.39a.74.74 0 01-.45.23c-.25 0-.51-.36-.77-1.07l-.12-.25-.1.17c-.44.76-.87 1.14-1.28 1.14a.65.65 0 01-.39-.12L6.84 5a.32.32 0 00.23.1c.25 0 .53-.25.83-.74l.17-.28zm-4-.32L1.7.59h2.47S5 .52 5.35 1a3.28 3.28 0 01.42 1.14h.31L5.94 0H0v.31l3.06 3.74L0 7.62V8h6.08l.38-2.36-.31-.07a2.43 2.43 0 01-.52 1c-.42.48-2 .41-2 .41H1.39z"
                              fill="current-color"
                            />
                          </svg>
                        </span>
                      </button>
                    </span>
                  </span>
                </div>
              </div>
            </div>
            <div
              class="configureOptions"
            >
              <span
                class="bp3-popover-wrapper bp3-dark"
              >
                <span
                  class="bp3-popover-target"
                >
                  <button
                    class="bp3-button bp3-minimal Button--button StyledProps--font StyledProps--main Button--with-current-color Button--iconOnly Button--without-shadow Button--withRightIcon"
                    id="configureOptions_version"
                    style="align-self: center;"
                    tabindex="0"
                    type="button"
                  >
                    <span
                      class="bp3-icon bp3-icon-cog StyledProps--main"
                      icon="cog"
                    >
                      <svg
                        data-icon="cog"
                        height="16"
                        viewBox="0 0 16 16"
                        width="16"
                      >
                        <desc>
                          cog
                        </desc>
                        <path
                          d="M15.19 6.39h-1.85c-.11-.37-.27-.71-.45-1.04l1.36-1.36c.31-.31.31-.82 0-1.13l-1.13-1.13a.803.803 0 00-1.13 0l-1.36 1.36c-.33-.17-.67-.33-1.04-.44V.79c0-.44-.36-.8-.8-.8h-1.6c-.44 0-.8.36-.8.8v1.86c-.39.12-.75.28-1.1.47l-1.3-1.3c-.3-.3-.79-.3-1.09 0L1.82 2.91c-.3.3-.3.79 0 1.09l1.3 1.3c-.2.34-.36.7-.48 1.09H.79c-.44 0-.8.36-.8.8v1.6c0 .44.36.8.8.8h1.85c.11.37.27.71.45 1.04l-1.36 1.36c-.31.31-.31.82 0 1.13l1.13 1.13c.31.31.82.31 1.13 0l1.36-1.36c.33.18.67.33 1.04.44v1.86c0 .44.36.8.8.8h1.6c.44 0 .8-.36.8-.8v-1.86c.39-.12.75-.28 1.1-.47l1.3 1.3c.3.3.79.3 1.09 0l1.09-1.09c.3-.3.3-.79 0-1.09l-1.3-1.3c.19-.35.36-.71.48-1.1h1.85c.44 0 .8-.36.8-.8v-1.6a.816.816 0 00-.81-.79zm-7.2 4.6c-1.66 0-3-1.34-3-3s1.34-3 3-3 3 1.34 3 3-1.34 3-3 3z"
                          fill-rule="evenodd"
                        />
                      </svg>
                    </span>
                  </button>
                </span>
              </span>
            </div>
          </div>
        </div>
        <div
          class="Layout--horizontal Layout--layout-spacing-medium StyledProps--main"
        >
          <button
            class="bp3-button Button--button StyledProps--font StyledProps--main Button--with-current-color Button--withLeftIcon Button--variation Button--variation-secondary"
            type="button"
          >
            <span
              class="bp3-icon bp3-icon-chevron-left StyledProps--main StyledProps--padding-right-xsmall"
              icon="chevron-left"
            >
              <svg
                data-icon="chevron-left"
                height="16"
                viewBox="0 0 16 16"
                width="16"
              >
                <desc>
                  chevron-left
                </desc>
                <path
                  d="M7.41 8l3.29-3.29c.19-.18.3-.43.3-.71a1.003 1.003 0 00-1.71-.71l-4 4C5.11 7.47 5 7.72 5 8c0 .28.11.53.29.71l4 4a1.003 1.003 0 001.42-1.42L7.41 8z"
                  fill-rule="evenodd"
                />
              </svg>
            </span>
            <span
              class="bp3-button-text"
            >
              back
            </span>
          </button>
          <button
            class="bp3-button Button--button StyledProps--font StyledProps--main Button--with-current-color Button--withRightIcon Button--variation Button--variation-primary"
            type="submit"
          >
            <span
              class="bp3-button-text"
            >
              submit
            </span>
            <span
              class="bp3-icon bp3-icon-chevron-right StyledProps--main"
              icon="chevron-right"
            >
              <svg
                data-icon="chevron-right"
                height="16"
                viewBox="0 0 16 16"
                width="16"
              >
                <desc>
                  chevron-right
                </desc>
                <path
                  d="M10.71 7.29l-4-4a1.003 1.003 0 00-1.42 1.42L8.59 8 5.3 11.29c-.19.18-.3.43-.3.71a1.003 1.003 0 001.71.71l4-4c.18-.18.29-.43.29-.71 0-.28-.11-.53-.29-.71z"
                  fill-rule="evenodd"
                />
              </svg>
            </span>
          </button>
        </div>
      </form>
    </div>
  </div>
</div>
`;

exports[`Nexus Artifact tests renders without crashing 1`] = `
<div>
  <div
    class="Layout--vertical Layout--layout-spacing-medium StyledProps--main firstep"
  >
    <p
      class="StyledProps--font StyledProps--main StyledProps--font-variation-h3 StyledProps--margin-bottom-medium"
    >
      pipeline.artifactsSelection.artifactDetails
    </p>
    <div
      class="OverlaySpinner--overlaySpinner"
    >
      <form
        action="#"
      >
        <div
          class="connectorForm"
        >
          <div
            class="dockerSideCard"
          >
            <div
              class="bp3-form-group"
            >
              <label
                class="bp3-label"
                for="identifier"
              >
                <span
                  class="Tooltip--acenter"
                  data-tooltip-id="imagePath_identifier"
                >
                  pipeline.artifactsSelection.existingDocker.sidecarId
                </span>
                 
                <span
                  class="bp3-text-muted"
                />
              </label>
              <div
                class="bp3-form-content"
              >
                <div
                  class="bp3-input-group"
                >
                  <input
                    autocomplete="off"
                    class="bp3-input"
                    name="identifier"
                    placeholder="pipeline.artifactsSelection.existingDocker.sidecarIdPlaceholder"
                    type="text"
                    value=""
                  />
                </div>
              </div>
            </div>
          </div>
          <div
            class="imagePathContainer"
          >
            <div
              class="bp3-form-group"
            >
              <label
                class="bp3-label"
                for="version"
              >
                <span
                  class="Tooltip--acenter"
                  data-tooltip-id="imagePath_version"
                >
                  version
                </span>
                 
                <span
                  class="bp3-text-muted"
                />
              </label>
              <div
                class="bp3-form-content"
              >
                <div
                  class="Layout--horizontal StyledProps--main MultiTypeInput--main MultiTypeInput--disabled"
                >
                  <div
                    class="TextInput--main MultiTypeInput--input"
                  >
                    <div
                      class="bp3-input-group bp3-disabled"
                    >
                      <input
                        class="bp3-input"
                        disabled=""
                        name="version"
                        placeholder="<+input>"
                        type="text"
                        value="<+input>"
                      />
                    </div>
                  </div>
                  <span
                    class="bp3-popover-wrapper MultiTypeInput--wrapper"
                  >
                    <span
                      class="bp3-popover-target"
                    >
                      <button
                        class="MultiTypeInput--btn MultiTypeInput--RUNTIME"
                      >
                        <span
                          class="bp3-icon StyledProps--main"
                          data-icon="runtime-input"
                        >
                          <svg
                            height="12"
                            viewBox="0 0 10 7.97"
                            width="12"
                            xmlns="http://www.w3.org/2000/svg"
                          >
                            <path
                              d="M8.14 4L8 3.72a2.53 2.53 0 01-.12-.3l-.16-.35c-.11-.25-.22-.38-.32-.38s-.28.15-.37.44C7 3.1 7 3.07 7 3a.73.73 0 01.24-.46.66.66 0 01.42-.26c.25 0 .5.35.76 1.05l.07.17.07-.12c.47-.73.86-1.1 1.18-1.1a.71.71 0 01.29.07l-.4.42h-.11c-.24 0-.52.28-.86.83l-.09.16.07.2c.29.79.53 1.18.71 1.18s.31-.12.4-.36q.09.06.09.12t-.27.39a.74.74 0 01-.45.23c-.25 0-.51-.36-.77-1.07l-.12-.25-.1.17c-.44.76-.87 1.14-1.28 1.14a.65.65 0 01-.39-.12L6.84 5a.32.32 0 00.23.1c.25 0 .53-.25.83-.74l.17-.28zm-4-.32L1.7.59h2.47S5 .52 5.35 1a3.28 3.28 0 01.42 1.14h.31L5.94 0H0v.31l3.06 3.74L0 7.62V8h6.08l.38-2.36-.31-.07a2.43 2.43 0 01-.52 1c-.42.48-2 .41-2 .41H1.39z"
                              fill="current-color"
                            />
                          </svg>
                        </span>
                      </button>
                    </span>
                  </span>
                </div>
              </div>
            </div>
            <div
              class="configureOptions"
            >
              <span
                class="bp3-popover-wrapper bp3-dark"
              >
                <span
                  class="bp3-popover-target"
                >
                  <button
                    class="bp3-button bp3-minimal Button--button StyledProps--font StyledProps--main Button--with-current-color Button--iconOnly Button--without-shadow Button--withRightIcon"
                    id="configureOptions_version"
                    style="align-self: center;"
                    tabindex="0"
                    type="button"
                  >
                    <span
                      class="bp3-icon bp3-icon-cog StyledProps--main"
                      icon="cog"
                    >
                      <svg
                        data-icon="cog"
                        height="16"
                        viewBox="0 0 16 16"
                        width="16"
                      >
                        <desc>
                          cog
                        </desc>
                        <path
                          d="M15.19 6.39h-1.85c-.11-.37-.27-.71-.45-1.04l1.36-1.36c.31-.31.31-.82 0-1.13l-1.13-1.13a.803.803 0 00-1.13 0l-1.36 1.36c-.33-.17-.67-.33-1.04-.44V.79c0-.44-.36-.8-.8-.8h-1.6c-.44 0-.8.36-.8.8v1.86c-.39.12-.75.28-1.1.47l-1.3-1.3c-.3-.3-.79-.3-1.09 0L1.82 2.91c-.3.3-.3.79 0 1.09l1.3 1.3c-.2.34-.36.7-.48 1.09H.79c-.44 0-.8.36-.8.8v1.6c0 .44.36.8.8.8h1.85c.11.37.27.71.45 1.04l-1.36 1.36c-.31.31-.31.82 0 1.13l1.13 1.13c.31.31.82.31 1.13 0l1.36-1.36c.33.18.67.33 1.04.44v1.86c0 .44.36.8.8.8h1.6c.44 0 .8-.36.8-.8v-1.86c.39-.12.75-.28 1.1-.47l1.3 1.3c.3.3.79.3 1.09 0l1.09-1.09c.3-.3.3-.79 0-1.09l-1.3-1.3c.19-.35.36-.71.48-1.1h1.85c.44 0 .8-.36.8-.8v-1.6a.816.816 0 00-.81-.79zm-7.2 4.6c-1.66 0-3-1.34-3-3s1.34-3 3-3 3 1.34 3 3-1.34 3-3 3z"
                          fill-rule="evenodd"
                        />
                      </svg>
                    </span>
                  </button>
                </span>
              </span>
            </div>
          </div>
        </div>
        <div
          class="Layout--horizontal Layout--layout-spacing-medium StyledProps--main"
        >
          <button
            class="bp3-button Button--button StyledProps--font StyledProps--main Button--with-current-color Button--withLeftIcon Button--variation Button--variation-secondary"
            type="button"
          >
            <span
              class="bp3-icon bp3-icon-chevron-left StyledProps--main StyledProps--padding-right-xsmall"
              icon="chevron-left"
            >
              <svg
                data-icon="chevron-left"
                height="16"
                viewBox="0 0 16 16"
                width="16"
              >
                <desc>
                  chevron-left
                </desc>
                <path
                  d="M7.41 8l3.29-3.29c.19-.18.3-.43.3-.71a1.003 1.003 0 00-1.71-.71l-4 4C5.11 7.47 5 7.72 5 8c0 .28.11.53.29.71l4 4a1.003 1.003 0 001.42-1.42L7.41 8z"
                  fill-rule="evenodd"
                />
              </svg>
            </span>
            <span
              class="bp3-button-text"
            >
              back
            </span>
          </button>
          <button
            class="bp3-button Button--button StyledProps--font StyledProps--main Button--with-current-color Button--withRightIcon Button--variation Button--variation-primary"
            type="submit"
          >
            <span
              class="bp3-button-text"
            >
              submit
            </span>
            <span
              class="bp3-icon bp3-icon-chevron-right StyledProps--main"
              icon="chevron-right"
            >
              <svg
                data-icon="chevron-right"
                height="16"
                viewBox="0 0 16 16"
                width="16"
              >
                <desc>
                  chevron-right
                </desc>
                <path
                  d="M10.71 7.29l-4-4a1.003 1.003 0 00-1.42 1.42L8.59 8 5.3 11.29c-.19.18-.3.43-.3.71a1.003 1.003 0 001.71.71l4-4c.18-.18.29-.43.29-.71 0-.28-.11-.53-.29-.71z"
                  fill-rule="evenodd"
                />
              </svg>
            </span>
          </button>
        </div>
      </form>
    </div>
  </div>
</div>
`;
