// Jest Snapshot v1, https://goo.gl/fbAQLP

exports[`ArtifactConditionsPanel Triggers tests Initial Render 1`] = `
<div>
  <div
    class="OverlaySpinner--overlaySpinner"
  >
    <form
      action="#"
      class="FormikForm--main"
    >
      <div>
        <div
          class="Layout--vertical Layout--layout-spacing-large StyledProps--main webhookConditionsContainer StyledProps--padding-xxlarge"
        >
          <span
            class="StyledProps--font StyledProps--main StyledProps--font-weight-bold StyledProps--inline StyledProps--color StyledProps--color-grey800"
            style="font-size: 16px;"
          >
            conditions
            <p
              class="StyledProps--font StyledProps--main StyledProps--color StyledProps--color-grey500"
              style="display: inline-block;"
            >
              titleOptional
            </p>
          </span>
          <p
            class="StyledProps--font StyledProps--main StyledProps--color StyledProps--color-black"
            data-tooltip-id="artifactManifestConditionSubtitle"
          >
            triggers.conditionsPanel.subtitle
          </p>
          <div
            class="Layout--vertical StyledProps--main formContent"
          >
            <div
              class="conditionsRow predefinedRows"
            >
              <p
                class="StyledProps--font StyledProps--main StyledProps--color StyledProps--color-grey800"
                data-tooltip-id="build"
              >
                triggers.conditionsPanel.artifactBuild
              </p>
              <div
                class="bp3-form-group operatorContainer"
                data-id="buildOperator-0"
                style="align-self: center;"
              >
                
                <div
                  class="bp3-form-content"
                >
                  <div
                    class="bp3-popover-wrapper Select--main bp3-fill"
                  >
                    <div
                      class="bp3-popover-target"
                    >
                      <div
                        class="bp3-input-group"
                      >
                        <input
                          autocomplete="off"
                          class="bp3-input"
                          name="buildOperator"
                          placeholder="- pipeline.operatorPlaceholder -"
                          style="padding-right: 0px;"
                          type="text"
                          value=""
                        />
                        <span
                          class="bp3-input-action"
                        >
                          <span
                            class="bp3-icon bp3-icon-chevron-down StyledProps--main StyledProps--padding-small"
                            icon="chevron-down"
                          >
                            <svg
                              data-icon="chevron-down"
                              height="14"
                              viewBox="0 0 16 16"
                              width="14"
                            >
                              <desc>
                                chevron-down
                              </desc>
                              <path
                                d="M12 5c-.28 0-.53.11-.71.29L8 8.59l-3.29-3.3a1.003 1.003 0 00-1.42 1.42l4 4c.18.18.43.29.71.29s.53-.11.71-.29l4-4A1.003 1.003 0 0012 5z"
                                fill-rule="evenodd"
                              />
                            </svg>
                          </span>
                        </span>
                      </div>
                    </div>
                  </div>
                </div>
              </div>
              <div
                class="bp3-form-group textContainer"
                data-id="buildValue-1"
                style="align-self: center;"
              >
                
                <div
                  class="bp3-form-content"
                >
                  <div
                    class="bp3-input-group"
                  >
                    <input
                      autocomplete="off"
                      class="bp3-input"
                      name="buildValue"
                      placeholder="triggers.conditionsPanel.matchesValuePlaceholder"
                      type="text"
                      value=""
                    />
                  </div>
                </div>
              </div>
            </div>
          </div>
        </div>
        <button
          class="bp3-button Button--button StyledProps--font StyledProps--main submitButton Button--with-current-color"
          type="submit"
        >
          <span
            class="bp3-button-text"
          >
            Submit
          </span>
        </button>
      </div>
    </form>
  </div>
</div>
`;
