// Jest Snapshot v1, https://goo.gl/fbAQLP

exports[`TriggerOverviewPanel Triggers tests Renders/snapshots Initial Render - Trigger Overview Panel 1`] = `
<div>
  <div
    class="OverlaySpinner--overlaySpinner"
  >
    <form
      action="#"
      class="FormikForm--main"
    >
      <div>
        <div
          class="Layout--vertical Layout--layout-spacing-large StyledProps--main triggerOverviewPanelContainer StyledProps--padding-xxlarge"
        >
          <span
            class="StyledProps--font StyledProps--main formContentTitle StyledProps--inline"
          >
            triggers.triggerOverviewPanel.title
          </span>
          <div
            class="Layout--vertical StyledProps--main formContent"
          >
            <div
              class="StyledProps--font StyledProps--main main nameIdDescriptionTags"
            >
              <div
                class="InputWithIdentifier--txtNameContainer TextInput--main"
              >
                <div
                  class="Layout--horizontal Layout--layout-spacing-xsmall StyledProps--main InputWithIdentifier--txtIdContainer"
                >
                  <div
                    class="Text--withDocsTooltip"
                    data-tooltip-id="wrapperComponentForm_identifier"
                  >
                    <p
                      class="StyledProps--font StyledProps--main"
                    >
                      Id
                    </p>
                  </div>
                  <p
                    class="StyledProps--font StyledProps--main"
                  >
                    :
                  </p>
                  <span
                    class="bp3-popover-wrapper"
                  >
                    <span
                      class="bp3-popover-target"
                    >
                      <div
                        class="bp3-editable-text bp3-editable-text-placeholder InputWithIdentifier--idValue"
                        tabindex="0"
                      >
                        <span
                          class="bp3-editable-text-content"
                          style="height: 1px; line-height: 1px; min-width: 0;"
                        />
                      </div>
                    </span>
                  </span>
                  <span
                    class="bp3-icon StyledProps--main"
                    data-icon="Edit"
                    style="vertical-align: middle; cursor: pointer;"
                  >
                    <svg
                      height="12"
                      viewBox="0 0 16 16"
                      width="12"
                      xmlns="http://www.w3.org/2000/svg"
                    >
                      <path
                        clip-rule="evenodd"
                        d="M11.207.485a.5.5 0 01.354-.146 3.5 3.5 0 013.5 3.5.5.5 0 01-.146.353l-11 11a.5.5 0 01-.354.147h-3a.5.5 0 01-.5-.5v-3a.5.5 0 01.146-.354l11-11zm.553.862L1.061 12.046v2.293h2.293l10.7-10.7a2.5 2.5 0 00-2.294-2.292z"
                        fill="currentColor"
                        fill-rule="evenodd"
                      />
                      <path
                        clip-rule="evenodd"
                        d="M11.89 2.646a.5.5 0 010 .708L8.353 6.889a.5.5 0 01-.708-.707l3.536-3.536a.5.5 0 01.707 0z"
                        fill="currentColor"
                        fill-rule="evenodd"
                        opacity="0.3"
                      />
                    </svg>
                  </span>
                </div>
                <div
                  class="bp3-form-group"
                  data-id="name-0"
                >
                  <label
                    class="bp3-label"
                    for="name"
                  >
                    <span
                      class="Tooltip--acenter"
                      data-tooltip-id="wrapperComponentForm_name"
                    >
                      name
                    </span>
                     
                    <span
                      class="bp3-text-muted"
                    />
                  </label>
                  <div
                    class="bp3-form-content"
                  >
                    <div
                      class="bp3-input-group"
                    >
                      <input
                        autocomplete="off"
                        class="bp3-input"
                        name="name"
                        placeholder="common.namePlaceholder"
                        type="text"
                        value=""
                      />
                    </div>
                  </div>
                </div>
              </div>
              <div
                class="StyledProps--font StyledProps--main"
              >
                <label
                  class="Label--main bp3-label descriptionLabel"
                  data-tooltip-id="triggerOverview_description"
                >
                  optionalField
                  <span
                    class="bp3-icon StyledProps--main editOpen"
                    data-icon="Edit"
                    data-name="edit"
                    data-testid="description-edit"
                  >
                    <svg
                      height="12"
                      viewBox="0 0 16 16"
                      width="12"
                      xmlns="http://www.w3.org/2000/svg"
                    >
                      <path
                        clip-rule="evenodd"
                        d="M11.207.485a.5.5 0 01.354-.146 3.5 3.5 0 013.5 3.5.5.5 0 01-.146.353l-11 11a.5.5 0 01-.354.147h-3a.5.5 0 01-.5-.5v-3a.5.5 0 01.146-.354l11-11zm.553.862L1.061 12.046v2.293h2.293l10.7-10.7a2.5 2.5 0 00-2.294-2.292z"
                        fill="currentColor"
                        fill-rule="evenodd"
                      />
                      <path
                        clip-rule="evenodd"
                        d="M11.89 2.646a.5.5 0 010 .708L8.353 6.889a.5.5 0 01-.708-.707l3.536-3.536a.5.5 0 01.707 0z"
                        fill="currentColor"
                        fill-rule="evenodd"
                        opacity="0.3"
                      />
                    </svg>
                  </span>
                </label>
              </div>
              <div
                class="StyledProps--font StyledProps--main"
              >
                <label
                  class="Label--main bp3-label descriptionLabel"
                  data-tooltip-id="triggerOverview_tags"
                >
                  optionalField
                  <span
                    class="bp3-icon StyledProps--main editOpen"
                    data-icon="Edit"
                    data-name="edit"
                    data-testid="tags-edit"
                  >
                    <svg
                      height="12"
                      viewBox="0 0 16 16"
                      width="12"
                      xmlns="http://www.w3.org/2000/svg"
                    >
                      <path
                        clip-rule="evenodd"
                        d="M11.207.485a.5.5 0 01.354-.146 3.5 3.5 0 013.5 3.5.5.5 0 01-.146.353l-11 11a.5.5 0 01-.354.147h-3a.5.5 0 01-.5-.5v-3a.5.5 0 01.146-.354l11-11zm.553.862L1.061 12.046v2.293h2.293l10.7-10.7a2.5 2.5 0 00-2.294-2.292z"
                        fill="currentColor"
                        fill-rule="evenodd"
                      />
                      <path
                        clip-rule="evenodd"
                        d="M11.89 2.646a.5.5 0 010 .708L8.353 6.889a.5.5 0 01-.708-.707l3.536-3.536a.5.5 0 01.707 0z"
                        fill="currentColor"
                        fill-rule="evenodd"
                        opacity="0.3"
                      />
                    </svg>
                  </span>
                </label>
              </div>
            </div>
          </div>
        </div>
        <button
          class="bp3-button Button--button StyledProps--font StyledProps--main submitButton Button--with-current-color"
          type="submit"
        >
          <span
            class="bp3-button-text"
          >
            Submit
          </span>
        </button>
      </div>
    </form>
  </div>
</div>
`;
