// Jest Snapshot v1, https://goo.gl/fbAQLP

exports[`WebhookTriggerConfigPanel Triggers tests Renders/snapshots Initial Render - Custom Trigger Configuration Panel 1`] = `
<div>
  <div
    class="OverlaySpinner--overlaySpinner"
  >
    <form
      action="#"
      class="FormikForm--main"
    >
      <div>
        <div
          class="Layout--vertical StyledProps--main webhookConfigurationContainer StyledProps--padding-xxlarge"
        >
          <span
            class="StyledProps--font StyledProps--main formContentTitle StyledProps--inline"
            data-tooltip-id="triggerConfigurationLabel"
          >
            triggers.triggerConfigurationLabel
            : triggers.onNewWebhookTitle
          </span>
          <div
            class="formContent"
          >
            <div
              class="StyledProps--font StyledProps--main main nameIdDescriptionTags bottomMarginZero"
            >
              <div
                class="InputWithIdentifier--txtNameContainer TextInput--main"
              >
                <div
                  class="Layout--horizontal Layout--layout-spacing-xsmall StyledProps--main InputWithIdentifier--txtIdContainer"
                >
                  <div
                    class="Text--withDocsTooltip"
                    data-tooltip-id="wrapperComponentTestForm_identifier"
                  >
                    <p
                      class="StyledProps--font StyledProps--main"
                    >
                      Id
                    </p>
                  </div>
                  <p
                    class="StyledProps--font StyledProps--main"
                  >
                    :
                  </p>
                  <span
                    class="bp3-popover-wrapper"
                  >
                    <span
                      class="bp3-popover-target"
                    >
                      <div
                        class="bp3-editable-text bp3-editable-text-placeholder InputWithIdentifier--idValue"
                        tabindex="0"
                      >
                        <span
                          class="bp3-editable-text-content"
                          style="height: 1px; line-height: 1px; min-width: 0;"
                        />
                      </div>
                    </span>
                  </span>
                  <span
                    class="bp3-icon StyledProps--main"
                    data-icon="Edit"
                    style="vertical-align: middle; cursor: pointer;"
                  >
                    <svg
                      height="12"
                      viewBox="0 0 16 16"
                      width="12"
                      xmlns="http://www.w3.org/2000/svg"
                    >
                      <path
                        clip-rule="evenodd"
                        d="M11.207.485a.5.5 0 01.354-.146 3.5 3.5 0 013.5 3.5.5.5 0 01-.146.353l-11 11a.5.5 0 01-.354.147h-3a.5.5 0 01-.5-.5v-3a.5.5 0 01.146-.354l11-11zm.553.862L1.061 12.046v2.293h2.293l10.7-10.7a2.5 2.5 0 00-2.294-2.292z"
                        fill="currentColor"
                        fill-rule="evenodd"
                      />
                      <path
                        clip-rule="evenodd"
                        d="M11.89 2.646a.5.5 0 010 .708L8.353 6.889a.5.5 0 01-.708-.707l3.536-3.536a.5.5 0 01.707 0z"
                        fill="currentColor"
                        fill-rule="evenodd"
                        opacity="0.3"
                      />
                    </svg>
                  </span>
                </div>
                <div
                  class="bp3-form-group"
                  data-id="name-0"
                >
                  <label
                    class="bp3-label"
                    for="name"
                  >
                    <span
                      class="Tooltip--acenter"
                      data-tooltip-id="wrapperComponentTestForm_name"
                    >
                      name
                    </span>
                     
                    <span
                      class="bp3-text-muted"
                    />
                  </label>
                  <div
                    class="bp3-form-content"
                  >
                    <div
                      class="bp3-input-group"
                    >
                      <input
                        autocomplete="off"
                        class="bp3-input"
                        name="name"
                        placeholder="common.namePlaceholder"
                        type="text"
                        value=""
                      />
                    </div>
                  </div>
                </div>
              </div>
              <div
                class="StyledProps--font StyledProps--main"
              >
                <label
                  class="Label--main bp3-label descriptionLabel"
                  data-tooltip-id="webhookTrigger_description"
                >
                  optionalField
                  <span
                    class="bp3-icon StyledProps--main editOpen"
                    data-icon="Edit"
                    data-name="edit"
                    data-testid="description-edit"
                  >
                    <svg
                      height="12"
                      viewBox="0 0 16 16"
                      width="12"
                      xmlns="http://www.w3.org/2000/svg"
                    >
                      <path
                        clip-rule="evenodd"
                        d="M11.207.485a.5.5 0 01.354-.146 3.5 3.5 0 013.5 3.5.5.5 0 01-.146.353l-11 11a.5.5 0 01-.354.147h-3a.5.5 0 01-.5-.5v-3a.5.5 0 01.146-.354l11-11zm.553.862L1.061 12.046v2.293h2.293l10.7-10.7a2.5 2.5 0 00-2.294-2.292z"
                        fill="currentColor"
                        fill-rule="evenodd"
                      />
                      <path
                        clip-rule="evenodd"
                        d="M11.89 2.646a.5.5 0 010 .708L8.353 6.889a.5.5 0 01-.708-.707l3.536-3.536a.5.5 0 01.707 0z"
                        fill="currentColor"
                        fill-rule="evenodd"
                        opacity="0.3"
                      />
                    </svg>
                  </span>
                </label>
              </div>
              <div
                class="StyledProps--font StyledProps--main"
              >
                <label
                  class="Label--main bp3-label descriptionLabel"
                  data-tooltip-id="webhookTrigger_tags"
                >
                  optionalField
                  <span
                    class="bp3-icon StyledProps--main editOpen"
                    data-icon="Edit"
                    data-name="edit"
                    data-testid="tags-edit"
                  >
                    <svg
                      height="12"
                      viewBox="0 0 16 16"
                      width="12"
                      xmlns="http://www.w3.org/2000/svg"
                    >
                      <path
                        clip-rule="evenodd"
                        d="M11.207.485a.5.5 0 01.354-.146 3.5 3.5 0 013.5 3.5.5.5 0 01-.146.353l-11 11a.5.5 0 01-.354.147h-3a.5.5 0 01-.5-.5v-3a.5.5 0 01.146-.354l11-11zm.553.862L1.061 12.046v2.293h2.293l10.7-10.7a2.5 2.5 0 00-2.294-2.292z"
                        fill="currentColor"
                        fill-rule="evenodd"
                      />
                      <path
                        clip-rule="evenodd"
                        d="M11.89 2.646a.5.5 0 010 .708L8.353 6.889a.5.5 0 01-.708-.707l3.536-3.536a.5.5 0 01.707 0z"
                        fill="currentColor"
                        fill-rule="evenodd"
                        opacity="0.3"
                      />
                    </svg>
                  </span>
                </label>
              </div>
            </div>
          </div>
          <span
            class="StyledProps--font StyledProps--main formContentTitle StyledProps--inline"
            data-tooltip-id="listenOnNewWebhook"
          >
            triggers.triggerConfigurationPanel.listenOnNewWebhook
          </span>
          <div
            class="formContent"
          >
            <section
              style="width: 650px;"
            >
              <div
                class="bp3-form-group bottomMarginZero"
                data-id="sourceRepo-1"
              >
                <label
                  class="bp3-label"
                  for="sourceRepo"
                >
                  <span
                    class="Tooltip--acenter"
                    data-tooltip-id="wrapperComponentTestForm_sourceRepo"
                  >
                    triggers.triggerConfigurationPanel.payloadType
                  </span>
                   
                  <span
                    class="bp3-text-muted"
                  />
                </label>
                <div
                  class="bp3-form-content"
                >
                  <div
                    class="bp3-popover-wrapper Select--main bp3-fill"
                  >
                    <div
                      class="bp3-popover-target"
                    >
                      <div
                        class="bp3-input-group"
                      >
                        <input
                          autocomplete="off"
                          class="bp3-input"
                          name="sourceRepo"
                          placeholder="- Select -"
                          style="padding-right: 0px;"
                          type="text"
                          value="common.repo_provider.customLabel"
                        />
                        <span
                          class="bp3-input-action"
                        >
                          <span
                            class="bp3-icon bp3-icon-chevron-down StyledProps--main StyledProps--padding-small"
                            icon="chevron-down"
                          >
                            <svg
                              data-icon="chevron-down"
                              height="14"
                              viewBox="0 0 16 16"
                              width="14"
                            >
                              <desc>
                                chevron-down
                              </desc>
                              <path
                                d="M12 5c-.28 0-.53.11-.71.29L8 8.59l-3.29-3.3a1.003 1.003 0 00-1.42 1.42l4 4c.18.18.43.29.71.29s.53-.11.71-.29l4-4A1.003 1.003 0 0012 5z"
                                fill-rule="evenodd"
                              />
                            </svg>
                          </span>
                        </span>
                      </div>
                    </div>
                  </div>
                </div>
              </div>
            </section>
          </div>
        </div>
      </div>
    </form>
  </div>
</div>
`;

exports[`WebhookTriggerConfigPanel Triggers tests Renders/snapshots Initial Render - Github Trigger Configuration Panel 1`] = `
<div>
  <div
    class="OverlaySpinner--overlaySpinner"
  >
    <form
      action="#"
      class="FormikForm--main"
    >
      <div>
        <div
          class="Layout--vertical StyledProps--main webhookConfigurationContainer StyledProps--padding-xxlarge"
        >
          <span
            class="StyledProps--font StyledProps--main formContentTitle StyledProps--inline"
            data-tooltip-id="triggerConfigurationLabel"
          >
            triggers.triggerConfigurationLabel
            : triggers.onNewWebhookTitle
          </span>
          <div
            class="formContent"
          >
            <div
              class="StyledProps--font StyledProps--main main nameIdDescriptionTags bottomMarginZero"
            >
              <div
                class="InputWithIdentifier--txtNameContainer TextInput--main"
              >
                <div
                  class="Layout--horizontal Layout--layout-spacing-xsmall StyledProps--main InputWithIdentifier--txtIdContainer"
                >
                  <div
                    class="Text--withDocsTooltip"
                    data-tooltip-id="wrapperComponentTestForm_identifier"
                  >
                    <p
                      class="StyledProps--font StyledProps--main"
                    >
                      Id
                    </p>
                  </div>
                  <p
                    class="StyledProps--font StyledProps--main"
                  >
                    :
                  </p>
                  <span
                    class="bp3-popover-wrapper"
                  >
                    <span
                      class="bp3-popover-target"
                    >
                      <div
                        class="bp3-editable-text bp3-editable-text-placeholder InputWithIdentifier--idValue"
                        tabindex="0"
                      >
                        <span
                          class="bp3-editable-text-content"
                          style="height: 1px; line-height: 1px; min-width: 0;"
                        />
                      </div>
                    </span>
                  </span>
                  <span
                    class="bp3-icon StyledProps--main"
                    data-icon="Edit"
                    style="vertical-align: middle; cursor: pointer;"
                  >
                    <svg
                      height="12"
                      viewBox="0 0 16 16"
                      width="12"
                      xmlns="http://www.w3.org/2000/svg"
                    >
                      <path
                        clip-rule="evenodd"
                        d="M11.207.485a.5.5 0 01.354-.146 3.5 3.5 0 013.5 3.5.5.5 0 01-.146.353l-11 11a.5.5 0 01-.354.147h-3a.5.5 0 01-.5-.5v-3a.5.5 0 01.146-.354l11-11zm.553.862L1.061 12.046v2.293h2.293l10.7-10.7a2.5 2.5 0 00-2.294-2.292z"
                        fill="currentColor"
                        fill-rule="evenodd"
                      />
                      <path
                        clip-rule="evenodd"
                        d="M11.89 2.646a.5.5 0 010 .708L8.353 6.889a.5.5 0 01-.708-.707l3.536-3.536a.5.5 0 01.707 0z"
                        fill="currentColor"
                        fill-rule="evenodd"
                        opacity="0.3"
                      />
                    </svg>
                  </span>
                </div>
                <div
                  class="bp3-form-group"
                  data-id="name-0"
                >
                  <label
                    class="bp3-label"
                    for="name"
                  >
                    <span
                      class="Tooltip--acenter"
                      data-tooltip-id="wrapperComponentTestForm_name"
                    >
                      name
                    </span>
                     
                    <span
                      class="bp3-text-muted"
                    />
                  </label>
                  <div
                    class="bp3-form-content"
                  >
                    <div
                      class="bp3-input-group"
                    >
                      <input
                        autocomplete="off"
                        class="bp3-input"
                        name="name"
                        placeholder="common.namePlaceholder"
                        type="text"
                        value=""
                      />
                    </div>
                  </div>
                </div>
              </div>
              <div
                class="StyledProps--font StyledProps--main"
              >
                <label
                  class="Label--main bp3-label descriptionLabel"
                  data-tooltip-id="webhookTrigger_description"
                >
                  optionalField
                  <span
                    class="bp3-icon StyledProps--main editOpen"
                    data-icon="Edit"
                    data-name="edit"
                    data-testid="description-edit"
                  >
                    <svg
                      height="12"
                      viewBox="0 0 16 16"
                      width="12"
                      xmlns="http://www.w3.org/2000/svg"
                    >
                      <path
                        clip-rule="evenodd"
                        d="M11.207.485a.5.5 0 01.354-.146 3.5 3.5 0 013.5 3.5.5.5 0 01-.146.353l-11 11a.5.5 0 01-.354.147h-3a.5.5 0 01-.5-.5v-3a.5.5 0 01.146-.354l11-11zm.553.862L1.061 12.046v2.293h2.293l10.7-10.7a2.5 2.5 0 00-2.294-2.292z"
                        fill="currentColor"
                        fill-rule="evenodd"
                      />
                      <path
                        clip-rule="evenodd"
                        d="M11.89 2.646a.5.5 0 010 .708L8.353 6.889a.5.5 0 01-.708-.707l3.536-3.536a.5.5 0 01.707 0z"
                        fill="currentColor"
                        fill-rule="evenodd"
                        opacity="0.3"
                      />
                    </svg>
                  </span>
                </label>
              </div>
              <div
                class="StyledProps--font StyledProps--main"
              >
                <label
                  class="Label--main bp3-label descriptionLabel"
                  data-tooltip-id="webhookTrigger_tags"
                >
                  optionalField
                  <span
                    class="bp3-icon StyledProps--main editOpen"
                    data-icon="Edit"
                    data-name="edit"
                    data-testid="tags-edit"
                  >
                    <svg
                      height="12"
                      viewBox="0 0 16 16"
                      width="12"
                      xmlns="http://www.w3.org/2000/svg"
                    >
                      <path
                        clip-rule="evenodd"
                        d="M11.207.485a.5.5 0 01.354-.146 3.5 3.5 0 013.5 3.5.5.5 0 01-.146.353l-11 11a.5.5 0 01-.354.147h-3a.5.5 0 01-.5-.5v-3a.5.5 0 01.146-.354l11-11zm.553.862L1.061 12.046v2.293h2.293l10.7-10.7a2.5 2.5 0 00-2.294-2.292z"
                        fill="currentColor"
                        fill-rule="evenodd"
                      />
                      <path
                        clip-rule="evenodd"
                        d="M11.89 2.646a.5.5 0 010 .708L8.353 6.889a.5.5 0 01-.708-.707l3.536-3.536a.5.5 0 01.707 0z"
                        fill="currentColor"
                        fill-rule="evenodd"
                        opacity="0.3"
                      />
                    </svg>
                  </span>
                </label>
              </div>
            </div>
          </div>
          <span
            class="StyledProps--font StyledProps--main formContentTitle StyledProps--inline"
            data-tooltip-id="listenOnNewWebhook"
          >
            triggers.triggerConfigurationPanel.listenOnNewWebhook
          </span>
          <div
            class="formContent"
          >
            <section
              style="width: 650px;"
            >
              <div
                class="bp3-form-group"
                data-id="sourceRepo-1"
              >
                <label
                  class="bp3-label"
                  for="sourceRepo"
                >
                  <span
                    class="Tooltip--acenter"
                    data-tooltip-id="wrapperComponentTestForm_sourceRepo"
                  >
                    triggers.triggerConfigurationPanel.payloadType
                  </span>
                   
                  <span
                    class="bp3-text-muted"
                  />
                </label>
                <div
                  class="bp3-form-content"
                >
                  <div
                    class="bp3-popover-wrapper Select--main bp3-fill"
                  >
                    <div
                      class="bp3-popover-target"
                    >
                      <div
                        class="bp3-input-group"
                      >
                        <input
                          autocomplete="off"
                          class="bp3-input"
                          name="sourceRepo"
                          placeholder="- Select -"
                          style="padding-right: 0px;"
                          type="text"
                          value="common.repo_provider.githubLabel"
                        />
                        <span
                          class="bp3-input-action"
                        >
                          <span
                            class="bp3-icon bp3-icon-chevron-down StyledProps--main StyledProps--padding-small"
                            icon="chevron-down"
                          >
                            <svg
                              data-icon="chevron-down"
                              height="14"
                              viewBox="0 0 16 16"
                              width="14"
                            >
                              <desc>
                                chevron-down
                              </desc>
                              <path
                                d="M12 5c-.28 0-.53.11-.71.29L8 8.59l-3.29-3.3a1.003 1.003 0 00-1.42 1.42l4 4c.18.18.43.29.71.29s.53-.11.71-.29l4-4A1.003 1.003 0 0012 5z"
                                fill-rule="evenodd"
                              />
                            </svg>
                          </span>
                        </span>
                      </div>
                    </div>
                  </div>
                </div>
              </div>
              <section
                class="main"
              >
                <div
                  class="bp3-form-group"
                  data-id="null-2"
                  style="display: inline-block;"
                >
                  <label
                    class="bp3-label"
                  >
                    <span
                      class="Tooltip--acenter"
                      data-tooltip-id="wrapperComponentTestForm_connectorRef"
                    >
                      connector
                    </span>
                     
                    <span
                      class="bp3-text-muted"
                    />
                  </label>
                  <div
                    class="bp3-form-content"
                  >
                    <button
                      class="bp3-button bp3-minimal Button--button StyledProps--font StyledProps--main container Button--iconOnly Button--without-shadow Button--withRightIcon"
                      data-testid="cr-field-connectorRef"
                      style="width: 324px;"
                      type="button"
                    >
                      <span
                        class="bp3-button-text"
                      >
                        <span
                          class="placeholder"
                        >
                          connectors.selectConnector
                        </span>
                      </span>
                      <span
                        class="bp3-icon bp3-icon-chevron-down StyledProps--main"
                        icon="chevron-down"
                      >
                        <svg
                          data-icon="chevron-down"
                          height="14"
                          viewBox="0 0 16 16"
                          width="14"
                        >
                          <desc>
                            chevron-down
                          </desc>
                          <path
                            d="M12 5c-.28 0-.53.11-.71.29L8 8.59l-3.29-3.3a1.003 1.003 0 00-1.42 1.42l4 4c.18.18.43.29.71.29s.53-.11.71-.29l4-4A1.003 1.003 0 0012 5z"
                            fill-rule="evenodd"
                          />
                        </svg>
                      </span>
                    </button>
                  </div>
                </div>
                <p
                  class="StyledProps--font StyledProps--main addButton StyledProps--color StyledProps--color-primary7"
                  data-name="plusAdd"
                  style="width: 43px;"
                >
                  plusAdd
                </p>
              </section>
              <div
                class="bp3-form-group bottomMarginZero"
                data-id="event-3"
              >
                <label
                  class="bp3-label"
                  for="event"
                >
                  <span
                    class="Tooltip--acenter"
                    data-tooltip-id="wrapperComponentTestForm_event"
                  >
                    triggers.triggerConfigurationPanel.event
                  </span>
                   
                  <span
                    class="bp3-text-muted"
                  />
                </label>
                <div
                  class="bp3-form-content"
                >
                  <div
                    class="bp3-popover-wrapper Select--main bp3-fill"
                  >
                    <div
                      class="bp3-popover-target"
                    >
                      <div
                        class="bp3-input-group"
                      >
                        <input
                          autocomplete="off"
                          class="bp3-input"
                          name="event"
                          placeholder="- triggers.triggerConfigurationPanel.eventPlaceholder -"
                          style="padding-right: 0px;"
                          type="text"
                          value=""
                        />
                        <span
                          class="bp3-input-action"
                        >
                          <span
                            class="bp3-icon bp3-icon-chevron-down StyledProps--main StyledProps--padding-small"
                            icon="chevron-down"
                          >
                            <svg
                              data-icon="chevron-down"
                              height="14"
                              viewBox="0 0 16 16"
                              width="14"
                            >
                              <desc>
                                chevron-down
                              </desc>
                              <path
                                d="M12 5c-.28 0-.53.11-.71.29L8 8.59l-3.29-3.3a1.003 1.003 0 00-1.42 1.42l4 4c.18.18.43.29.71.29s.53-.11.71-.29l4-4A1.003 1.003 0 0012 5z"
                                fill-rule="evenodd"
                              />
                            </svg>
                          </span>
                        </span>
                      </div>
                    </div>
                  </div>
                </div>
              </div>
            </section>
          </div>
        </div>
      </div>
    </form>
  </div>
</div>
`;
