// Jest Snapshot v1, https://goo.gl/fbAQLP

exports[`<PipelineTemplateCanvas/> tests should match snapshot 1`] = `
<div>
  <div
    class="stage-builder-mock"
  />
  <div
    class="rightBar"
  >
    <button
      class="bp3-button Button--button StyledProps--font StyledProps--main iconButton StyledProps--font StyledProps--font-weight-semi-bold StyledProps--font-size-xsmall Button--withLeftIcon Button--variation Button--variation-tertiary"
      data-testid="template-inputs"
      type="button"
    >
      <span
        class="bp3-icon StyledProps--main StyledProps--padding-right-xsmall"
        data-icon="template-inputs"
      >
        <svg
          height="28"
          viewBox="0 0 32 32"
          width="28"
          xmlns="http://www.w3.org/2000/svg"
        >
          <path
            clip-rule="evenodd"
            d="M2.987 7.02a3 3 0 013-3h20.025a3 3 0 013 3v17.96a3 3 0 01-3 3H5.987a3 3 0 01-3-3v-5.638h2v5.639a1 1 0 001 1h20.025a1 1 0 001-1V7.02a1 1 0 00-1-1H5.987a1 1 0 00-1 1v5.673h-2V7.02z"
            fill="currentColor"
            fill-rule="evenodd"
          />
          <path
            clip-rule="evenodd"
            d="M12.184 12.446a1 1 0 011.399-.21l4.02 2.968a1 1 0 01.006 1.604l-4.02 3.016a1 1 0 11-1.2-1.6l1.62-1.216H2.988v-2h10.984l-1.576-1.164a1 1 0 01-.21-1.398z"
            fill="currentColor"
            fill-rule="evenodd"
          />
        </svg>
      </span>
      <span
        class="bp3-button-text"
      >
        pipeline.templateInputs
      </span>
    </button>
    <button
      class="bp3-button Button--button StyledProps--font StyledProps--main iconButton StyledProps--font StyledProps--font-weight-semi-bold StyledProps--font-size-xsmall Button--withLeftIcon Button--variation Button--variation-tertiary"
      data-testid="input-variable"
      type="button"
    >
      <span
        class="bp3-icon StyledProps--main StyledProps--padding-right-xsmall"
        data-icon="pipeline-variables"
      >
        <svg
          height="28"
          viewBox="0 0 20 20"
          width="28"
          xmlns="http://www.w3.org/2000/svg"
        >
          <path
            clip-rule="evenodd"
            d="M2.197 4.143a.624.624 0 01.564-.356h7.489c.344 0 .624.28.624.624v1.872a.624.624 0 01-1.248 0V5.035H4.072l3.23 3.975c.178.22.186.53.021.76l-3.342 4.626h5.645v-1.248a.624.624 0 111.248 0v1.873c0 .344-.28.624-.624.624H2.76a.624.624 0 01-.505-.99L6.03 9.426 2.276 4.805a.624.624 0 01-.079-.662zM15.9 9.276a5.276 5.276 0 00-.724 1.032c-.22.44-.612.912-.994 1.288-.37.365-.824.732-1.205.884a.624.624 0 11-.463-1.159c.138-.055.445-.272.792-.614.336-.331.62-.692.753-.958.184-.366.529-.88.914-1.308.193-.215.414-.427.646-.59.218-.153.523-.319.87-.319a.624.624 0 01.012 1.248c0 .001-.052.013-.164.092-.129.09-.279.229-.437.404z"
            fill="current-color"
            fill-rule="evenodd"
          />
          <path
            clip-rule="evenodd"
            d="M13.334 9.276c.317.352.596.774.725 1.032.22.44.611.912.993 1.288.37.365.824.732 1.205.884a.624.624 0 10.464-1.159c-.139-.055-.445-.272-.793-.614-.336-.331-.62-.692-.753-.958a6.497 6.497 0 00-.913-1.308 3.98 3.98 0 00-.647-.59c-.217-.153-.523-.319-.87-.319a.624.624 0 00-.012 1.248c0 .001.052.013.165.092.128.09.278.229.436.404z"
            fill="current-color"
            fill-rule="evenodd"
          />
        </svg>
      </span>
      <span
        class="bp3-button-text"
      >
        variablesText
      </span>
    </button>
    <button
      class="bp3-button Button--button StyledProps--font StyledProps--main iconButton StyledProps--font StyledProps--font-weight-semi-bold StyledProps--font-size-xsmall Button--withLeftIcon Button--variation Button--variation-tertiary"
      type="button"
    >
      <span
        class="bp3-icon StyledProps--main StyledProps--padding-right-xsmall"
        data-icon="pipeline-deploy"
      >
        <svg
          height="24"
          viewBox="0 0 16 16"
          width="24"
          xmlns="http://www.w3.org/2000/svg"
        >
          <path
            clip-rule="evenodd"
            d="M14.8 1.148a.638.638 0 01.192.577l-2.396 13.707a.614.614 0 01-.43.49.584.584 0 01-.611-.193l-3.813-4.578-1.856 2.382a.584.584 0 01-.666.194.622.622 0 01-.398-.587V8.852l-4.46-2.32a.628.628 0 01-.329-.61.618.618 0 01.423-.543l13.772-4.362a.581.581 0 01.573.131zM6.02 8.783v2.6l4.996-6.413-4.997 3.813zm5.193-5.508L2.24 6.116 5.36 7.74l5.852-4.465zm2.182.62l-4.892 6.278a.59.59 0 01.065.067l3.074 3.69 1.753-10.035z"
            fill="current-color"
            fill-rule="evenodd"
          />
        </svg>
      </span>
      <span
        class="bp3-button-text"
      >
        notifications.pipelineName
      </span>
    </button>
    <button
      class="bp3-button Button--button StyledProps--font StyledProps--main iconButton StyledProps--font StyledProps--font-weight-semi-bold StyledProps--font-size-xsmall Button--withLeftIcon Button--variation Button--variation-tertiary"
      type="button"
    >
      <span
        class="bp3-icon bp3-icon-settings StyledProps--main StyledProps--padding-right-xsmall"
        icon="settings"
      >
        <svg
          data-icon="settings"
          height="20"
          viewBox="0 0 20 20"
          width="20"
        >
          <desc>
            settings
          </desc>
          <path
            d="M4 1c0-.55-.45-1-1-1S2 .45 2 1v5h2V1zM2 19c0 .55.45 1 1 1s1-.45 1-1v-6H2v6zm9-18c0-.55-.45-1-1-1S9 .45 9 1v8h2V1zm7 0c0-.55-.45-1-1-1s-1 .45-1 1v3h2V1zM9 19c0 .55.45 1 1 1s1-.45 1-1v-3H9v3zm9-14h-2c-.55 0-1 .45-1 1v3c0 .55.45 1 1 1h2c.55 0 1-.45 1-1V6c0-.55-.45-1-1-1zm-2 14c0 .55.45 1 1 1s1-.45 1-1v-8h-2v8zM4 7H2c-.55 0-1 .45-1 1v3c0 .55.45 1 1 1h2c.55 0 1-.45 1-1V8c0-.55-.45-1-1-1zm7 3H9c-.55 0-1 .45-1 1v3c0 .55.45 1 1 1h2c.55 0 1-.45 1-1v-3c0-.55-.45-1-1-1z"
            fill-rule="evenodd"
          />
        </svg>
      </span>
      <span
        class="bp3-button-text"
      >
        pipeline.barriers.flowControl
      </span>
    </button>
    <button
      class="bp3-button bp3-minimal Button--button StyledProps--font StyledProps--main iconButton StyledProps--font StyledProps--font-weight-semi-bold StyledProps--font-size-xsmall Button--without-shadow Button--withLeftIcon Button--variation Button--variation-tertiary"
      type="button"
    >
      <span
        class="bp3-icon StyledProps--main StyledProps--padding-right-xsmall"
        data-icon="codebase-not-configured"
      >
        <svg
          height="20"
          viewBox="0 0 24 22"
          width="20"
          xmlns="http://www.w3.org/2000/svg"
        >
          <path
            d="M23.768 9.589l-5.577-5.9a.81.81 0 10-1.186 1.104l5.066 5.362-5.066 5.362a.808.808 0 00.31 1.311.81.81 0 00.876-.206l5.604-5.928a.808.808 0 00-.027-1.105zM6.954 3.634a.808.808 0 00-1.158.054L.218 9.59a.808.808 0 000 1.105l5.578 5.928a.81.81 0 001.185-1.105l-5.065-5.362L6.98 4.793a.808.808 0 00-.027-1.159zM14.436.02a.74.74 0 00-.569.094.777.777 0 00-.34.477L9.032 19.467a.8.8 0 00.09.584c.105.174.272.3.465.349h.177a.745.745 0 00.46-.158.78.78 0 00.273-.412L14.992.954A.795.795 0 0014.9.37a.76.76 0 00-.465-.35z"
            fill="#6B6D85"
          />
          <rect
            fill="#fff"
            height="11.6"
            rx="5.8"
            stroke="#FF832B"
            stroke-width="0.4"
            width="11.6"
            x="12.2"
            y="10.2"
          />
          <path
            clip-rule="evenodd"
            d="M18.384 12.223l3.558 6.231a.442.442 0 01-.384.661h-7.116a.442.442 0 01-.384-.66l3.558-6.232a.442.442 0 01.768 0zm-.602 4.866h.437l.224-2.833-.885-.006.224 2.839zm-.184 1.22v-.794h.805v.793h-.805z"
            fill="#FF832B"
            fill-rule="evenodd"
          />
        </svg>
      </span>
      <span
        class="bp3-button-text"
      >
        codebase
      </span>
    </button>
    <button
      class="bp3-button Button--button StyledProps--font StyledProps--main iconButton StyledProps--font StyledProps--font-weight-semi-bold StyledProps--font-size-xsmall Button--withLeftIcon Button--variation Button--variation-tertiary"
      type="button"
    >
      <span
        class="bp3-icon StyledProps--main StyledProps--padding-right-xsmall"
        data-icon="pipeline-advanced"
      >
        <svg
          height="24"
          viewBox="0 0 17 13"
          width="24"
          xmlns="http://www.w3.org/2000/svg"
        >
          <path
            clip-rule="evenodd"
            d="M6.5 1H1v2.375h5.5V1zM1 0a1 1 0 00-1 1v2.375a1 1 0 001 1h5.5a1 1 0 001-1V1a1 1 0 00-1-1H1zm14.25 1h-5.5v2.375h5.5V1zm-5.5-1a1 1 0 00-1 1v2.375a1 1 0 001 1h5.5a1 1 0 001-1V1a1 1 0 00-1-1h-5.5z"
            fill="current-color"
            fill-rule="evenodd"
          />
          <path
            clip-rule="evenodd"
            d="M9.375 3h-2.5V2h2.5v1zm-5.125.917v3.096c0 .416.07.705.172.91.099.198.241.342.435.453.42.24 1.079.325 2.018.325v1c-.936 0-1.84-.072-2.514-.457a2.045 2.045 0 01-.834-.874c-.19-.381-.277-.835-.277-1.357V3.917h1zm9.135 2.417v-.43a.143.143 0 00-.143-.143h-.86a.143.143 0 00-.142.143v.964a.15.15 0 01-.107.14 2.273 2.273 0 00-.388.162.15.15 0 01-.175-.025l-.378-.378-.304-.303a.143.143 0 00-.202 0l-.608.607a.143.143 0 000 .203l.304.304.378.377a.15.15 0 01.024.176 2.283 2.283 0 00-.16.387.15.15 0 01-.142.107h-.964a.143.143 0 00-.143.143v.86c0 .078.064.143.143.143h.964a.15.15 0 01.141.106c.042.135.096.265.161.388a.15.15 0 01-.024.175l-.378.378-.304.304a.143.143 0 000 .202l.608.608a.143.143 0 00.202 0l.304-.304.378-.378a.15.15 0 01.175-.024c.123.065.253.119.388.16a.15.15 0 01.107.142v.964c0 .079.064.143.143.143h.86a.143.143 0 00.142-.143v-.964a.15.15 0 01.107-.141 2.28 2.28 0 00.388-.161.15.15 0 01.175.024l.378.378.304.304a.143.143 0 00.202 0l.608-.608a.143.143 0 000-.202l-.304-.304-.378-.378a.15.15 0 01-.024-.175 2.28 2.28 0 00.16-.388.15.15 0 01.142-.106h.964a.144.144 0 00.143-.144v-.859a.143.143 0 00-.143-.143h-.964a.15.15 0 01-.141-.107 2.283 2.283 0 00-.16-.387.15.15 0 01.023-.176l.378-.377.304-.304a.143.143 0 000-.203l-.608-.607a.143.143 0 00-.202 0l-.304.303-.378.378a.15.15 0 01-.175.025 2.273 2.273 0 00-.388-.161.15.15 0 01-.107-.141v-.534zm-.572 4.01a1.146 1.146 0 100-2.292 1.146 1.146 0 000 2.291zM8.75 9.697H7.5v-1h1.25v1z"
            fill="current-color"
            fill-rule="evenodd"
          />
        </svg>
      </span>
      <span
        class="bp3-button-text"
      >
        pipeline.advancedOptions
      </span>
    </button>
    <div />
  </div>
</div>
`;
