// Jest Snapshot v1, https://goo.gl/fbAQLP

exports[`RunTests Step Edit View should render properly for AWS VMs build infra 1`] = `
<div>
  <div
    class="OverlaySpinner--overlaySpinner"
  >
    <form
      action="#"
      class="FormikForm--main"
    >
      <div>
        <div
          class="StyledProps--font StyledProps--main formGroup lg nameIdLabel"
        >
          <div
            class="InputWithIdentifier--txtNameContainer TextInput--main"
          >
            <div
              class="Layout--horizontal Layout--layout-spacing-xsmall StyledProps--main InputWithIdentifier--txtIdContainer"
            >
              <div
                class="Text--withDocsTooltip"
                data-tooltip-id="ciRunTests_identifier"
              >
                <p
                  class="StyledProps--font StyledProps--main"
                >
                  Id
                </p>
              </div>
              <p
                class="StyledProps--font StyledProps--main"
              >
                :
              </p>
              <span
                class="bp3-popover-wrapper"
              >
                <span
                  class="bp3-popover-target"
                >
                  <div
                    class="bp3-editable-text bp3-editable-text-placeholder InputWithIdentifier--idValue"
                    tabindex="0"
                  >
                    <span
                      class="bp3-editable-text-content"
                      style="height: 1px; line-height: 1px; min-width: 0;"
                    />
                  </div>
                </span>
              </span>
              <span
                class="bp3-icon StyledProps--main"
                data-icon="Edit"
                style="vertical-align: middle; cursor: pointer;"
              >
                <svg
                  height="12"
                  viewBox="0 0 16 16"
                  width="12"
                  xmlns="http://www.w3.org/2000/svg"
                >
                  <path
                    clip-rule="evenodd"
                    d="M11.207.485a.5.5 0 01.354-.146 3.5 3.5 0 013.5 3.5.5.5 0 01-.146.353l-11 11a.5.5 0 01-.354.147h-3a.5.5 0 01-.5-.5v-3a.5.5 0 01.146-.354l11-11zm.553.862L1.061 12.046v2.293h2.293l10.7-10.7a2.5 2.5 0 00-2.294-2.292z"
                    fill="currentColor"
                    fill-rule="evenodd"
                  />
                  <path
                    clip-rule="evenodd"
                    d="M11.89 2.646a.5.5 0 010 .708L8.353 6.889a.5.5 0 01-.708-.707l3.536-3.536a.5.5 0 01.707 0z"
                    fill="currentColor"
                    fill-rule="evenodd"
                    opacity="0.3"
                  />
                </svg>
              </span>
            </div>
            <div
              class="bp3-form-group"
              data-id="name-0"
            >
              <label
                class="bp3-label"
                for="name"
              >
                <span
                  class="Tooltip--acenter"
                  data-tooltip-id="ciRunTests_name"
                >
                  pipelineSteps.stepNameLabel
                </span>
                 
                <span
                  class="bp3-text-muted"
                />
              </label>
              <div
                class="bp3-form-content"
              >
                <div
                  class="bp3-input-group"
                >
                  <input
                    autocomplete="off"
                    class="bp3-input"
                    name="name"
                    type="text"
                    value=""
                  />
                </div>
              </div>
            </div>
          </div>
        </div>
        <div
          class="StyledProps--font StyledProps--main formGroup lg"
        >
          <div
            class="bp3-form-group"
            data-id="description-1"
          >
            <label
              class="bp3-label"
              for="description"
            >
              <span
                class="Tooltip--acenter"
                data-tooltip-id="ciRunTests_description"
              >
                <p
                  class="StyledProps--font StyledProps--main StyledProps--color StyledProps--color-grey600 StyledProps--font-size-small StyledProps--font-weight-semi-bold"
                >
                  description
                </p>
              </span>
               
              <span
                class="bp3-text-muted"
              />
            </label>
            <div
              class="bp3-form-content"
            >
              <div
                class="StyledProps--font StyledProps--main"
              >
                <div
                  style="display: flex; align-items: center;"
                >
                  <div
                    class="Layout--horizontal StyledProps--main MultiTypeInput--main"
                    style="flex-grow: 1;"
                  >
                    <textarea
                      class="bp3-input input"
                      name="description"
                    />
                    <span
                      class="bp3-popover-wrapper MultiTypeInput--wrapper"
                    >
                      <span
                        class="bp3-popover-target"
                      >
                        <button
                          class="MultiTypeInput--btn MultiTypeInput--FIXED multiButtonForFixedType"
                        >
                          <span
                            class="bp3-icon StyledProps--main"
                            data-icon="fixed-input"
                          >
                            <svg
                              height="12"
                              viewBox="0 0 9 9"
                              width="12"
                              xmlns="http://www.w3.org/2000/svg"
                            >
                              <path
                                d="M5.61 7.55c.62-.7.3-1.42.18-2.35a.32.32 0 01.1-.29l1.43-1.42a.76.76 0 01.28-.15c.39-.1 1 0 1.28-.29a.34.34 0 000-.51L6.46.12a.33.33 0 00-.52 0c-.28.29-.2.9-.28 1.3a.53.53 0 01-.13.23L4.09 3.12a.29.29 0 01-.28.09c-.89-.11-1.6-.49-2.27.11-.29.26-.29.43 0 .7l1.31 1.34.15.16-.15.15-2.7 2.69a.36.36 0 000 .54.36.36 0 00.54-.05l2.63-2.68.17-.17.17.16c.45.46.9.91 1.36 1.36.21.21.42.22.59.03z"
                                fill="currentColor"
                              />
                            </svg>
                          </span>
                        </button>
                      </span>
                    </span>
                  </div>
                </div>
              </div>
            </div>
          </div>
        </div>
        <div
          class="StyledProps--font StyledProps--main formGroup lg bottomMargin5"
        >
          <div>
            <div
              class="Text--withDocsTooltip"
              data-tooltip-id="runTestsLanguage"
            >
              <p
                class="StyledProps--font StyledProps--main inpLabel StyledProps--color StyledProps--color-grey600 StyledProps--font-size-small StyledProps--font-weight-semi-bold"
              >
                languageLabel
              </p>
            </div>
            <div
              style="display: flex; align-items: center;"
            >
              <div
                class="bp3-form-group"
                data-id="spec.language-2"
                style="margin-bottom: 0px; flex-grow: 1;"
              >
                
                <div
                  class="bp3-form-content"
                >
                  <div
                    class="Layout--horizontal StyledProps--main MultiTypeInput--main"
                  >
                    <div
                      class="bp3-popover-wrapper MultiTypeInput--select MultiTypeInput--fixedValueInput Select--main bp3-fill"
                    >
                      <div
                        class="bp3-popover-target"
                      >
                        <div
                          class="bp3-input-group"
                        >
                          <input
                            autocomplete="off"
                            class="bp3-input"
                            name="spec.language"
                            placeholder="Search..."
                            style="padding-right: 0px;"
                            type="text"
                            value=""
                          />
                          <span
                            class="bp3-input-action"
                          >
                            <span
                              class="bp3-icon bp3-icon-chevron-down StyledProps--main StyledProps--padding-small"
                              icon="chevron-down"
                            >
                              <svg
                                data-icon="chevron-down"
                                height="14"
                                viewBox="0 0 16 16"
                                width="14"
                              >
                                <desc>
                                  chevron-down
                                </desc>
                                <path
                                  d="M12 5c-.28 0-.53.11-.71.29L8 8.59l-3.29-3.3a1.003 1.003 0 00-1.42 1.42l4 4c.18.18.43.29.71.29s.53-.11.71-.29l4-4A1.003 1.003 0 0012 5z"
                                  fill-rule="evenodd"
                                />
                              </svg>
                            </span>
                          </span>
                        </div>
                      </div>
                    </div>
                    <span
                      class="bp3-popover-wrapper MultiTypeInput--wrapper"
                    >
                      <span
                        class="bp3-popover-target"
                      >
                        <button
                          class="MultiTypeInput--btn MultiTypeInput--FIXED"
                        >
                          <span
                            class="bp3-icon StyledProps--main"
                            data-icon="fixed-input"
                          >
                            <svg
                              height="12"
                              viewBox="0 0 9 9"
                              width="12"
                              xmlns="http://www.w3.org/2000/svg"
                            >
                              <path
                                d="M5.61 7.55c.62-.7.3-1.42.18-2.35a.32.32 0 01.1-.29l1.43-1.42a.76.76 0 01.28-.15c.39-.1 1 0 1.28-.29a.34.34 0 000-.51L6.46.12a.33.33 0 00-.52 0c-.28.29-.2.9-.28 1.3a.53.53 0 01-.13.23L4.09 3.12a.29.29 0 01-.28.09c-.89-.11-1.6-.49-2.27.11-.29.26-.29.43 0 .7l1.31 1.34.15.16-.15.15-2.7 2.69a.36.36 0 000 .54.36.36 0 00.54-.05l2.63-2.68.17-.17.17.16c.45.46.9.91 1.36 1.36.21.21.42.22.59.03z"
                                fill="currentColor"
                              />
                            </svg>
                          </span>
                        </button>
                      </span>
                    </span>
                  </div>
                </div>
              </div>
            </div>
          </div>
        </div>
        <div
          class="StyledProps--font StyledProps--main formGroup lg bottomMargin5"
        >
          <div>
            <div
              class="Text--withDocsTooltip"
              data-tooltip-id="runTestsBuildTool"
            >
              <p
                class="StyledProps--font StyledProps--main inpLabel StyledProps--color StyledProps--color-grey600 StyledProps--font-size-small StyledProps--font-weight-semi-bold"
              >
                buildToolLabel
              </p>
            </div>
            <div
              style="display: flex; align-items: center;"
            >
              <div
                class="bp3-form-group"
                data-id="spec.buildTool-3"
                style="margin-bottom: 0px; flex-grow: 1;"
              >
                
                <div
                  class="bp3-form-content"
                >
                  <div
                    class="Layout--horizontal StyledProps--main MultiTypeInput--main"
                  >
                    <div
                      class="bp3-popover-wrapper MultiTypeInput--select MultiTypeInput--fixedValueInput Select--main bp3-fill"
                    >
                      <div
                        class="bp3-popover-target"
                      >
                        <div
                          class="bp3-input-group"
                        >
                          <input
                            autocomplete="off"
                            class="bp3-input"
                            name="spec.buildTool"
                            placeholder="Search..."
                            style="padding-right: 0px;"
                            type="text"
                            value=""
                          />
                          <span
                            class="bp3-input-action"
                          >
                            <span
                              class="bp3-icon bp3-icon-chevron-down StyledProps--main StyledProps--padding-small"
                              icon="chevron-down"
                            >
                              <svg
                                data-icon="chevron-down"
                                height="14"
                                viewBox="0 0 16 16"
                                width="14"
                              >
                                <desc>
                                  chevron-down
                                </desc>
                                <path
                                  d="M12 5c-.28 0-.53.11-.71.29L8 8.59l-3.29-3.3a1.003 1.003 0 00-1.42 1.42l4 4c.18.18.43.29.71.29s.53-.11.71-.29l4-4A1.003 1.003 0 0012 5z"
                                  fill-rule="evenodd"
                                />
                              </svg>
                            </span>
                          </span>
                        </div>
                      </div>
                    </div>
                    <span
                      class="bp3-popover-wrapper MultiTypeInput--wrapper"
                    >
                      <span
                        class="bp3-popover-target"
                      >
                        <button
                          class="MultiTypeInput--btn MultiTypeInput--FIXED"
                        >
                          <span
                            class="bp3-icon StyledProps--main"
                            data-icon="fixed-input"
                          >
                            <svg
                              height="12"
                              viewBox="0 0 9 9"
                              width="12"
                              xmlns="http://www.w3.org/2000/svg"
                            >
                              <path
                                d="M5.61 7.55c.62-.7.3-1.42.18-2.35a.32.32 0 01.1-.29l1.43-1.42a.76.76 0 01.28-.15c.39-.1 1 0 1.28-.29a.34.34 0 000-.51L6.46.12a.33.33 0 00-.52 0c-.28.29-.2.9-.28 1.3a.53.53 0 01-.13.23L4.09 3.12a.29.29 0 01-.28.09c-.89-.11-1.6-.49-2.27.11-.29.26-.29.43 0 .7l1.31 1.34.15.16-.15.15-2.7 2.69a.36.36 0 000 .54.36.36 0 00.54-.05l2.63-2.68.17-.17.17.16c.45.46.9.91 1.36 1.36.21.21.42.22.59.03z"
                                fill="currentColor"
                              />
                            </svg>
                          </span>
                        </button>
                      </span>
                    </span>
                  </div>
                </div>
              </div>
            </div>
          </div>
        </div>
        <div
          class="StyledProps--font StyledProps--main formGroup lg bottomMargin5"
        >
          <div>
            <div
              class="Layout--horizontal StyledProps--main StyledProps--flex StyledProps--flex-justifyContent-flex-start StyledProps--flex-alignItems-baseline"
            >
              <div
                class="Text--withDocsTooltip"
                data-tooltip-id="runTestsArgs"
              >
                <p
                  class="StyledProps--font StyledProps--main inpLabel StyledProps--color StyledProps--color-grey600 StyledProps--font-size-small StyledProps--font-weight-semi-bold"
                >
                  argsLabel
                </p>
              </div>
            </div>
            <div
              style="display: flex; align-items: center;"
            >
              <div
                class="bp3-form-group"
                data-id="spec.args-4"
                style="margin-bottom: 0px; flex-grow: 1;"
              >
                
                <div
                  class="bp3-form-content"
                >
                  <div
                    class="Layout--horizontal StyledProps--main MultiTypeInput--main"
                  >
                    <div
                      class="bp3-input-group MultiTypeInput--input"
                    >
                      <input
                        autocomplete="off"
                        class="bp3-input"
                        name="spec.args"
                        type="text"
                        value=""
                      />
                    </div>
                    <span
                      class="bp3-popover-wrapper MultiTypeInput--wrapper"
                    >
                      <span
                        class="bp3-popover-target"
                      >
                        <button
                          class="MultiTypeInput--btn MultiTypeInput--FIXED"
                        >
                          <span
                            class="bp3-icon StyledProps--main"
                            data-icon="fixed-input"
                          >
                            <svg
                              height="12"
                              viewBox="0 0 9 9"
                              width="12"
                              xmlns="http://www.w3.org/2000/svg"
                            >
                              <path
                                d="M5.61 7.55c.62-.7.3-1.42.18-2.35a.32.32 0 01.1-.29l1.43-1.42a.76.76 0 01.28-.15c.39-.1 1 0 1.28-.29a.34.34 0 000-.51L6.46.12a.33.33 0 00-.52 0c-.28.29-.2.9-.28 1.3a.53.53 0 01-.13.23L4.09 3.12a.29.29 0 01-.28.09c-.89-.11-1.6-.49-2.27.11-.29.26-.29.43 0 .7l1.31 1.34.15.16-.15.15-2.7 2.69a.36.36 0 000 .54.36.36 0 00.54-.05l2.63-2.68.17-.17.17.16c.45.46.9.91 1.36 1.36.21.21.42.22.59.03z"
                                fill="currentColor"
                              />
                            </svg>
                          </span>
                        </button>
                      </span>
                    </span>
                  </div>
                </div>
              </div>
            </div>
          </div>
        </div>
        <div
          class="StyledProps--font StyledProps--main formGroup lg"
        >
          <div>
            <div
              class="Layout--horizontal StyledProps--main StyledProps--flex StyledProps--flex-justifyContent-flex-start StyledProps--flex-alignItems-baseline"
            >
              <div
                class="Text--withDocsTooltip"
                data-tooltip-id="runTestsPackages"
              >
                <p
                  class="StyledProps--font StyledProps--main inpLabel StyledProps--color StyledProps--color-grey600 StyledProps--font-size-small StyledProps--font-weight-semi-bold"
                >
                  packagesLabel
                </p>
              </div>
            </div>
            <div
              style="display: flex; align-items: center;"
            >
              <div
                class="bp3-form-group"
                data-id="spec.packages-5"
                style="margin-bottom: 0px; flex-grow: 1;"
              >
                
                <div
                  class="bp3-form-content"
                >
                  <div
                    class="Layout--horizontal StyledProps--main MultiTypeInput--main"
                  >
                    <div
                      class="bp3-input-group MultiTypeInput--input"
                    >
                      <input
                        autocomplete="off"
                        class="bp3-input"
                        name="spec.packages"
                        type="text"
                        value=""
                      />
                    </div>
                    <span
                      class="bp3-popover-wrapper MultiTypeInput--wrapper"
                    >
                      <span
                        class="bp3-popover-target"
                      >
                        <button
                          class="MultiTypeInput--btn MultiTypeInput--FIXED"
                        >
                          <span
                            class="bp3-icon StyledProps--main"
                            data-icon="fixed-input"
                          >
                            <svg
                              height="12"
                              viewBox="0 0 9 9"
                              width="12"
                              xmlns="http://www.w3.org/2000/svg"
                            >
                              <path
                                d="M5.61 7.55c.62-.7.3-1.42.18-2.35a.32.32 0 01.1-.29l1.43-1.42a.76.76 0 01.28-.15c.39-.1 1 0 1.28-.29a.34.34 0 000-.51L6.46.12a.33.33 0 00-.52 0c-.28.29-.2.9-.28 1.3a.53.53 0 01-.13.23L4.09 3.12a.29.29 0 01-.28.09c-.89-.11-1.6-.49-2.27.11-.29.26-.29.43 0 .7l1.31 1.34.15.16-.15.15-2.7 2.69a.36.36 0 000 .54.36.36 0 00.54-.05l2.63-2.68.17-.17.17.16c.45.46.9.91 1.36 1.36.21.21.42.22.59.03z"
                                fill="currentColor"
                              />
                            </svg>
                          </span>
                        </button>
                      </span>
                    </span>
                  </div>
                </div>
              </div>
            </div>
          </div>
        </div>
        <div
          class="Accordion--accordion accordion"
        >
          <div
            class="Accordion--panel"
            data-open="false"
            data-testid="optional-config-panel"
          >
            <div
              class="Accordion--summary"
              data-testid="optional-config-summary"
            >
              <div
                class="Accordion--label"
              >
                common.optionalConfig
              </div>
              <div
                class="Accordion--chevron"
              />
            </div>
            <div
              class="bp3-collapse Accordion--collapse"
            >
              <div
                aria-hidden="false"
                class="bp3-collapse-body"
                style="transform: translateY(-undefinedpx);"
              />
            </div>
          </div>
        </div>
      </div>
    </form>
  </div>
</div>
`;
