// Jest Snapshot v1, https://goo.gl/fbAQLP

exports[`BuildStageSetupShell snapshot test initializes ok 1`] = `
<div>
  <section
    class="setupShell"
  >
    <div
      class="bp3-tabs Tabs--main Tabs--horizontal"
    >
      <div
        class="bp3-tab-list"
        role="tablist"
      >
        <div
          class="bp3-tab-indicator-wrapper"
          style="height: 0px; transform: translateX(0px) translateY(0px); width: 0px;"
        >
          <div
            class="bp3-tab-indicator"
          />
        </div>
        <div
          aria-controls="bp3-tab-panel_stageSetupShell_OVERVIEW"
          aria-disabled="false"
          aria-expanded="true"
          aria-selected="true"
          class="bp3-tab"
          data-tab-id="OVERVIEW"
          data-testid="overview"
          id="bp3-tab-title_stageSetupShell_OVERVIEW"
          role="tab"
          tabindex="0"
        >
          <span
            class="tab"
          >
            <span
              class="bp3-icon StyledProps--main"
              data-icon="ci-main"
              style="height: 14px;"
            >
              <svg
                height="14"
                viewBox="0 0 32 32"
                width="14"
                xmlns="http://www.w3.org/2000/svg"
              >
                <path
                  clip-rule="evenodd"
                  d="M29 16a13.02 13.02 0 01-.854 4.6.387.387 0 01-.637.13l-3.99-3.94a.534.534 0 01-.085-.628c.432-.827.649-1.773.649-2.762.056-3.222-2.6-5.878-5.879-5.878-1.04 0-1.994.26-2.823.706a.53.53 0 01-.623-.08l-3.551-3.504a.48.48 0 01.154-.794A12.79 12.79 0 0116 3c7.178 0 13 5.822 13 13zM8.476 5.42a.582.582 0 01.746.072l4.035 4.035c.179.178.194.46.054.67a5.829 5.829 0 00-.985 3.26 5.934 5.934 0 005.935 5.934 5.829 5.829 0 003.26-.985.531.531 0 01.67.054l4.367 4.368a.582.582 0 01.065.756C24.225 26.86 20.4 29 16 29 8.822 29 3 23.178 3 16c0-4.403 2.144-8.231 5.476-10.58zm9.785 11.71a3.932 3.932 0 003.956-3.956 3.932 3.932 0 00-3.956-3.957 3.932 3.932 0 00-3.957 3.957 3.932 3.932 0 003.957 3.956z"
                  fill="url(#ci-main_svg__a)"
                  fill-rule="evenodd"
                />
                <defs>
                  <lineargradient
                    gradientUnits="userSpaceOnUse"
                    id="ci-main_svg__a"
                    x1="-5.398"
                    x2="11.398"
                    y1="11.398"
                    y2="37.398"
                  >
                    <stop
                      stop-color="#73DFE7"
                    />
                    <stop
                      offset="1"
                      stop-color="#0095F7"
                    />
                  </lineargradient>
                </defs>
              </svg>
            </span>
            Overview
          </span>
        </div>
        <span
          class="bp3-icon bp3-icon-chevron-right StyledProps--main StyledProps--margin-right-small StyledProps--margin-left-small StyledProps--color StyledProps--color-grey400"
          icon="chevron-right"
          style="align-self: center; height: 20px;"
        >
          <svg
            data-icon="chevron-right"
            height="20"
            viewBox="0 0 20 20"
            width="20"
          >
            <desc>
              chevron-right
            </desc>
            <path
              d="M13.71 9.29l-6-6a1.003 1.003 0 00-1.42 1.42l5.3 5.29-5.29 5.29c-.19.18-.3.43-.3.71a1.003 1.003 0 001.71.71l6-6c.18-.18.29-.43.29-.71 0-.28-.11-.53-.29-.71z"
              fill-rule="evenodd"
            />
          </svg>
        </span>
        <div
          aria-controls="bp3-tab-panel_stageSetupShell_INFRASTRUCTURE"
          aria-disabled="false"
          aria-expanded="false"
          aria-selected="false"
          class="bp3-tab"
          data-tab-id="INFRASTRUCTURE"
          data-testid="ci.infraLabel"
          id="bp3-tab-title_stageSetupShell_INFRASTRUCTURE"
          role="tab"
          tabindex="0"
        >
          <span
            class="tab"
          >
            <span
              class="bp3-icon bp3-icon-warning-sign StyledProps--main StyledProps--color StyledProps--color-orange500"
              icon="warning-sign"
            >
              <svg
                data-icon="warning-sign"
                height="16"
                viewBox="0 0 16 16"
                width="16"
              >
                <desc>
                  warning-sign
                </desc>
                <path
                  d="M15.84 13.5l.01-.01-7-12-.01.01c-.17-.3-.48-.5-.85-.5s-.67.2-.85.5l-.01-.01-7 12 .01.01c-.09.15-.15.31-.15.5 0 .55.45 1 1 1h14c.55 0 1-.45 1-1 0-.19-.06-.35-.15-.5zm-6.85-.51h-2v-2h2v2zm0-3h-2v-5h2v5z"
                  fill-rule="evenodd"
                />
              </svg>
            </span>
            ci.infraLabel
          </span>
        </div>
        <span
          class="bp3-icon bp3-icon-chevron-right StyledProps--main StyledProps--margin-right-small StyledProps--margin-left-small StyledProps--color StyledProps--color-grey400"
          icon="chevron-right"
          style="align-self: center; height: 20px;"
        >
          <svg
            data-icon="chevron-right"
            height="20"
            viewBox="0 0 20 20"
            width="20"
          >
            <desc>
              chevron-right
            </desc>
            <path
              d="M13.71 9.29l-6-6a1.003 1.003 0 00-1.42 1.42l5.3 5.29-5.29 5.29c-.19.18-.3.43-.3.71a1.003 1.003 0 001.71.71l6-6c.18-.18.29-.43.29-.71 0-.28-.11-.53-.29-.71z"
              fill-rule="evenodd"
            />
          </svg>
        </span>
        <div
          aria-controls="bp3-tab-panel_stageSetupShell_EXECUTION"
          aria-disabled="false"
          aria-expanded="false"
          aria-selected="false"
          class="bp3-tab"
          data-tab-id="EXECUTION"
          data-testid="ci.executionLabel"
          id="bp3-tab-title_stageSetupShell_EXECUTION"
          role="tab"
          tabindex="0"
        >
          <span
            class="tab"
          >
            <span
              class="bp3-icon bp3-icon-warning-sign StyledProps--main StyledProps--color StyledProps--color-orange500"
              icon="warning-sign"
            >
              <svg
                data-icon="warning-sign"
                height="16"
                viewBox="0 0 16 16"
                width="16"
              >
                <desc>
                  warning-sign
                </desc>
                <path
                  d="M15.84 13.5l.01-.01-7-12-.01.01c-.17-.3-.48-.5-.85-.5s-.67.2-.85.5l-.01-.01-7 12 .01.01c-.09.15-.15.31-.15.5 0 .55.45 1 1 1h14c.55 0 1-.45 1-1 0-.19-.06-.35-.15-.5zm-6.85-.51h-2v-2h2v2zm0-3h-2v-5h2v5z"
                  fill-rule="evenodd"
                />
              </svg>
            </span>
            ci.executionLabel
          </span>
        </div>
        <span
          class="bp3-icon bp3-icon-chevron-right StyledProps--main StyledProps--margin-right-small StyledProps--margin-left-small StyledProps--color StyledProps--color-grey400"
          icon="chevron-right"
          style="align-self: center; height: 20px;"
        >
          <svg
            data-icon="chevron-right"
            height="20"
            viewBox="0 0 20 20"
            width="20"
          >
            <desc>
              chevron-right
            </desc>
            <path
              d="M13.71 9.29l-6-6a1.003 1.003 0 00-1.42 1.42l5.3 5.29-5.29 5.29c-.19.18-.3.43-.3.71a1.003 1.003 0 001.71.71l6-6c.18-.18.29-.43.29-.71 0-.28-.11-.53-.29-.71z"
              fill-rule="evenodd"
            />
          </svg>
        </span>
        <div
          aria-controls="bp3-tab-panel_stageSetupShell_ADVANCED"
          aria-disabled="false"
          aria-expanded="false"
          aria-selected="false"
          class="bp3-tab"
          data-tab-id="ADVANCED"
          data-testid="ci.advancedLabel"
          id="bp3-tab-title_stageSetupShell_ADVANCED"
          role="tab"
          tabindex="0"
        >
          <span
            class="tab"
          >
            <span
              class="bp3-icon StyledProps--main"
              data-icon="advanced"
              style="height: 20px;"
            >
              <svg
                height="20"
                viewBox="0 0 16 16"
                width="20"
                xmlns="http://www.w3.org/2000/svg"
              >
                <path
                  clip-rule="evenodd"
                  d="M3.557 4.017a.5.5 0 00-.5.492v7.005a.5.5 0 00.5.507h8.98a.5.5 0 00.5-.5l.001-2.554a.5.5 0 111 0v2.554a1.5 1.5 0 01-1.5 1.5h-8.98a1.5 1.5 0 01-1.5-1.522V4.495a1.5 1.5 0 011.5-1.478h2.951a.5.5 0 010 1H3.557z"
                  fill="currentColor"
                  fill-rule="evenodd"
                />
                <path
                  clip-rule="evenodd"
                  d="M11.002 3.694a1.3 1.3 0 100 2.6 1.3 1.3 0 000-2.6zm-2.3 1.3a2.3 2.3 0 114.6 0 2.3 2.3 0 01-4.6 0z"
                  fill="currentColor"
                  fill-rule="evenodd"
                />
                <path
                  clip-rule="evenodd"
                  d="M10.502 2.949v-.953h1v.953h-1zm0 5.051V6.98h1V8h-1zm2.549-3.502h.953v1h-.953v-1zM8 4.498h1.02v1H8v-1zm4.805 1.596l.674.674-.708.707-.673-.674.707-.707zM9.233 2.522l.722.722-.708.707-.721-.722.707-.707zm2.865.674l.673-.674.708.708-.674.673-.707-.707zM8.526 6.768l.722-.722.707.708-.722.721-.707-.707z"
                  fill="currentColor"
                  fill-rule="evenodd"
                />
              </svg>
            </span>
            ci.advancedLabel
          </span>
        </div>
      </div>
      <div
        aria-hidden="false"
        aria-labelledby="bp3-tab-title_stageSetupShell_OVERVIEW"
        class="bp3-tab-panel"
        id="bp3-tab-panel_stageSetupShell_OVERVIEW"
        role="tabpanel"
      >
        <div
          class="wrapper"
        >
          <div
            class="contentSection"
          >
            <div
              class="OverlaySpinner--overlaySpinner"
            >
              <div
                class="tabHeading"
                id="stageDetails"
              >
                stageDetails
              </div>
              <div
                class="bp3-card bp3-elevation-0 Card--card sectionCard"
              >
                <form
                  class="FormikForm--main"
                >
                  <div>
                    <div
                      class="StyledProps--font StyledProps--main main"
                    >
                      <div
                        class="InputWithIdentifier--txtNameContainer TextInput--main"
                      >
                        <div
                          class="Layout--horizontal Layout--layout-spacing-xsmall StyledProps--main InputWithIdentifier--txtIdContainer"
                        >
                          <div
                            class="Text--withDocsTooltip"
                            data-tooltip-id="ciBuildStage_identifier"
                          >
                            <p
                              class="StyledProps--font StyledProps--main"
                            >
                              Id
                            </p>
                          </div>
                          <p
                            class="StyledProps--font StyledProps--main"
                          >
                            :
                          </p>
                          <span
                            class="bp3-popover-wrapper"
                          >
                            <span
                              class="bp3-popover-target"
                            >
                              <div
                                class="bp3-editable-text bp3-disabled InputWithIdentifier--idValue"
                              >
                                <span
                                  class="bp3-editable-text-content"
                                  style="height: 1px; line-height: 1px; min-width: 0;"
                                >
                                  Deploy
                                </span>
                              </div>
                            </span>
                          </span>
                        </div>
                        <div
                          class="bp3-form-group"
                          data-id="name-0"
                        >
                          <label
                            class="bp3-label"
                            for="name"
                          >
                            <span
                              class="Tooltip--acenter"
                              data-tooltip-id="ciBuildStage_name"
                            >
                              name
                            </span>
                             
                            <span
                              class="bp3-text-muted"
                            />
                          </label>
                          <div
                            class="bp3-form-content"
                          >
                            <div
                              class="bp3-input-group"
                            >
                              <input
                                autocomplete="off"
                                class="bp3-input"
                                name="name"
                                type="text"
                                value="Deploy"
                              />
                            </div>
                          </div>
                        </div>
                      </div>
                      <div
                        class="StyledProps--font StyledProps--main"
                      >
                        <label
                          class="Label--main bp3-label descriptionLabel"
                        >
                          optionalField
                          <span
                            class="bp3-icon StyledProps--main editOpen"
                            data-icon="Edit"
                            data-name="edit"
                            data-testid="description-edit"
                          >
                            <svg
                              height="12"
                              viewBox="0 0 16 16"
                              width="12"
                              xmlns="http://www.w3.org/2000/svg"
                            >
                              <path
                                clip-rule="evenodd"
                                d="M11.207.485a.5.5 0 01.354-.146 3.5 3.5 0 013.5 3.5.5.5 0 01-.146.353l-11 11a.5.5 0 01-.354.147h-3a.5.5 0 01-.5-.5v-3a.5.5 0 01.146-.354l11-11zm.553.862L1.061 12.046v2.293h2.293l10.7-10.7a2.5 2.5 0 00-2.294-2.292z"
                                fill="currentColor"
                                fill-rule="evenodd"
                              />
                              <path
                                clip-rule="evenodd"
                                d="M11.89 2.646a.5.5 0 010 .708L8.353 6.889a.5.5 0 01-.708-.707l3.536-3.536a.5.5 0 01.707 0z"
                                fill="currentColor"
                                fill-rule="evenodd"
                                opacity="0.3"
                              />
                            </svg>
                          </span>
                        </label>
                      </div>
                      <div
                        class="StyledProps--font StyledProps--main"
                      >
                        <label
                          class="Label--main bp3-label descriptionLabel"
                        >
                          optionalField
                          <span
                            class="bp3-icon StyledProps--main editOpen"
                            data-icon="Edit"
                            data-name="edit"
                            data-testid="tags-edit"
                          >
                            <svg
                              height="12"
                              viewBox="0 0 16 16"
                              width="12"
                              xmlns="http://www.w3.org/2000/svg"
                            >
                              <path
                                clip-rule="evenodd"
                                d="M11.207.485a.5.5 0 01.354-.146 3.5 3.5 0 013.5 3.5.5.5 0 01-.146.353l-11 11a.5.5 0 01-.354.147h-3a.5.5 0 01-.5-.5v-3a.5.5 0 01.146-.354l11-11zm.553.862L1.061 12.046v2.293h2.293l10.7-10.7a2.5 2.5 0 00-2.294-2.292z"
                                fill="currentColor"
                                fill-rule="evenodd"
                              />
                              <path
                                clip-rule="evenodd"
                                d="M11.89 2.646a.5.5 0 010 .708L8.353 6.889a.5.5 0 01-.708-.707l3.536-3.536a.5.5 0 01.707 0z"
                                fill="currentColor"
                                fill-rule="evenodd"
                                opacity="0.3"
                              />
                            </svg>
                          </span>
                        </label>
                      </div>
                    </div>
                    <div
                      style="display: flex; align-items: center;"
                    >
                      <label
                        class="bp3-control bp3-switch StyledProps--font Switch--switch StyledProps--main"
                      >
                        <input
                          type="checkbox"
                        />
                        <span
                          class="bp3-control-indicator"
                        />
                        <span
                          class="Tooltip--acenter Switch--inlineTooltip"
                          data-tooltip-id="cloneCodebase"
                        >
                          cloneCodebaseLabel
                        </span>
                      </label>
                    </div>
                  </div>
                </form>
              </div>
              <div
                class="tabHeading"
                id="sharedPaths"
              >
                pipelineSteps.build.stageSpecifications.sharedPaths
              </div>
              <div
                class="bp3-card bp3-elevation-0 Card--card sectionCard"
              >
                <form
                  class="FormikForm--main fields contentCard"
                >
                  <div>
                    <div
                      class="group withoutSpacing"
                    >
                      <div
                        class="bp3-form-group"
                        data-id="sharedPaths-0"
                        style="flex-grow: 1; margin-bottom: 0px;"
                      >
                        <label
                          class="bp3-label"
                          for="sharedPaths"
                        >
                          <div
                            class="formLabel"
                          >
                            <span
                              class="Tooltip--acenter"
                              data-tooltip-id="ciBuildStage_sharedPaths"
                            >
                              <div
                                class="Text--withDocsTooltip"
                                data-tooltip-id="stageSpecificationsSharedPaths"
                              >
                                <p
                                  class="StyledProps--font StyledProps--main"
                                >
                                  pipelineSteps.build.stageSpecifications.sharedPaths
                                </p>
                              </div>
                            </span>
                            <div
                              class="bp3-popover-wrapper typeSelectorWrapper"
                            >
                              <div
                                class="bp3-popover-target typeSelector"
                              >
                                <button
                                  class="bp3-button bp3-minimal Button--button StyledProps--font StyledProps--main btn Button--iconOnly Button--without-shadow"
                                  type="button"
                                >
                                  <span
                                    class="bp3-button-text"
                                  >
                                    <span
                                      class="bp3-icon StyledProps--main icon fixed"
                                      data-icon="fixed-input"
                                    >
                                      <svg
                                        height="12"
                                        viewBox="0 0 9 9"
                                        width="12"
                                        xmlns="http://www.w3.org/2000/svg"
                                      >
                                        <path
                                          d="M5.61 7.55c.62-.7.3-1.42.18-2.35a.32.32 0 01.1-.29l1.43-1.42a.76.76 0 01.28-.15c.39-.1 1 0 1.28-.29a.34.34 0 000-.51L6.46.12a.33.33 0 00-.52 0c-.28.29-.2.9-.28 1.3a.53.53 0 01-.13.23L4.09 3.12a.29.29 0 01-.28.09c-.89-.11-1.6-.49-2.27.11-.29.26-.29.43 0 .7l1.31 1.34.15.16-.15.15-2.7 2.69a.36.36 0 000 .54.36.36 0 00.54-.05l2.63-2.68.17-.17.17.16c.45.46.9.91 1.36 1.36.21.21.42.22.59.03z"
                                          fill="currentColor"
                                        />
                                      </svg>
                                    </span>
                                  </span>
                                </button>
                              </div>
                            </div>
                          </div>
                           
                          <span
                            class="bp3-text-muted"
                          />
                        </label>
                        <div
                          class="bp3-form-content"
                        >
                          <button
                            class="bp3-button bp3-minimal Button--button StyledProps--font StyledProps--main StyledProps--intent-primary Button--with-current-color Button--without-shadow"
                            data-testid="add-sharedPaths"
                            style="padding: 0px;"
                            type="button"
                          >
                            <span
                              class="bp3-button-text"
                            >
                              plusAdd
                            </span>
                          </button>
                        </div>
                      </div>
                    </div>
                  </div>
                </form>
              </div>
              <div
                class="Accordion--accordion accordionTitle"
              >
                <div
                  class="Accordion--panel"
                  data-open="false"
                  data-testid="advanced-panel"
                  id="advanced-panel"
                >
                  <div
                    class="Accordion--summary"
                    data-testid="advanced-summary"
                  >
                    <div
                      class=""
                    >
                      <div
                        class="tabHeading"
                        id="advanced"
                        style="margin-bottom: 0px;"
                      >
                        advancedTitle
                      </div>
                    </div>
                    <div
                      class="Accordion--chevron"
                    />
                  </div>
                  <div
                    class="bp3-collapse Accordion--collapse"
                  >
                    <div
                      aria-hidden="false"
                      class="bp3-collapse-body"
                      style="transform: translateY(-undefinedpx);"
                    />
                  </div>
                </div>
              </div>
            </div>
            <div
              class="Layout--horizontal Layout--layout-spacing-medium StyledProps--main footer"
            >
              <button
                class="bp3-button Button--button StyledProps--font StyledProps--main StyledProps--intent-primary Button--with-current-color Button--withRightIcon Button--variation Button--variation-primary"
                type="button"
              >
                <span
                  class="bp3-button-text"
                >
                  continue
                </span>
                <span
                  class="bp3-icon bp3-icon-chevron-right StyledProps--main"
                  icon="chevron-right"
                >
                  <svg
                    data-icon="chevron-right"
                    height="16"
                    viewBox="0 0 16 16"
                    width="16"
                  >
                    <desc>
                      chevron-right
                    </desc>
                    <path
                      d="M10.71 7.29l-4-4a1.003 1.003 0 00-1.42 1.42L8.59 8 5.3 11.29c-.19.18-.3.43-.3.71a1.003 1.003 0 001.71.71l4-4c.18-.18.29-.43.29-.71 0-.28-.11-.53-.29-.71z"
                      fill-rule="evenodd"
                    />
                  </svg>
                </span>
              </button>
            </div>
          </div>
        </div>
      </div>
    </div>
  </section>
</div>
`;
