// Jest Snapshot v1, https://goo.gl/fbAQLP

exports[`<ExecutionFilters /> test snapshot testing 1`] = `
<div>
  <div
    class="bp3-popover-wrapper DropDown--main DropDown--disabled"
  >
    <div
      class="bp3-popover-target"
    >
      <div
        class=""
      >
        <div
          class="Layout--horizontal StyledProps--main DropDown--dropdownButton DropDown--withBorder DropDown--minWidth StyledProps--flex"
          data-testid="filter-select"
          style="min-width: 220px;"
        >
          <div
            class="Layout--horizontal StyledProps--main DropDown--labelWrapper StyledProps--flex"
          >
            <p
              class="StyledProps--font Text--lineclamp StyledProps--main DropDown--label"
              data-testid="dropdown-value"
              style="--text-line-clamp: 1;"
            >
              common.filters.noFilterSaved
            </p>
          </div>
          <div
            class="Layout--horizontal StyledProps--main DropDown--btnWrapper StyledProps--flex"
          >
            <span
              class="bp3-icon StyledProps--main StyledProps--color StyledProps--color-grey400"
              data-icon="main-chevron-down"
            >
              <svg
                height="8"
                viewBox="0 0 14 8"
                width="8"
                xmlns="http://www.w3.org/2000/svg"
              >
                <path
                  d="M13 0c-.3 0-.5.1-.7.3L7 5.6 1.7.3C1.5.1 1.3 0 1 0 .4 0 0 .4 0 1c0 .3.1.5.3.7l6 6c.2.2.4.3.7.3s.5-.1.7-.3l6-6c.2-.2.3-.4.3-.7 0-.6-.4-1-1-1z"
                  fill="#4d5969"
                />
              </svg>
            </span>
          </div>
        </div>
      </div>
    </div>
  </div>
  <div
    class="filterButtonContainer"
  >
    <button
      class="bp3-button bp3-minimal Button--button StyledProps--font StyledProps--main ngFilter StyledProps--intent-primary Button--with-current-color Button--without-shadow Button--withLeftIcon"
      id="ngfilterbtn"
      type="button"
    >
      <span
        class="bp3-icon StyledProps--main"
        data-icon="ng-filter"
      >
        <svg
          height="22"
          viewBox="0 0 24 24"
          width="22"
          xmlns="http://www.w3.org/2000/svg"
        >
          <path
            clip-rule="evenodd"
            d="M16.5 8V7H19a.5.5 0 000-1h-2.5V5a.5.5 0 00-1 0v1H5a.5.5 0 000 1h10.5v1a.5.5 0 001 0zM5 11.5h3v-1a.5.5 0 011 0v1h10a.5.5 0 010 1H9v1a.5.5 0 01-1 0v-1H5a.5.5 0 010-1zM5 17a.5.5 0 000 1h7v1a.5.5 0 001 0v-1h6a.5.5 0 000-1h-6v-1a.5.5 0 00-1 0v1H5z"
            fill="currentColor"
            fill-rule="evenodd"
          />
        </svg>
      </span>
    </button>
  </div>
  <div
    class="Layout--horizontal StyledProps--main"
  />
</div>
`;

exports[`<ExecutionFilters /> test snapshot testing for opened filter drawer 1`] = `
<div
  class="bp3-drawer bp3-position-right bp3-overlay-content bp3-overlay-appear bp3-overlay-appear-active"
  style="width: 700px;"
  tabindex="0"
>
  <form
    action="#"
    class="FormikForm--main"
  >
    <div>
      <div
        class="main"
      >
        <section
          class="formSection"
        >
          <div
            class="Layout--vertical Layout--layout-spacing-large StyledProps--main StyledProps--padding-top-xlarge StyledProps--padding-left-xlarge StyledProps--padding-right-xlarge"
            style="height: 100%;"
          >
            <div
              class="Layout--horizontal Layout--layout-spacing-small StyledProps--main titleLayout"
            >
              <div
                class="title"
                title=""
              >
                filters.newFilter
              </div>
            </div>
            <div
              class="Layout--vertical StyledProps--main layout StyledProps--padding-top-medium"
            >
              <div
                class="OverlaySpinner--overlaySpinner"
              >
                <div
                  class="OverlaySpinner--overlay"
                >
                  <div
                    class="bp3-spinner loading"
                  >
                    <div
                      class="bp3-spinner-animation"
                    >
                      <svg
                        height="50"
                        stroke-width="8.00"
                        viewBox="1.00 1.00 98.00 98.00"
                        width="50"
                      >
                        <path
                          class="bp3-spinner-track"
                          d="M 50,50 m 0,-45 a 45,45 0 1 1 0,90 a 45,45 0 1 1 0,-90"
                        />
                        <path
                          class="bp3-spinner-head"
                          d="M 50,50 m 0,-45 a 45,45 0 1 1 0,90 a 45,45 0 1 1 0,-90"
                          pathLength="280"
                          stroke-dasharray="280 280"
                          stroke-dashoffset="210"
                        />
                      </svg>
                    </div>
                  </div>
                </div>
              </div>
            </div>
          </div>
        </section>
        <section
          class="filterSection"
        >
          <div
            class="main"
          >
            <div
              class="Layout--vertical Layout--layout-spacing-large StyledProps--main StyledProps--padding-top-large StyledProps--padding-left-medium StyledProps--padding-right-small"
            >
              <div
                class="Layout--horizontal StyledProps--main StyledProps--flex"
              >
                <div
                  class="Layout--horizontal Layout--layout-spacing-small StyledProps--main layout"
                >
                  <span
                    class="bp3-icon StyledProps--main StyledProps--color StyledProps--color-white"
                    data-icon="ng-filter"
                  >
                    <svg
                      height="25"
                      viewBox="0 0 24 24"
                      width="25"
                      xmlns="http://www.w3.org/2000/svg"
                    >
                      <path
                        clip-rule="evenodd"
                        d="M16.5 8V7H19a.5.5 0 000-1h-2.5V5a.5.5 0 00-1 0v1H5a.5.5 0 000 1h10.5v1a.5.5 0 001 0zM5 11.5h3v-1a.5.5 0 011 0v1h10a.5.5 0 010 1H9v1a.5.5 0 01-1 0v-1H5a.5.5 0 010-1zM5 17a.5.5 0 000 1h7v1a.5.5 0 001 0v-1h6a.5.5 0 000-1h-6v-1a.5.5 0 00-1 0v1H5z"
                        fill="currentColor"
                        fill-rule="evenodd"
                      />
                    </svg>
                  </span>
                  <span
                    class="title"
                  >
                    Filter
                  </span>
                </div>
                <button
                  class="bp3-button Button--button StyledProps--font StyledProps--main closeFilter Button--with-current-color Button--iconOnly Button--without-shadow Button--withLeftIcon Button--variation Button--variation-icon"
                  type="button"
                >
                  <span
                    class="bp3-icon bp3-icon-cross StyledProps--main StyledProps--color StyledProps--color-white"
                    icon="cross"
                  >
                    <svg
                      data-icon="cross"
                      height="16"
                      viewBox="0 0 16 16"
                      width="16"
                    >
                      <desc>
                        cross
                      </desc>
                      <path
                        d="M9.41 8l3.29-3.29c.19-.18.3-.43.3-.71a1.003 1.003 0 00-1.71-.71L8 6.59l-3.29-3.3a1.003 1.003 0 00-1.42 1.42L6.59 8 3.3 11.29c-.19.18-.3.43-.3.71a1.003 1.003 0 001.71.71L8 9.41l3.29 3.29c.18.19.43.3.71.3a1.003 1.003 0 00.71-1.71L9.41 8z"
                        fill-rule="evenodd"
                      />
                    </svg>
                  </span>
                </button>
              </div>
            </div>
            <div
              class="OverlaySpinner--overlaySpinner"
            >
              <div
                class="OverlaySpinner--overlay"
              >
                <div
                  class="bp3-spinner loading"
                >
                  <div
                    class="bp3-spinner-animation"
                  >
                    <svg
                      height="50"
                      stroke-width="8.00"
                      viewBox="1.00 1.00 98.00 98.00"
                      width="50"
                    >
                      <path
                        class="bp3-spinner-track"
                        d="M 50,50 m 0,-45 a 45,45 0 1 1 0,90 a 45,45 0 1 1 0,-90"
                      />
                      <path
                        class="bp3-spinner-head"
                        d="M 50,50 m 0,-45 a 45,45 0 1 1 0,90 a 45,45 0 1 1 0,-90"
                        pathLength="280"
                        stroke-dasharray="280 280"
                        stroke-dashoffset="210"
                      />
                    </svg>
                  </div>
                </div>
              </div>
            </div>
          </div>
        </section>
      </div>
    </div>
  </form>
</div>
`;
