// Jest Snapshot v1, https://goo.gl/fbAQLP

exports[`Static Schedule form tests form renders successfully 1`] = `
<div>
  <div
    class="Layout--vertical Layout--layout-spacing-xlarge StyledProps--main fixedScheduleFormContainer"
  >
    <h2
      class="StyledProps--font StyledProps--font-h2 StyledProps--main StyledProps--color StyledProps--color-grey800"
      level="2"
    >
      ce.co.autoStoppingRule.configuration.step4.tabs.schedules.newScheduleTitle
    </h2>
    <div
      class="OverlaySpinner--overlaySpinner"
    >
      <form
        action="#"
        class="FormikForm--main"
      >
        <div>
          <div
            class="Layout--vertical Layout--layout-spacing-large StyledProps--main"
          >
            <div
              class="bp3-form-group"
              data-id="name-0"
            >
              <label
                class="bp3-label"
                for="name"
              >
                <span
                  class="Tooltip--acenter"
                  data-tooltip-id="newScheduleForm_name"
                >
                  name*
                </span>
                 
                <span
                  class="bp3-text-muted"
                />
              </label>
              <div
                class="bp3-form-content"
              >
                <div
                  class="bp3-input-group"
                >
                  <input
                    autocomplete="off"
                    class="bp3-input"
                    name="name"
                    type="text"
                    value=""
                  />
                </div>
              </div>
            </div>
            <div
              class="StyledProps--font StyledProps--main inputRow"
            >
              <div
                class="Layout--horizontal Layout--layout-spacing-large StyledProps--main"
              >
                <div
                  class="StyledProps--font StyledProps--main"
                  style="flex: 1;"
                >
                  <label
                    class="Label--main"
                  >
                    Ce.co.gatewayreview.type*
                  </label>
                  <div
                    class="PillToggle--optionBtns typeToggle"
                  >
                    <div
                      class="PillToggle--item"
                      data-name="toggle-option-one"
                      role="button"
                      tabindex="0"
                    >
                      CE.CO.AUTOSTOPPINGRULE.CONFIGURATION.STEP4.TABS.SCHEDULES.UPTIME
                    </div>
                    <div
                      class="PillToggle--item"
                      data-name="toggle-option-two"
                      role="button"
                      tabindex="0"
                    >
                      CE.CO.AUTOSTOPPINGRULE.CONFIGURATION.STEP4.TABS.SCHEDULES.DOWNTIME
                    </div>
                  </div>
                </div>
                <div
                  class="StyledProps--font StyledProps--main"
                  style="flex: 1;"
                >
                  <label
                    class="Label--main"
                  >
                    ce.co.autoStoppingRule.configuration.step4.tabs.schedules.timezone
                  </label>
                  <span
                    class="bp3-popover-wrapper"
                  >
                    <span
                      class="bp3-popover-target"
                    >
                      <span
                        class=""
                      >
                        <span
                          class="StyledProps--font StyledProps--main StyledProps--inline StyledProps--color StyledProps--color-primary6 StyledProps--font-small"
                        >
                          UTC
                        </span>
                        <span
                          class="bp3-icon bp3-icon-chevron-down StyledProps--main StyledProps--color StyledProps--color-primary6"
                          icon="chevron-down"
                        >
                          <svg
                            data-icon="chevron-down"
                            height="16"
                            viewBox="0 0 16 16"
                            width="16"
                          >
                            <desc>
                              chevron-down
                            </desc>
                            <path
                              d="M12 5c-.28 0-.53.11-.71.29L8 8.59l-3.29-3.3a1.003 1.003 0 00-1.42 1.42l4 4c.18.18.43.29.71.29s.53-.11.71-.29l4-4A1.003 1.003 0 0012 5z"
                              fill-rule="evenodd"
                            />
                          </svg>
                        </span>
                      </span>
                    </span>
                  </span>
                </div>
              </div>
            </div>
            <div
              class="StyledProps--font StyledProps--main inputRow"
            >
              <h3
                class="StyledProps--font StyledProps--font-h3 StyledProps--main heading"
                level="3"
              >
                ce.co.gatewayConfig.setSchedulePeriodHeader
              </h3>
              <div
                class="Layout--horizontal Layout--layout-spacing-large StyledProps--main"
              >
                <div
                  style="flex: 1;"
                >
                  <label
                    class="Label--main"
                  >
                    ce.co.autoStoppingRule.configuration.step4.tabs.schedules.beginsOn
                  </label>
                  <div
                    class="DateInput--dateInput"
                  >
                    <div
                      class="TextInput--main"
                    >
                      <div
                        class="bp3-input-group bp3-disabled"
                      >
                        <input
                          class="bp3-input"
                          data-testid="beginsOn"
                          disabled=""
                          placeholder="MM/DD/YYYY HH:mm"
                          type="text"
                          value=""
                        />
                      </div>
                    </div>
                    <span
                      class="bp3-popover-wrapper DateInput--calendarIcon"
                    >
                      <span
                        class="bp3-popover-target"
                      >
                        <button
                          class="bp3-button bp3-minimal Button--button StyledProps--font StyledProps--main Button--with-current-color Button--iconOnly Button--without-shadow Button--withLeftIcon"
                          type="button"
                        >
                          <span
                            class="bp3-icon bp3-icon-calendar StyledProps--main"
                            icon="calendar"
                          >
                            <svg
                              data-icon="calendar"
                              height="16"
                              viewBox="0 0 16 16"
                              width="16"
                            >
                              <desc>
                                calendar
                              </desc>
                              <path
                                d="M11 3c.6 0 1-.5 1-1V1c0-.6-.4-1-1-1s-1 .4-1 1v1c0 .5.4 1 1 1zm3-2h-1v1c0 1.1-.9 2-2 2s-2-.9-2-2V1H6v1c0 1.1-.9 2-2 2s-2-.9-2-2V1H1c-.6 0-1 .5-1 1v12c0 .6.4 1 1 1h13c.6 0 1-.4 1-1V2c0-.6-.5-1-1-1zM5 13H2v-3h3v3zm0-4H2V6h3v3zm4 4H6v-3h3v3zm0-4H6V6h3v3zm4 4h-3v-3h3v3zm0-4h-3V6h3v3zM4 3c.6 0 1-.5 1-1V1c0-.6-.4-1-1-1S3 .4 3 1v1c0 .5.4 1 1 1z"
                                fill-rule="evenodd"
                              />
                            </svg>
                          </span>
                        </button>
                      </span>
                    </span>
                  </div>
                </div>
                <div
                  style="flex: 1;"
                >
                  <label
                    class="Label--main"
                  >
                    ce.co.autoStoppingRule.configuration.step4.tabs.schedules.endsOn
                  </label>
                  <div
                    class="disabledDateInput"
                  >
                    <div
                      class="DateInput--dateInput"
                    >
                      <div
                        class="TextInput--main"
                      >
                        <div
                          class="bp3-input-group bp3-disabled"
                        >
                          <input
                            class="bp3-input"
                            disabled=""
                            placeholder="MM/DD/YYYY HH:mm"
                            type="text"
                            value=""
                          />
                        </div>
                      </div>
                      <span
                        class="bp3-popover-wrapper DateInput--calendarIcon"
                      >
                        <span
                          class="bp3-popover-target"
                        >
                          <button
                            class="bp3-button bp3-minimal Button--button StyledProps--font StyledProps--main Button--with-current-color Button--iconOnly Button--without-shadow Button--withLeftIcon"
                            type="button"
                          >
                            <span
                              class="bp3-icon bp3-icon-calendar StyledProps--main"
                              icon="calendar"
                            >
                              <svg
                                data-icon="calendar"
                                height="16"
                                viewBox="0 0 16 16"
                                width="16"
                              >
                                <desc>
                                  calendar
                                </desc>
                                <path
                                  d="M11 3c.6 0 1-.5 1-1V1c0-.6-.4-1-1-1s-1 .4-1 1v1c0 .5.4 1 1 1zm3-2h-1v1c0 1.1-.9 2-2 2s-2-.9-2-2V1H6v1c0 1.1-.9 2-2 2s-2-.9-2-2V1H1c-.6 0-1 .5-1 1v12c0 .6.4 1 1 1h13c.6 0 1-.4 1-1V2c0-.6-.5-1-1-1zM5 13H2v-3h3v3zm0-4H2V6h3v3zm4 4H6v-3h3v3zm0-4H6V6h3v3zm4 4h-3v-3h3v3zm0-4h-3V6h3v3zM4 3c.6 0 1-.5 1-1V1c0-.6-.4-1-1-1S3 .4 3 1v1c0 .5.4 1 1 1z"
                                  fill-rule="evenodd"
                                />
                              </svg>
                            </span>
                          </button>
                        </span>
                      </span>
                    </div>
                  </div>
                </div>
              </div>
              <label
                class="bp3-control bp3-checkbox StyledProps--font Checkbox--checkbox StyledProps--main"
                style="width: 20%;"
              >
                <input
                  checked=""
                  name="neverEnds"
                  type="checkbox"
                />
                <span
                  class="bp3-control-indicator"
                />
                ce.co.autoStoppingRule.configuration.step4.tabs.schedules.neverEnds
              </label>
            </div>
            <div
              class="StyledProps--font StyledProps--main"
            >
              <h3
                class="StyledProps--font StyledProps--font-h3 StyledProps--main heading"
                level="3"
              >
                ce.co.gatewayConfig.setScheduleTimeHeader
              </h3>
              <div
                class="Layout--horizontal Layout--layout-spacing-large StyledProps--main"
              >
                <div
                  class="StyledProps--font StyledProps--main"
                  style="flex: 1;"
                >
                  <label
                    class="Label--main"
                  >
                    ce.co.autoStoppingRule.configuration.step4.tabs.schedules.repeats
                  </label>
                  <label
                    class="bp3-control bp3-radio"
                  >
                    <input
                      checked=""
                      type="radio"
                      value="everyday"
                    />
                    <span
                      class="bp3-control-indicator"
                    />
                    ce.co.autoStoppingRule.configuration.step4.tabs.schedules.everyday
                  </label>
                  <div
                    class="Layout--horizontal StyledProps--main StyledProps--flex StyledProps--flex-alignItems-center StyledProps--flex-justifyContent-start"
                  >
                    <label
                      class="bp3-control bp3-radio"
                    >
                      <input
                        type="radio"
                        value="somedays"
                      />
                      <span
                        class="bp3-control-indicator"
                      />
                      
                    </label>
                    <div
                      class="Layout--horizontal StyledProps--main daysOfWeekSelectorCont disabled"
                    >
                      <div
                        class="day"
                        data-testid="SUNDAY"
                      >
                        S
                      </div>
                      <div
                        class="day"
                        data-testid="MONDAY"
                      >
                        M
                      </div>
                      <div
                        class="day"
                        data-testid="TUESDAY"
                      >
                        T
                      </div>
                      <div
                        class="day"
                        data-testid="WEDNESDAY"
                      >
                        W
                      </div>
                      <div
                        class="day"
                        data-testid="THURSDAY"
                      >
                        T
                      </div>
                      <div
                        class="day"
                        data-testid="FRIDAY"
                      >
                        F
                      </div>
                      <div
                        class="day"
                        data-testid="SATURDAY"
                      >
                        S
                      </div>
                    </div>
                  </div>
                </div>
                <div
                  class="StyledProps--font StyledProps--main"
                  style="flex: 1;"
                >
                  <label
                    class="Label--main"
                  >
                    timeLabel
                  </label>
                  <label
                    class="bp3-control bp3-radio"
                  >
                    <input
                      checked=""
                      type="radio"
                      value="allDay"
                    />
                    <span
                      class="bp3-control-indicator"
                    />
                    ce.co.autoStoppingRule.configuration.step4.tabs.schedules.allDay
                  </label>
                  <div
                    class="Layout--horizontal StyledProps--main StyledProps--flex StyledProps--flex-alignItems-baseline StyledProps--flex-justifyContent-start"
                  >
                    <label
                      class="bp3-control bp3-radio"
                    >
                      <input
                        type="radio"
                        value="sometime"
                      />
                      <span
                        class="bp3-control-indicator"
                      />
                      
                    </label>
                    <div
                      class="StyledProps--font StyledProps--main"
                    >
                      <div
                        class="Layout--horizontal StyledProps--main fromTime StyledProps--flex StyledProps--flex-alignItems-center StyledProps--flex-justifyContent-start"
                      >
                        <p
                          class="StyledProps--font StyledProps--main"
                        >
                          ce.co.autoStoppingRule.configuration.step4.tabs.schedules.fromText
                        </p>
                        <div
                          class="bp3-timepicker bp3-disabled"
                        >
                          <div
                            class="bp3-timepicker-arrow-row"
                          />
                          <div
                            class="bp3-timepicker-input-row"
                          >
                            <input
                              class="bp3-timepicker-input bp3-timepicker-hour"
                              disabled=""
                              value="12"
                            />
                            <span
                              class="bp3-timepicker-divider-text"
                            >
                              :
                            </span>
                            <input
                              class="bp3-timepicker-input bp3-timepicker-minute"
                              disabled=""
                              value="00"
                            />
                          </div>
                          <div
                            class="bp3-html-select bp3-disabled bp3-timepicker-ampm-select"
                          >
                            <select
                              disabled=""
                            >
                              <option
                                value="am"
                              >
                                AM
                              </option>
                              <option
                                value="pm"
                              >
                                PM
                              </option>
                            </select>
                            <span
                              class="bp3-icon bp3-icon-double-caret-vertical"
                              icon="double-caret-vertical"
                            >
                              <svg
                                data-icon="double-caret-vertical"
                                height="16"
                                viewBox="0 0 16 16"
                                width="16"
                              >
                                <desc>
                                  double-caret-vertical
                                </desc>
                                <path
                                  d="M5 7h6a1.003 1.003 0 00.71-1.71l-3-3C8.53 2.11 8.28 2 8 2s-.53.11-.71.29l-3 3A1.003 1.003 0 005 7zm6 2H5a1.003 1.003 0 00-.71 1.71l3 3c.18.18.43.29.71.29s.53-.11.71-.29l3-3A1.003 1.003 0 0011 9z"
                                  fill-rule="evenodd"
                                />
                              </svg>
                            </span>
                          </div>
                          <div
                            class="bp3-timepicker-arrow-row"
                          />
                        </div>
                      </div>
                      <div
                        class="Layout--horizontal StyledProps--main toTime StyledProps--flex StyledProps--flex-alignItems-center StyledProps--flex-justifyContent-start"
                      >
                        <p
                          class="StyledProps--font StyledProps--main"
                        >
                          ce.co.autoStoppingRule.configuration.step4.tabs.schedules.toText
                        </p>
                        <div
                          class="bp3-timepicker bp3-disabled"
                        >
                          <div
                            class="bp3-timepicker-arrow-row"
                          />
                          <div
                            class="bp3-timepicker-input-row"
                          >
                            <input
                              class="bp3-timepicker-input bp3-timepicker-hour"
                              disabled=""
                              value="12"
                            />
                            <span
                              class="bp3-timepicker-divider-text"
                            >
                              :
                            </span>
                            <input
                              class="bp3-timepicker-input bp3-timepicker-minute"
                              disabled=""
                              value="00"
                            />
                          </div>
                          <div
                            class="bp3-html-select bp3-disabled bp3-timepicker-ampm-select"
                          >
                            <select
                              disabled=""
                            >
                              <option
                                value="am"
                              >
                                AM
                              </option>
                              <option
                                value="pm"
                              >
                                PM
                              </option>
                            </select>
                            <span
                              class="bp3-icon bp3-icon-double-caret-vertical"
                              icon="double-caret-vertical"
                            >
                              <svg
                                data-icon="double-caret-vertical"
                                height="16"
                                viewBox="0 0 16 16"
                                width="16"
                              >
                                <desc>
                                  double-caret-vertical
                                </desc>
                                <path
                                  d="M5 7h6a1.003 1.003 0 00.71-1.71l-3-3C8.53 2.11 8.28 2 8 2s-.53.11-.71.29l-3 3A1.003 1.003 0 005 7zm6 2H5a1.003 1.003 0 00-.71 1.71l3 3c.18.18.43.29.71.29s.53-.11.71-.29l3-3A1.003 1.003 0 0011 9z"
                                  fill-rule="evenodd"
                                />
                              </svg>
                            </span>
                          </div>
                          <div
                            class="bp3-timepicker-arrow-row"
                          />
                        </div>
                      </div>
                    </div>
                  </div>
                </div>
              </div>
            </div>
          </div>
          <div
            class="Layout--horizontal Layout--layout-spacing-medium StyledProps--main ctaContainer"
          >
            <button
              class="bp3-button bp3-disabled Button--button StyledProps--font StyledProps--main StyledProps--intent-primary Button--with-current-color"
              disabled=""
              tabindex="-1"
              type="submit"
            >
              <span
                class="bp3-button-text"
              >
                common.apply
              </span>
            </button>
            <button
              class="bp3-button Button--button StyledProps--font StyledProps--main Button--with-current-color"
              type="button"
            >
              <span
                class="bp3-button-text"
              >
                cancel
              </span>
            </button>
          </div>
        </div>
      </form>
    </div>
  </div>
</div>
`;

exports[`Static Schedules tests should render the static schedule component successfully 1`] = `
<div>
  <div
    class="Layout--vertical Layout--layout-spacing-medium StyledProps--main"
  >
    <p
      class="StyledProps--font StyledProps--main"
    >
      ce.co.autoStoppingRule.configuration.step4.tabs.schedules.description
    </p>
    <div
      class="Layout--vertical Layout--layout-spacing-medium StyledProps--main"
    >
      <div>
        <div
          class="StyledProps--font StyledProps--main scheduleItemContainer"
        >
          <div
            class="Layout--horizontal StyledProps--main"
          >
            <div
              class="col1"
            >
              <div
                class="Layout--horizontal Layout--layout-spacing-small StyledProps--main"
              >
                <p
                  class="StyledProps--font Text--lineclamp StyledProps--main"
                  style="--text-line-clamp: 1;"
                >
                  schedule1
                </p>
                <span
                  class="upTag"
                >
                  uptime
                </span>
              </div>
            </div>
            <div
              class="Layout--vertical StyledProps--main col2"
            >
              <div
                class="Layout--horizontal Layout--layout-spacing-small StyledProps--main"
              >
                <span
                  class="bp3-icon bp3-icon-calendar StyledProps--main"
                  icon="calendar"
                >
                  <svg
                    data-icon="calendar"
                    height="16"
                    viewBox="0 0 16 16"
                    width="16"
                  >
                    <desc>
                      calendar
                    </desc>
                    <path
                      d="M11 3c.6 0 1-.5 1-1V1c0-.6-.4-1-1-1s-1 .4-1 1v1c0 .5.4 1 1 1zm3-2h-1v1c0 1.1-.9 2-2 2s-2-.9-2-2V1H6v1c0 1.1-.9 2-2 2s-2-.9-2-2V1H1c-.6 0-1 .5-1 1v12c0 .6.4 1 1 1h13c.6 0 1-.4 1-1V2c0-.6-.5-1-1-1zM5 13H2v-3h3v3zm0-4H2V6h3v3zm4 4H6v-3h3v3zm0-4H6V6h3v3zm4 4h-3v-3h3v3zm0-4h-3V6h3v3zM4 3c.6 0 1-.5 1-1V1c0-.6-.4-1-1-1S3 .4 3 1v1c0 .5.4 1 1 1z"
                      fill-rule="evenodd"
                    />
                  </svg>
                </span>
                <p
                  class="StyledProps--font StyledProps--main"
                >
                  2021-11-03 07:06 AM - 2021-11-03 09:06 AM
                </p>
              </div>
              <div
                class="Layout--horizontal Layout--layout-spacing-small StyledProps--main"
              >
                <span
                  class="bp3-icon bp3-icon-time StyledProps--main"
                  icon="time"
                >
                  <svg
                    data-icon="time"
                    height="16"
                    viewBox="0 0 16 16"
                    width="16"
                  >
                    <desc>
                      time
                    </desc>
                    <path
                      d="M8 0C3.58 0 0 3.58 0 8s3.58 8 8 8 8-3.58 8-8-3.58-8-8-8zm0 14c-3.31 0-6-2.69-6-6s2.69-6 6-6 6 2.69 6 6-2.69 6-6 6zm1-6.41V4c0-.55-.45-1-1-1s-1 .45-1 1v4c0 .28.11.53.29.71l2 2a1.003 1.003 0 001.42-1.42L9 7.59z"
                      fill-rule="evenodd"
                    />
                  </svg>
                </span>
                <p
                  class="StyledProps--font StyledProps--main"
                >
                  Duration: 01:12 PM-03:12 PM
                </p>
              </div>
              <div
                class="Layout--horizontal Layout--layout-spacing-small StyledProps--main"
              >
                <span
                  class="bp3-icon StyledProps--main"
                  data-icon="main-rerun"
                >
                  <svg
                    height="16"
                    viewBox="0 0 13 14"
                    width="16"
                    xmlns="http://www.w3.org/2000/svg"
                  >
                    <path
                      d="M10.3 0h-.2c-.2.1-.4.4-.4.6v1.3H1.3C.6 1.9 0 2.5 0 3.2v3.2c0 .2.1.4.3.6.2 0 .5 0 .7-.1s.3-.3.3-.6V3.2h8.4v1.3c0 .3.2.5.4.6h.2c.2 0 .3-.1.5-.2l2-1.9c.3-.2.3-.7 0-.9L10.9.2c-.2-.1-.4-.2-.6-.2zm2 7c-.4 0-.6.3-.6.6v3.2H3.3V9.5c0-.3-.2-.5-.4-.6h-.2c-.3 0-.4.1-.6.2L.2 11c-.3.2-.3.7 0 .9l1.9 1.9c.2.2.5.2.7.2.2-.1.4-.3.4-.6v-1.3h8.4c.7 0 1.3-.6 1.3-1.3V7.6c0-.2-.1-.3-.2-.5s-.2-.1-.4-.1z"
                      fill="#4d5969"
                    />
                  </svg>
                </span>
                <p
                  class="StyledProps--font StyledProps--main"
                >
                  Repeats: MON, WED, FRI
                </p>
              </div>
              <div
                class="Layout--horizontal Layout--layout-spacing-small StyledProps--main"
              >
                <span
                  class="bp3-icon StyledProps--main"
                  data-icon="synced"
                >
                  <svg
                    fill="none"
                    height="16"
                    viewBox="0 0 16 22"
                    width="16"
                    xmlns="http://www.w3.org/2000/svg"
                  >
                    <path
                      d="M10.906 8.174L6.994 12.27 4.95 10.34a.562.562 0 10-.772.818l2.452 2.314a.563.563 0 00.793-.021l4.297-4.5a.562.562 0 10-.813-.777z"
                      fill="#42AB45"
                    />
                    <path
                      d="M8 3V0L4 4l4 4V5c3.31 0 6 2.69 6 6 0 1.01-.25 1.97-.7 2.8l1.46 1.46A7.93 7.93 0 0016 11c0-4.42-3.58-8-8-8zm0 14c-3.31 0-6-2.69-6-6 0-1.01.25-1.97.7-2.8L1.24 6.74A7.93 7.93 0 000 11c0 4.42 3.58 8 8 8v3l4-4-4-4v3z"
                      fill="#9293AB"
                    />
                  </svg>
                </span>
                <p
                  class="StyledProps--font StyledProps--main"
                >
                  Timezone: Asia/Calcutta
                </p>
              </div>
            </div>
            <div
              class="Layout--horizontal Layout--layout-spacing-medium StyledProps--main col3"
            >
              <span
                class="bp3-icon StyledProps--main"
                data-icon="Edit"
              >
                <svg
                  height="16"
                  viewBox="0 0 16 16"
                  width="16"
                  xmlns="http://www.w3.org/2000/svg"
                >
                  <path
                    clip-rule="evenodd"
                    d="M11.207.485a.5.5 0 01.354-.146 3.5 3.5 0 013.5 3.5.5.5 0 01-.146.353l-11 11a.5.5 0 01-.354.147h-3a.5.5 0 01-.5-.5v-3a.5.5 0 01.146-.354l11-11zm.553.862L1.061 12.046v2.293h2.293l10.7-10.7a2.5 2.5 0 00-2.294-2.292z"
                    fill="currentColor"
                    fill-rule="evenodd"
                  />
                  <path
                    clip-rule="evenodd"
                    d="M11.89 2.646a.5.5 0 010 .708L8.353 6.889a.5.5 0 01-.708-.707l3.536-3.536a.5.5 0 01.707 0z"
                    fill="currentColor"
                    fill-rule="evenodd"
                    opacity="0.3"
                  />
                </svg>
              </span>
              <span
                class="bp3-icon StyledProps--main"
                data-icon="main-trash"
              >
                <svg
                  height="16"
                  viewBox="0 0 16 20"
                  width="16"
                  xmlns="http://www.w3.org/2000/svg"
                >
                  <path
                    clip-rule="evenodd"
                    d="M1.143 8.48a1.2 1.2 0 011.189-1.36h10.649a1.2 1.2 0 011.194 1.321l-1.039 10.208a1.2 1.2 0 01-1.193 1.079H3.716a1.2 1.2 0 01-1.189-1.04L1.143 8.48zm11.837-.16H2.332l1.385 10.207h8.226L12.98 8.32zM5.916 1.594a.6.6 0 01.719-.452l4.224.965a.6.6 0 01.452.719L11 4.179l3.86.882a.6.6 0 01-.267 1.17L1.535 3.248a.6.6 0 11.267-1.17l3.805.87.309-1.354zm.86 1.62l3.056.698.175-.768-3.055-.698-.175.768z"
                    fill="currentColor"
                    fill-rule="evenodd"
                  />
                  <path
                    clip-rule="evenodd"
                    d="M8 10.808a.5.5 0 01.5.5v5a.5.5 0 01-1 0v-5a.5.5 0 01.5-.5zm-2.761.012a.5.5 0 01.541.454l.436 4.981a.5.5 0 11-.996.087l-.436-4.98a.5.5 0 01.455-.542zM10.762 10.82a.5.5 0 01.455.541l-.436 4.981a.5.5 0 11-.996-.087l.435-4.98a.5.5 0 01.542-.455z"
                    fill="currentColor"
                    fill-rule="evenodd"
                    opacity="0.3"
                  />
                </svg>
              </span>
            </div>
          </div>
          <p
            class="StyledProps--font StyledProps--main description StyledProps--font-size-small"
          >
            Resources will be up on every MON, WED, FRI from 01:12 PM to 03:12 PM starting from 2021-11-03 07:06 AM and ending on 2021-11-03 09:06 AM
          </p>
        </div>
      </div>
    </div>
    <button
      class="bp3-button Button--button StyledProps--font StyledProps--main Button--with-current-color Button--withLeftIcon"
      data-testid="addScheduleBtn"
      style="max-width: 200px;"
      type="button"
    >
      <span
        class="bp3-icon bp3-icon-plus StyledProps--main"
        icon="plus"
      >
        <svg
          data-icon="plus"
          height="16"
          viewBox="0 0 16 16"
          width="16"
        >
          <desc>
            plus
          </desc>
          <path
            d="M13 7H9V3c0-.55-.45-1-1-1s-1 .45-1 1v4H3c-.55 0-1 .45-1 1s.45 1 1 1h4v4c0 .55.45 1 1 1s1-.45 1-1V9h4c.55 0 1-.45 1-1s-.45-1-1-1z"
            fill-rule="evenodd"
          />
        </svg>
      </span>
      <span
        class="bp3-button-text"
      >
        ce.co.autoStoppingRule.configuration.step4.tabs.schedules.addSchedulesBtn
      </span>
    </button>
  </div>
</div>
`;
