// Jest Snapshot v1, https://goo.gl/fbAQLP

exports[`Create CE AWS Connector Create Cross Account Role Step should render form 1`] = `
<div>
  <div
    class="Layout--vertical StyledProps--main stepContainer"
  >
    <div
      class="Text--withDocsTooltip"
      data-tooltip-id="awsConnectorCreateRole"
    >
      <p
        class="StyledProps--font StyledProps--main StyledProps--font-variation-h3 StyledProps--margin-bottom-large"
      >
        connectors.ceAws.crossAccountRoleStep2.heading
      </p>
    </div>
    <p
      class="StyledProps--font StyledProps--main StyledProps--color StyledProps--color-grey800 StyledProps--font-variation-body StyledProps--margin-bottom-large"
    >
      connectors.ceAws.crossAccountRoleStep2.subHeading
    </p>
    <div
      class="StyledProps--font StyledProps--main instructionPanel"
    >
      <ol
        class="instructionList"
      >
        <li
          class="undefined"
        >
          <p
            class="StyledProps--font StyledProps--main StyledProps--font-variation-body StyledProps--color StyledProps--color-grey800"
          >
            connectors.ceAws.crossAccountRoleStep2.instructions.i1
            <button
              class="bp3-button Button--button StyledProps--font StyledProps--main Button--with-current-color Button--withRightIcon Button--variation Button--variation-secondary Button--size Button--small"
              type="button"
            >
              <span
                class="bp3-button-text"
              >
                connectors.ceAws.crossAccountRoleStep2.launchTemplate
              </span>
              <span
                class="bp3-icon StyledProps--main StyledProps--margin-left-xsmall"
                data-icon="main-share"
              >
                <svg
                  height="12"
                  viewBox="0 0 14 14"
                  width="12"
                  xmlns="http://www.w3.org/2000/svg"
                >
                  <path
                    d="M10.5 12.6H1.4V3.5h6.1l1.4-1.4H.7c-.4 0-.7.3-.7.7v10.5c0 .4.3.7.7.7h10.5c.4 0 .7-.3.7-.7V5.1l-1.4 1.4zM13.3 0H8.4c-.4 0-.7.3-.7.7s.3.7.7.7h3.2L6.5 6.5c-.1.1-.2.3-.2.5 0 .4.3.7.7.7.2 0 .4-.1.5-.2l5.1-5.1v3.2c0 .4.3.7.7.7s.7-.3.7-.7V.7c0-.4-.3-.7-.7-.7z"
                    fill="#4d5969"
                  />
                </svg>
              </span>
            </button>
          </p>
          <p
            class="StyledProps--font StyledProps--main StyledProps--font-variation-body StyledProps--color StyledProps--color-grey800"
          >
            connectors.ceAws.crossAccountRoleStep2.instructions.i2
            <a
              href=""
              rel="noreferrer"
              target="_blank"
            >
              connectors.ceAws.crossAccountRoleStep2.instructions.templateRedirection
            </a>
            .)
          </p>
        </li>
        <li
          class="instructionList"
        >
          <p
            class="StyledProps--font StyledProps--main StyledProps--font-variation-body StyledProps--color StyledProps--color-grey800"
          >
            connectors.ceAws.crossAccountRoleStep2.instructions.i3
          </p>
        </li>
        <li
          class="instructionList"
        >
          <p
            class="StyledProps--font StyledProps--main StyledProps--font-variation-body StyledProps--color StyledProps--color-grey800"
          >
            connectors.ceAws.cur.instructions.i2
            <a
              href="https://ngdocs.harness.io/article/80vbt5jv0q-set-up-cost-visibility-for-aws#step_4_create_cross_account_role"
              rel="noreferrer"
              target="_blank"
            >
              connectors.ceAws.crossAccountRoleStep2.instructions.i4
              <span
                class="bp3-icon StyledProps--main StyledProps--color StyledProps--color-primary7"
                data-icon="main-share"
              >
                <svg
                  height="16"
                  viewBox="0 0 14 14"
                  width="16"
                  xmlns="http://www.w3.org/2000/svg"
                >
                  <path
                    d="M10.5 12.6H1.4V3.5h6.1l1.4-1.4H.7c-.4 0-.7.3-.7.7v10.5c0 .4.3.7.7.7h10.5c.4 0 .7-.3.7-.7V5.1l-1.4 1.4zM13.3 0H8.4c-.4 0-.7.3-.7.7s.3.7.7.7h3.2L6.5 6.5c-.1.1-.2.3-.2.5 0 .4.3.7.7.7.2 0 .4-.1.5-.2l5.1-5.1v3.2c0 .4.3.7.7.7s.7-.3.7-.7V.7c0-.4-.3-.7-.7-.7z"
                    fill="#4d5969"
                  />
                </svg>
              </span>
            </a>
          </p>
        </li>
        <li
          class="instructionList"
        >
          <p
            class="StyledProps--font StyledProps--main StyledProps--font-variation-body StyledProps--color StyledProps--color-grey800"
          >
            connectors.ceAws.crossAccountRoleStep2.instructions.i5
          </p>
        </li>
      </ol>
    </div>
    <div
      style="flex: 1;"
    >
      <div
        class="OverlaySpinner--overlaySpinner"
      >
        <form
          action="#"
          class="FormikForm--main"
        >
          <div>
            <div
              class="StyledProps--font StyledProps--main main"
            >
              <div
                class="bp3-form-group dataFields"
                data-id="crossAccountRoleArn-0"
              >
                <label
                  class="bp3-label"
                  for="crossAccountRoleArn"
                >
                  <span
                    class="Tooltip--acenter"
                    data-tooltip-id="crossAccountRoleArn"
                  >
                    connectors.ceAws.crossAccountRoleStep2.roleArn
                  </span>
                   
                  <span
                    class="bp3-text-muted"
                  />
                </label>
                <div
                  class="bp3-form-content"
                >
                  <div
                    class="bp3-input-group"
                  >
                    <input
                      autocomplete="off"
                      class="bp3-input"
                      name="crossAccountRoleArn"
                      type="text"
                      value=""
                    />
                  </div>
                </div>
              </div>
              <div
                class="bp3-form-group dataFields"
                data-id="externalId-1"
              >
                <label
                  class="bp3-label"
                  for="externalId"
                >
                  <span
                    class="Tooltip--acenter"
                    data-tooltip-id="externalId"
                  >
                    connectors.ceAws.crossAccountRoleStep2.extId
                  </span>
                   
                  <span
                    class="bp3-text-muted"
                  />
                </label>
                <div
                  class="bp3-form-content"
                >
                  <div
                    class="bp3-input-group"
                  >
                    <input
                      autocomplete="off"
                      class="bp3-input"
                      name="externalId"
                      type="text"
                      value=""
                    />
                  </div>
                </div>
              </div>
            </div>
            <a
              class="noAccountLink"
              href="https://newdocs.helpdocs.io/article/80vbt5jv0q-set-up-cost-visibility-for-aws#review_aws_access_permissions"
              rel="noreferrer"
              target="_blank"
            >
              connectors.ceAws.crossAccountRoleStep2.dontHaveAccess
            </a>
            <div
              class="Layout--horizontal Layout--layout-spacing-small StyledProps--main buttonPanel"
            >
              <button
                class="bp3-button Button--button StyledProps--font StyledProps--main Button--with-current-color Button--withLeftIcon"
                type="button"
              >
                <span
                  class="bp3-icon bp3-icon-chevron-left StyledProps--main StyledProps--padding-right-xsmall"
                  icon="chevron-left"
                >
                  <svg
                    data-icon="chevron-left"
                    height="16"
                    viewBox="0 0 16 16"
                    width="16"
                  >
                    <desc>
                      chevron-left
                    </desc>
                    <path
                      d="M7.41 8l3.29-3.29c.19-.18.3-.43.3-.71a1.003 1.003 0 00-1.71-.71l-4 4C5.11 7.47 5 7.72 5 8c0 .28.11.53.29.71l4 4a1.003 1.003 0 001.42-1.42L7.41 8z"
                      fill-rule="evenodd"
                    />
                  </svg>
                </span>
                <span
                  class="bp3-button-text"
                >
                  previous
                </span>
              </button>
              <button
                class="bp3-button Button--button StyledProps--font StyledProps--main StyledProps--intent-primary Button--with-current-color Button--withRightIcon"
                type="submit"
              >
                <span
                  class="bp3-button-text"
                >
                  saveAndContinue
                </span>
                <span
                  class="bp3-icon bp3-icon-chevron-right StyledProps--main"
                  icon="chevron-right"
                >
                  <svg
                    data-icon="chevron-right"
                    height="16"
                    viewBox="0 0 16 16"
                    width="16"
                  >
                    <desc>
                      chevron-right
                    </desc>
                    <path
                      d="M10.71 7.29l-4-4a1.003 1.003 0 00-1.42 1.42L8.59 8 5.3 11.29c-.19.18-.3.43-.3.71a1.003 1.003 0 001.71.71l4-4c.18-.18.29-.43.29-.71 0-.28-.11-.53-.29-.71z"
                      fill-rule="evenodd"
                    />
                  </svg>
                </span>
              </button>
            </div>
          </div>
        </form>
      </div>
    </div>
  </div>
</div>
`;
