// Jest Snapshot v1, https://goo.gl/fbAQLP

exports[`ActiveServiceInstancesContent should render ActiveServiceInstancesContent 1`] = `
<div>
  <div
    class="Layout--horizontal StyledProps--main StyledProps--padding-top-medium"
  >
    <div
      class="TableV2--table instanceTable"
    >
      <div
        class="TableV2--header"
        role="row"
      >
        <div
          class="TableV2--cell"
          colspan="1"
          role="columnheader"
          style="width: 20%;"
        >
          <p
            class="StyledProps--font StyledProps--main StyledProps--font-variation-table-headers"
          >
            environment
          </p>
        </div>
        <div
          class="TableV2--cell"
          colspan="1"
          role="columnheader"
          style="width: 23%;"
        >
          <p
            class="StyledProps--font StyledProps--main StyledProps--font-variation-table-headers"
          >
            cd.artifactVersion
          </p>
        </div>
        <div
          class="TableV2--cell"
          colspan="1"
          role="columnheader"
          style="width: 10%;"
        >
          <p
            class="StyledProps--font StyledProps--main StyledProps--font-variation-table-headers"
          >
            
          </p>
        </div>
        <div
          class="TableV2--cell"
          colspan="1"
          role="columnheader"
          style="width: 47%;"
        >
          <p
            class="StyledProps--font StyledProps--main StyledProps--font-variation-table-headers"
          >
            common.instanceLabel
          </p>
        </div>
      </div>
      <div
        class="TableV2--body"
      >
        <div
          class="TableV2--row TableV2--card"
          role="row"
        >
          <div
            class="TableV2--cell"
            role="cell"
            style="width: 20%;"
          >
            <div
              class="StyledProps--font StyledProps--main envContainer"
            >
              <p
                class="StyledProps--font Text--lineclamp StyledProps--main environmentRow StyledProps--font-size-small StyledProps--color StyledProps--color-white"
                style="--text-line-clamp: 1;"
              >
                envName
              </p>
            </div>
          </div>
          <div
            class="TableV2--cell"
            role="cell"
            style="width: 23%;"
          >
            <div
              class="StyledProps--font StyledProps--main paddedContainer"
            >
              <p
                class="StyledProps--font Text--lineclamp StyledProps--main StyledProps--font-size-small StyledProps--font-weight-semi-bold StyledProps--color StyledProps--color-grey800"
                style="--text-line-clamp: 1;"
              >
                build1
              </p>
            </div>
          </div>
          <div
            class="TableV2--cell"
            role="cell"
            style="width: 10%;"
          >
            <div
              class="StyledProps--font StyledProps--main paddedContainer"
            >
              <p
                class="StyledProps--font StyledProps--main instanceCount overflow StyledProps--font-size-xsmall StyledProps--font-weight-bold StyledProps--background-grey100"
              >
                1
              </p>
            </div>
          </div>
          <div
            class="TableV2--cell"
            role="cell"
            style="width: 47%;"
          >
            <div
              class="StyledProps--font StyledProps--main paddedContainer hexContainer StyledProps--flex StyledProps--flex-justifyContent-flex-start"
            >
              <span
                class="bp3-popover-wrapper"
              >
                <span
                  class="bp3-popover-target"
                >
                  <div
                    class="StyledProps--font StyledProps--main hex StyledProps--background-primary3 StyledProps--margin-left-xsmall StyledProps--margin-right-xsmall StyledProps--margin-top-xsmall StyledProps--margin-bottom-xsmall"
                    style="width: 18px; height: 18px;"
                  />
                </span>
              </span>
            </div>
          </div>
        </div>
        <div
          class="TableV2--row TableV2--card"
          role="row"
        >
          <div
            class="TableV2--cell"
            role="cell"
            style="width: 20%;"
          />
          <div
            class="TableV2--cell"
            role="cell"
            style="width: 23%;"
          >
            <div
              class="StyledProps--font StyledProps--main paddedContainer"
            >
              <p
                class="StyledProps--font StyledProps--main seeMore StyledProps--font-size-xsmall StyledProps--font-weight-semi-bold StyledProps--color StyledProps--color-primary6 StyledProps--background-primary1"
              >
                cd.serviceDashboard.seeMore
              </p>
            </div>
          </div>
          <div
            class="TableV2--cell"
            role="cell"
            style="width: 10%;"
          />
          <div
            class="TableV2--cell"
            role="cell"
            style="width: 47%;"
          />
        </div>
        <div
          class="TableV2--row TableV2--card"
          role="row"
        >
          <div
            class="TableV2--cell"
            role="cell"
            style="width: 20%;"
          />
          <div
            class="TableV2--cell"
            role="cell"
            style="width: 23%;"
          >
            <div
              class="StyledProps--font StyledProps--main paddedContainer"
            >
              <p
                class="StyledProps--font Text--lineclamp StyledProps--main StyledProps--font-size-small StyledProps--font-weight-semi-bold StyledProps--color StyledProps--color-grey800"
                style="--text-line-clamp: 1;"
              >
                build3
              </p>
            </div>
          </div>
          <div
            class="TableV2--cell"
            role="cell"
            style="width: 10%;"
          >
            <div
              class="StyledProps--font StyledProps--main paddedContainer"
            >
              <p
                class="StyledProps--font StyledProps--main instanceCount overflow StyledProps--font-size-xsmall StyledProps--font-weight-bold StyledProps--background-grey100"
              >
                3
              </p>
            </div>
          </div>
          <div
            class="TableV2--cell"
            role="cell"
            style="width: 47%;"
          >
            <div
              class="StyledProps--font StyledProps--main paddedContainer hexContainer StyledProps--flex StyledProps--flex-justifyContent-flex-start"
            >
              <span
                class="bp3-popover-wrapper"
              >
                <span
                  class="bp3-popover-target"
                >
                  <div
                    class="StyledProps--font StyledProps--main hex StyledProps--background-primary3 StyledProps--margin-left-xsmall StyledProps--margin-right-xsmall StyledProps--margin-top-xsmall StyledProps--margin-bottom-xsmall"
                    style="width: 18px; height: 18px;"
                  />
                </span>
              </span>
              <span
                class="bp3-popover-wrapper"
              >
                <span
                  class="bp3-popover-target"
                >
                  <div
                    class="StyledProps--font StyledProps--main hex StyledProps--background-primary3 StyledProps--margin-left-xsmall StyledProps--margin-right-xsmall StyledProps--margin-top-xsmall StyledProps--margin-bottom-xsmall"
                    style="width: 18px; height: 18px;"
                  />
                </span>
              </span>
              <span
                class="bp3-popover-wrapper"
              >
                <span
                  class="bp3-popover-target"
                >
                  <div
                    class="StyledProps--font StyledProps--main hex StyledProps--background-primary3 StyledProps--margin-left-xsmall StyledProps--margin-right-xsmall StyledProps--margin-top-xsmall StyledProps--margin-bottom-xsmall"
                    style="width: 18px; height: 18px;"
                  />
                </span>
              </span>
            </div>
          </div>
        </div>
      </div>
    </div>
  </div>
</div>
`;

exports[`ActiveServiceInstancesContent should render error 1`] = `
<div>
  <div
    class="StyledProps--font StyledProps--main"
    data-test="ActiveServiceInstancesError"
    style="height: 360px;"
  >
    <div
      class="StyledProps--font StyledProps--main StyledProps--flex StyledProps--flex-align-center-center"
      style="width: 100%; height: 100%;"
    >
      <div
        class="Layout--vertical Layout--layout-spacing-medium StyledProps--main"
        style="align-items: center; width: 500px;"
      >
        <span
          class="bp3-icon bp3-icon-error StyledProps--main StyledProps--color StyledProps--color-red500"
          icon="error"
        >
          <svg
            data-icon="error"
            height="32"
            viewBox="0 0 20 20"
            width="32"
          >
            <desc>
              error
            </desc>
            <path
              d="M10 0C4.48 0 0 4.48 0 10s4.48 10 10 10 10-4.48 10-10S15.52 0 10 0zm1 16H9v-2h2v2zm0-3H9V4h2v9z"
              fill-rule="evenodd"
            />
          </svg>
        </span>
        <p
          class="StyledProps--font StyledProps--main StyledProps--font-align-center StyledProps--color StyledProps--color-red500"
        >
          We cannot perform your request at the moment. Please try again.
        </p>
        <button
          class="bp3-button bp3-disabled bp3-loading Button--button StyledProps--font StyledProps--main Button--with-current-color Button--variation Button--variation-primary"
          disabled=""
          tabindex="-1"
          type="button"
        >
          <div
            class="bp3-spinner bp3-button-spinner"
          >
            <div
              class="bp3-spinner-animation"
            >
              <svg
                height="20"
                stroke-width="16.00"
                viewBox="-3.00 -3.00 106.00 106.00"
                width="20"
              >
                <path
                  class="bp3-spinner-track"
                  d="M 50,50 m 0,-45 a 45,45 0 1 1 0,90 a 45,45 0 1 1 0,-90"
                />
                <path
                  class="bp3-spinner-head"
                  d="M 50,50 m 0,-45 a 45,45 0 1 1 0,90 a 45,45 0 1 1 0,-90"
                  pathLength="280"
                  stroke-dasharray="280 280"
                  stroke-dashoffset="210"
                />
              </svg>
            </div>
          </div>
          <span
            class="bp3-button-text"
          >
            Retry
          </span>
        </button>
      </div>
    </div>
  </div>
</div>
`;

exports[`ActiveServiceInstancesContent should render loading 1`] = `
<div>
  <div
    class="StyledProps--font StyledProps--main"
    data-test="ActiveServiceInstancesLoader"
    style="height: 360px;"
  >
    <div
      class="StyledProps--font StyledProps--main PageSpinner--spinner StyledProps--flex StyledProps--flex-align-center-center"
    >
      <div
        class="Layout--vertical Layout--layout-spacing-medium StyledProps--main PageSpinner--content"
        style="align-items: center; width: 500px;"
      >
        <span
          class="bp3-icon StyledProps--main StyledProps--color StyledProps--color-grey600"
          data-icon="steps-spinner"
        >
          <svg
            height="32"
            viewBox="0 0 128 128"
            width="32"
            xmlns="http://www.w3.org/2000/svg"
          >
            <g>
              <path
                d="M122.5 69.25H96.47a33.1 33.1 0 000-10.5h26.05a5.25 5.25 0 010 10.5z"
                fill="#ff8e02"
              />
              <path
                d="M112.04 97.83L89.47 84.8a33.1 33.1 0 005.25-9.1l22.57 13.03a5.25 5.25 0 01-5.28 9.1zM88.68 117.35L75.65 94.78a33.1 33.1 0 009.1-5.25l13.02 22.57a5.25 5.25 0 11-9.1 5.25zM58.7 122.57V96.5a33.1 33.1 0 0010.5 0v26.07a5.25 5.25 0 01-10.5 0zM30.1 112.1l13.04-22.57a33.1 33.1 0 009.1 5.25L39.2 117.35a5.25 5.25 0 11-9.1-5.25zM10.6 88.74L33.16 75.7a33.1 33.1 0 005.25 9.1L15.88 97.83a5.25 5.25 0 11-5.25-9.1z"
                fill="#ffddb3"
                fill-opacity="0.3"
              />
              <path
                d="M5.37 58.75h26.06a33.1 33.1 0 000 10.5H5.37a5.25 5.25 0 010-10.5z"
                fill="#ffd29a"
                fill-opacity="0.4"
              />
              <path
                d="M15.85 30.17L38.4 43.2a33.1 33.1 0 00-5.24 9.1L10.6 39.25a5.25 5.25 0 115.25-9.1z"
                fill="#ffc680"
                fill-opacity="0.5"
              />
              <path
                d="M39.2 10.65l13.03 22.57a33.1 33.1 0 00-9.1 5.25l-13-22.57a5.25 5.25 0 119.1-5.25z"
                fill="#ffbb67"
                fill-opacity="0.6"
              />
              <path
                d="M69.2 5.43V31.5a33.1 33.1 0 00-10.5 0V5.42a5.25 5.25 0 1110.5 0z"
                fill="#ffb04d"
                fill-opacity="0.7"
              />
              <path
                d="M97.77 15.9L84.75 38.47a33.1 33.1 0 00-9.1-5.25l13.03-22.57a5.25 5.25 0 119.1 5.25z"
                fill="#ffa535"
                fill-opacity="0.8"
              />
              <path
                d="M117.3 39.26L94.7 52.3a33.1 33.1 0 00-5.25-9.1l22.57-13.03a5.25 5.25 0 015.25 9.1z"
                fill="#ff991b"
                fill-opacity="0.9"
              />
              <animatetransform
                attributeName="transform"
                calcMode="discrete"
                dur="1200ms"
                repeatCount="indefinite"
                type="rotate"
                values="0 64 64;30 64 64;60 64 64;90 64 64;120 64 64;150 64 64;180 64 64;210 64 64;240 64 64;270 64 64;300 64 64;330 64 64"
              />
            </g>
          </svg>
        </span>
        <p
          class="StyledProps--font StyledProps--main StyledProps--font-size-medium StyledProps--font-align-center StyledProps--color StyledProps--color-grey600"
        >
          Loading, please wait...
        </p>
      </div>
    </div>
  </div>
</div>
`;

exports[`ActiveServiceInstancesContent should render no data 1`] = `
<div>
  <div
    class="Layout--vertical StyledProps--main activeServiceInstancesEmpty StyledProps--flex StyledProps--flex-align-center-center"
    data-test="ActiveServiceInstancesEmpty"
    style="height: 360px;"
  >
    <div
      class="StyledProps--font StyledProps--main StyledProps--margin-bottom-medium"
    >
      <img
        height="50"
        src="test-file-stub"
        style="align-self: center;"
        width="50"
      />
    </div>
    <p
      class="StyledProps--font StyledProps--main StyledProps--color StyledProps--color-grey400"
    >
      cd.serviceDashboard.noActiveServiceInstances
    </p>
  </div>
</div>
`;
