// Jest Snapshot v1, https://goo.gl/fbAQLP

exports[`<FilterDrawer /> render filter drawer 1`] = `
<div
  class="bp3-drawer bp3-position-right bp3-overlay-content bp3-overlay-appear bp3-overlay-appear-active"
  style="width: 700px;"
  tabindex="0"
>
  <form
    action="#"
    class="FormikForm--main"
  >
    <div>
      <div
        class="main"
      >
        <section
          class="formSection"
        >
          <div
            class="Layout--vertical Layout--layout-spacing-large StyledProps--main StyledProps--padding-top-xlarge StyledProps--padding-left-xlarge StyledProps--padding-right-xlarge"
            style="height: 100%;"
          >
            <div
              class="Layout--horizontal Layout--layout-spacing-small StyledProps--main titleLayout"
            >
              <div
                class="title"
                title=""
              >
                filters.newFilter
              </div>
            </div>
            <div
              class="Layout--vertical StyledProps--main layout StyledProps--padding-top-medium"
            >
              <div>
                <div
                  class="bp3-form-group"
                  data-id="users-0"
                >
                  <label
                    class="bp3-label"
                    for="users"
                  >
                    common.userLabel
                     
                    <span
                      class="bp3-text-muted"
                    />
                  </label>
                  <div
                    class="bp3-form-content"
                  >
                    <div
                      class="bp3-popover-wrapper MultiSelect--main bp3-fill"
                    >
                      <div
                        class="bp3-popover-target"
                      >
                        <div
                          class=""
                        >
                          <div
                            class="bp3-input bp3-tag-input bp3-multi-select"
                          >
                            <div
                              class="bp3-tag-input-values"
                            >
                              <input
                                autocomplete="off"
                                class="bp3-input-ghost bp3-multi-select-tag-input-input"
                                name="users"
                                placeholder="- Select -"
                                value=""
                              />
                            </div>
                          </div>
                        </div>
                      </div>
                    </div>
                  </div>
                </div>
                <div
                  class="bp3-form-group"
                  data-id="organizations-1"
                >
                  <label
                    class="bp3-label"
                    for="organizations"
                  >
                    orgLabel
                     
                    <span
                      class="bp3-text-muted"
                    />
                  </label>
                  <div
                    class="bp3-form-content"
                  >
                    <div
                      class="bp3-popover-wrapper MultiSelect--main bp3-fill"
                    >
                      <div
                        class="bp3-popover-target"
                      >
                        <div
                          class=""
                        >
                          <div
                            class="bp3-input bp3-tag-input bp3-multi-select"
                          >
                            <div
                              class="bp3-tag-input-values"
                            >
                              <input
                                autocomplete="off"
                                class="bp3-input-ghost bp3-multi-select-tag-input-input"
                                name="organizations"
                                placeholder="- Select -"
                                value=""
                              />
                            </div>
                          </div>
                        </div>
                      </div>
                    </div>
                  </div>
                </div>
                <div
                  class="bp3-form-group"
                  data-id="projects-2"
                >
                  <label
                    class="bp3-label"
                    for="projects"
                  >
                    projectLabel
                     
                    <span
                      class="bp3-text-muted"
                    />
                  </label>
                  <div
                    class="bp3-form-content"
                  >
                    <div
                      class="bp3-popover-wrapper MultiSelect--main bp3-fill"
                    >
                      <div
                        class="bp3-popover-target"
                      >
                        <div
                          class=""
                        >
                          <div
                            class="bp3-input bp3-tag-input bp3-multi-select"
                          >
                            <div
                              class="bp3-tag-input-values"
                            >
                              <input
                                autocomplete="off"
                                class="bp3-input-ghost bp3-multi-select-tag-input-input"
                                name="projects"
                                placeholder="- Select -"
                                value=""
                              />
                            </div>
                          </div>
                        </div>
                      </div>
                    </div>
                  </div>
                </div>
                <div
                  class="bp3-form-group"
                  data-id="resourceType-3"
                >
                  <label
                    class="bp3-label"
                    for="resourceType"
                  >
                    common.resourceTypeLabel
                     
                    <span
                      class="bp3-text-muted"
                    />
                  </label>
                  <div
                    class="bp3-form-content"
                  >
                    <div
                      class="bp3-popover-wrapper MultiSelect--main bp3-fill"
                    >
                      <div
                        class="bp3-popover-target"
                      >
                        <div
                          class=""
                        >
                          <div
                            class="bp3-input bp3-tag-input bp3-multi-select"
                          >
                            <div
                              class="bp3-tag-input-values"
                            >
                              <input
                                autocomplete="off"
                                class="bp3-input-ghost bp3-multi-select-tag-input-input"
                                name="resourceType"
                                placeholder="- Select -"
                                value=""
                              />
                            </div>
                          </div>
                        </div>
                      </div>
                    </div>
                  </div>
                </div>
                <div
                  class="bp3-form-group"
                  data-id="actions-4"
                >
                  <label
                    class="bp3-label"
                    for="actions"
                  >
                    action
                     
                    <span
                      class="bp3-text-muted"
                    />
                  </label>
                  <div
                    class="bp3-form-content"
                  >
                    <div
                      class="bp3-popover-wrapper MultiSelect--main bp3-fill"
                    >
                      <div
                        class="bp3-popover-target"
                      >
                        <div
                          class=""
                        >
                          <div
                            class="bp3-input bp3-tag-input bp3-multi-select"
                          >
                            <div
                              class="bp3-tag-input-values"
                            >
                              <input
                                autocomplete="off"
                                class="bp3-input-ghost bp3-multi-select-tag-input-input"
                                name="actions"
                                placeholder="- Select -"
                                value=""
                              />
                            </div>
                          </div>
                        </div>
                      </div>
                    </div>
                  </div>
                </div>
              </div>
              <div
                class="Layout--horizontal Layout--layout-spacing-medium StyledProps--main StyledProps--padding-bottom-xsmall"
              >
                <button
                  class="bp3-button Button--button StyledProps--font StyledProps--main Button--with-current-color Button--variation Button--variation-primary"
                  type="submit"
                >
                  <span
                    class="bp3-button-text"
                  >
                    filters.apply
                  </span>
                </button>
                <button
                  class="bp3-button Button--button StyledProps--font StyledProps--main Button--with-current-color Button--variation Button--variation-tertiary"
                  type="reset"
                >
                  <span
                    class="bp3-button-text"
                  >
                    filters.clearAll
                  </span>
                </button>
              </div>
            </div>
          </div>
        </section>
        <section
          class="filterSection"
        >
          <div
            class="main"
          >
            <div
              class="Layout--vertical Layout--layout-spacing-large StyledProps--main StyledProps--padding-top-large StyledProps--padding-left-medium StyledProps--padding-right-small"
            >
              <div
                class="Layout--horizontal StyledProps--main StyledProps--flex"
              >
                <div
                  class="Layout--horizontal Layout--layout-spacing-small StyledProps--main layout"
                >
                  <span
                    class="bp3-icon StyledProps--main StyledProps--color StyledProps--color-white"
                    data-icon="ng-filter"
                  >
                    <svg
                      height="25"
                      viewBox="0 0 24 24"
                      width="25"
                      xmlns="http://www.w3.org/2000/svg"
                    >
                      <path
                        clip-rule="evenodd"
                        d="M16.5 8V7H19a.5.5 0 000-1h-2.5V5a.5.5 0 00-1 0v1H5a.5.5 0 000 1h10.5v1a.5.5 0 001 0zM5 11.5h3v-1a.5.5 0 011 0v1h10a.5.5 0 010 1H9v1a.5.5 0 01-1 0v-1H5a.5.5 0 010-1zM5 17a.5.5 0 000 1h7v1a.5.5 0 001 0v-1h6a.5.5 0 000-1h-6v-1a.5.5 0 00-1 0v1H5z"
                        fill="currentColor"
                        fill-rule="evenodd"
                      />
                    </svg>
                  </span>
                  <span
                    class="title"
                  >
                    Filter
                  </span>
                </div>
                <button
                  class="bp3-button Button--button StyledProps--font StyledProps--main closeFilter Button--with-current-color Button--iconOnly Button--without-shadow Button--withLeftIcon Button--variation Button--variation-icon"
                  type="button"
                >
                  <span
                    class="bp3-icon bp3-icon-cross StyledProps--main StyledProps--color StyledProps--color-white"
                    icon="cross"
                  >
                    <svg
                      data-icon="cross"
                      height="16"
                      viewBox="0 0 16 16"
                      width="16"
                    >
                      <desc>
                        cross
                      </desc>
                      <path
                        d="M9.41 8l3.29-3.29c.19-.18.3-.43.3-.71a1.003 1.003 0 00-1.71-.71L8 6.59l-3.29-3.3a1.003 1.003 0 00-1.42 1.42L6.59 8 3.3 11.29c-.19.18-.3.43-.3.71a1.003 1.003 0 001.71.71L8 9.41l3.29 3.29c.18.19.43.3.71.3a1.003 1.003 0 00.71-1.71L9.41 8z"
                        fill-rule="evenodd"
                      />
                    </svg>
                  </span>
                </button>
              </div>
            </div>
            <div
              class="Layout--vertical StyledProps--main StyledProps--padding-top-xlarge"
            >
              <button
                class="bp3-button bp3-minimal Button--button StyledProps--font StyledProps--main addNewFilterBtn isActive StyledProps--padding-left-large StyledProps--border StyledProps--border-false Button--with-current-color Button--without-shadow Button--withLeftIcon"
                type="button"
              >
                <span
                  class="bp3-icon bp3-icon-plus StyledProps--main StyledProps--padding-right-xsmall"
                  icon="plus"
                >
                  <svg
                    data-icon="plus"
                    height="16"
                    viewBox="0 0 16 16"
                    width="16"
                  >
                    <desc>
                      plus
                    </desc>
                    <path
                      d="M13 7H9V3c0-.55-.45-1-1-1s-1 .45-1 1v4H3c-.55 0-1 .45-1 1s.45 1 1 1h4v4c0 .55.45 1 1 1s1-.45 1-1V9h4c.55 0 1-.45 1-1s-.45-1-1-1z"
                      fill-rule="evenodd"
                    />
                  </svg>
                </span>
                <span
                  class="bp3-button-text"
                >
                  filters.newFilter
                </span>
              </button>
            </div>
            <div
              class="OverlaySpinner--overlaySpinner"
            >
              <form
                action="#"
                class="FormikForm--main"
              >
                <div>
                  <ol
                    class="filters"
                    style="max-height: 85vh;"
                  >
                    <div
                      class="Layout--horizontal Layout--layout-spacing-small StyledProps--main filter StyledProps--flex StyledProps--padding-right-medium"
                      title=""
                    >
                      <div
                        class="Layout--horizontal Layout--layout-spacing-small StyledProps--main StyledProps--padding-medium"
                      >
                        <span
                          class="noElement"
                        />
                        <div
                          class="filterLabel"
                          title="create_action"
                        >
                          create_action
                        </div>
                      </div>
                      <span
                        class="bp3-popover-wrapper bp3-dark"
                      >
                        <span
                          class="bp3-popover-target"
                        >
                          <button
                            class="bp3-button bp3-minimal Button--button StyledProps--font StyledProps--main Button--with-current-color Button--iconOnly Button--without-shadow Button--withLeftIcon Button--variation Button--variation-icon"
                            id="filtermenu-create_action"
                            tabindex="0"
                            type="button"
                          >
                            <span
                              class="bp3-icon StyledProps--main"
                              data-icon="Options"
                            >
                              <svg
                                fill="none"
                                height="16"
                                viewBox="0 0 4 16"
                                width="16"
                                xmlns="http://www.w3.org/2000/svg"
                              >
                                <path
                                  clip-rule="evenodd"
                                  d="M2 12.5a1 1 0 100 2 1 1 0 000-2zm-2 1a2 2 0 114 0 2 2 0 01-4 0zm2-12a1 1 0 100 2 1 1 0 000-2zm-2 1a2 2 0 114 0 2 2 0 01-4 0zM2 7a1 1 0 100 2 1 1 0 000-2zM0 8a2 2 0 114 0 2 2 0 01-4 0z"
                                  fill="currentColor"
                                  fill-rule="evenodd"
                                />
                              </svg>
                            </span>
                          </button>
                        </span>
                      </span>
                    </div>
                    <div
                      class="Layout--horizontal Layout--layout-spacing-small StyledProps--main filter isActive StyledProps--flex StyledProps--padding-right-medium"
                      title=""
                    >
                      <div
                        class="Layout--horizontal Layout--layout-spacing-small StyledProps--main StyledProps--padding-medium"
                      >
                        <span
                          class="noElement"
                        />
                        <div
                          class="filterLabel"
                          title="org_filter"
                        >
                          org_filter
                        </div>
                      </div>
                      <span
                        class="bp3-popover-wrapper bp3-dark"
                      >
                        <span
                          class="bp3-popover-target"
                        >
                          <button
                            class="bp3-button bp3-minimal Button--button StyledProps--font StyledProps--main Button--with-current-color Button--iconOnly Button--without-shadow Button--withLeftIcon Button--variation Button--variation-icon"
                            id="filtermenu-"
                            tabindex="0"
                            type="button"
                          >
                            <span
                              class="bp3-icon StyledProps--main"
                              data-icon="Options"
                            >
                              <svg
                                fill="none"
                                height="16"
                                viewBox="0 0 4 16"
                                width="16"
                                xmlns="http://www.w3.org/2000/svg"
                              >
                                <path
                                  clip-rule="evenodd"
                                  d="M2 12.5a1 1 0 100 2 1 1 0 000-2zm-2 1a2 2 0 114 0 2 2 0 01-4 0zm2-12a1 1 0 100 2 1 1 0 000-2zm-2 1a2 2 0 114 0 2 2 0 01-4 0zM2 7a1 1 0 100 2 1 1 0 000-2zM0 8a2 2 0 114 0 2 2 0 01-4 0z"
                                  fill="currentColor"
                                  fill-rule="evenodd"
                                />
                              </svg>
                            </span>
                          </button>
                        </span>
                      </span>
                    </div>
                    <div
                      class="Layout--horizontal Layout--layout-spacing-small StyledProps--main filter StyledProps--flex StyledProps--padding-right-medium"
                      title=""
                    >
                      <div
                        class="Layout--horizontal Layout--layout-spacing-small StyledProps--main StyledProps--padding-medium"
                      >
                        <span
                          class="noElement"
                        />
                        <div
                          class="filterLabel"
                          title="projects_2"
                        >
                          projects_2
                        </div>
                      </div>
                      <span
                        class="bp3-popover-wrapper bp3-dark"
                      >
                        <span
                          class="bp3-popover-target"
                        >
                          <button
                            class="bp3-button bp3-minimal Button--button StyledProps--font StyledProps--main Button--with-current-color Button--iconOnly Button--without-shadow Button--withLeftIcon Button--variation Button--variation-icon"
                            id="filtermenu-projects_2"
                            tabindex="0"
                            type="button"
                          >
                            <span
                              class="bp3-icon StyledProps--main"
                              data-icon="Options"
                            >
                              <svg
                                fill="none"
                                height="16"
                                viewBox="0 0 4 16"
                                width="16"
                                xmlns="http://www.w3.org/2000/svg"
                              >
                                <path
                                  clip-rule="evenodd"
                                  d="M2 12.5a1 1 0 100 2 1 1 0 000-2zm-2 1a2 2 0 114 0 2 2 0 01-4 0zm2-12a1 1 0 100 2 1 1 0 000-2zm-2 1a2 2 0 114 0 2 2 0 01-4 0zM2 7a1 1 0 100 2 1 1 0 000-2zM0 8a2 2 0 114 0 2 2 0 01-4 0z"
                                  fill="currentColor"
                                  fill-rule="evenodd"
                                />
                              </svg>
                            </span>
                          </button>
                        </span>
                      </span>
                    </div>
                    <div
                      class="Layout--horizontal Layout--layout-spacing-small StyledProps--main filter StyledProps--flex StyledProps--padding-right-medium"
                      title=""
                    >
                      <div
                        class="Layout--horizontal Layout--layout-spacing-small StyledProps--main StyledProps--padding-medium"
                      >
                        <span
                          class="noElement"
                        />
                        <div
                          class="filterLabel"
                          title="tesfilteravi"
                        >
                          tesfilteravi
                        </div>
                      </div>
                      <span
                        class="bp3-popover-wrapper bp3-dark"
                      >
                        <span
                          class="bp3-popover-target"
                        >
                          <button
                            class="bp3-button bp3-minimal Button--button StyledProps--font StyledProps--main Button--with-current-color Button--iconOnly Button--without-shadow Button--withLeftIcon Button--variation Button--variation-icon"
                            id="filtermenu-tesfilteravi"
                            tabindex="0"
                            type="button"
                          >
                            <span
                              class="bp3-icon StyledProps--main"
                              data-icon="Options"
                            >
                              <svg
                                fill="none"
                                height="16"
                                viewBox="0 0 4 16"
                                width="16"
                                xmlns="http://www.w3.org/2000/svg"
                              >
                                <path
                                  clip-rule="evenodd"
                                  d="M2 12.5a1 1 0 100 2 1 1 0 000-2zm-2 1a2 2 0 114 0 2 2 0 01-4 0zm2-12a1 1 0 100 2 1 1 0 000-2zm-2 1a2 2 0 114 0 2 2 0 01-4 0zM2 7a1 1 0 100 2 1 1 0 000-2zM0 8a2 2 0 114 0 2 2 0 01-4 0z"
                                  fill="currentColor"
                                  fill-rule="evenodd"
                                />
                              </svg>
                            </span>
                          </button>
                        </span>
                      </span>
                    </div>
                    <div
                      class="Layout--horizontal Layout--layout-spacing-small StyledProps--main filter StyledProps--flex StyledProps--padding-right-medium"
                      title=""
                    >
                      <div
                        class="Layout--horizontal Layout--layout-spacing-small StyledProps--main StyledProps--padding-medium"
                      >
                        <span
                          class="noElement"
                        />
                        <div
                          class="filterLabel"
                          title="tesfilteravi1639466571986"
                        >
                          tesfilteravi16394...
                        </div>
                      </div>
                      <span
                        class="bp3-popover-wrapper bp3-dark"
                      >
                        <span
                          class="bp3-popover-target"
                        >
                          <button
                            class="bp3-button bp3-minimal Button--button StyledProps--font StyledProps--main Button--with-current-color Button--iconOnly Button--without-shadow Button--withLeftIcon Button--variation Button--variation-icon"
                            id="filtermenu-tesfilteravi16394665719861639466571986"
                            tabindex="0"
                            type="button"
                          >
                            <span
                              class="bp3-icon StyledProps--main"
                              data-icon="Options"
                            >
                              <svg
                                fill="none"
                                height="16"
                                viewBox="0 0 4 16"
                                width="16"
                                xmlns="http://www.w3.org/2000/svg"
                              >
                                <path
                                  clip-rule="evenodd"
                                  d="M2 12.5a1 1 0 100 2 1 1 0 000-2zm-2 1a2 2 0 114 0 2 2 0 01-4 0zm2-12a1 1 0 100 2 1 1 0 000-2zm-2 1a2 2 0 114 0 2 2 0 01-4 0zM2 7a1 1 0 100 2 1 1 0 000-2zM0 8a2 2 0 114 0 2 2 0 01-4 0z"
                                  fill="currentColor"
                                  fill-rule="evenodd"
                                />
                              </svg>
                            </span>
                          </button>
                        </span>
                      </span>
                    </div>
                    <div
                      class="Layout--horizontal Layout--layout-spacing-small StyledProps--main filter StyledProps--flex StyledProps--padding-right-medium"
                      title=""
                    >
                      <div
                        class="Layout--horizontal Layout--layout-spacing-small StyledProps--main StyledProps--padding-medium"
                      >
                        <span
                          class="noElement"
                        />
                        <div
                          class="filterLabel"
                          title="test_filter_avi"
                        >
                          test_filter_avi
                        </div>
                      </div>
                      <span
                        class="bp3-popover-wrapper bp3-dark"
                      >
                        <span
                          class="bp3-popover-target"
                        >
                          <button
                            class="bp3-button bp3-minimal Button--button StyledProps--font StyledProps--main Button--with-current-color Button--iconOnly Button--without-shadow Button--withLeftIcon Button--variation Button--variation-icon"
                            id="filtermenu-test_filter_avi"
                            tabindex="0"
                            type="button"
                          >
                            <span
                              class="bp3-icon StyledProps--main"
                              data-icon="Options"
                            >
                              <svg
                                fill="none"
                                height="16"
                                viewBox="0 0 4 16"
                                width="16"
                                xmlns="http://www.w3.org/2000/svg"
                              >
                                <path
                                  clip-rule="evenodd"
                                  d="M2 12.5a1 1 0 100 2 1 1 0 000-2zm-2 1a2 2 0 114 0 2 2 0 01-4 0zm2-12a1 1 0 100 2 1 1 0 000-2zm-2 1a2 2 0 114 0 2 2 0 01-4 0zM2 7a1 1 0 100 2 1 1 0 000-2zM0 8a2 2 0 114 0 2 2 0 01-4 0z"
                                  fill="currentColor"
                                  fill-rule="evenodd"
                                />
                              </svg>
                            </span>
                          </button>
                        </span>
                      </span>
                    </div>
                    <div
                      class="Layout--horizontal Layout--layout-spacing-small StyledProps--main filter StyledProps--flex StyledProps--padding-right-medium"
                      title=""
                    >
                      <div
                        class="Layout--horizontal Layout--layout-spacing-small StyledProps--main StyledProps--padding-medium"
                      >
                        <span
                          class="noElement"
                        />
                        <div
                          class="filterLabel"
                          title="test_filter_saveing"
                        >
                          test_filter_saveing
                        </div>
                      </div>
                      <span
                        class="bp3-popover-wrapper bp3-dark"
                      >
                        <span
                          class="bp3-popover-target"
                        >
                          <button
                            class="bp3-button bp3-minimal Button--button StyledProps--font StyledProps--main Button--with-current-color Button--iconOnly Button--without-shadow Button--withLeftIcon Button--variation Button--variation-icon"
                            id="filtermenu-test_filter_saveing"
                            tabindex="0"
                            type="button"
                          >
                            <span
                              class="bp3-icon StyledProps--main"
                              data-icon="Options"
                            >
                              <svg
                                fill="none"
                                height="16"
                                viewBox="0 0 4 16"
                                width="16"
                                xmlns="http://www.w3.org/2000/svg"
                              >
                                <path
                                  clip-rule="evenodd"
                                  d="M2 12.5a1 1 0 100 2 1 1 0 000-2zm-2 1a2 2 0 114 0 2 2 0 01-4 0zm2-12a1 1 0 100 2 1 1 0 000-2zm-2 1a2 2 0 114 0 2 2 0 01-4 0zM2 7a1 1 0 100 2 1 1 0 000-2zM0 8a2 2 0 114 0 2 2 0 01-4 0z"
                                  fill="currentColor"
                                  fill-rule="evenodd"
                                />
                              </svg>
                            </span>
                          </button>
                        </span>
                      </span>
                    </div>
                    <div
                      class="Layout--horizontal Layout--layout-spacing-small StyledProps--main filter StyledProps--flex StyledProps--padding-right-medium"
                      title=""
                    >
                      <div
                        class="Layout--horizontal Layout--layout-spacing-small StyledProps--main StyledProps--padding-medium"
                      >
                        <span
                          class="noElement"
                        />
                        <div
                          class="filterLabel"
                          title="test_filter_saveing1639466511644"
                        >
                          test_filter_savei...
                        </div>
                      </div>
                      <span
                        class="bp3-popover-wrapper bp3-dark"
                      >
                        <span
                          class="bp3-popover-target"
                        >
                          <button
                            class="bp3-button bp3-minimal Button--button StyledProps--font StyledProps--main Button--with-current-color Button--iconOnly Button--without-shadow Button--withLeftIcon Button--variation Button--variation-icon"
                            id="filtermenu-test_filter_saveing16394665116441639466511644"
                            tabindex="0"
                            type="button"
                          >
                            <span
                              class="bp3-icon StyledProps--main"
                              data-icon="Options"
                            >
                              <svg
                                fill="none"
                                height="16"
                                viewBox="0 0 4 16"
                                width="16"
                                xmlns="http://www.w3.org/2000/svg"
                              >
                                <path
                                  clip-rule="evenodd"
                                  d="M2 12.5a1 1 0 100 2 1 1 0 000-2zm-2 1a2 2 0 114 0 2 2 0 01-4 0zm2-12a1 1 0 100 2 1 1 0 000-2zm-2 1a2 2 0 114 0 2 2 0 01-4 0zM2 7a1 1 0 100 2 1 1 0 000-2zM0 8a2 2 0 114 0 2 2 0 01-4 0z"
                                  fill="currentColor"
                                  fill-rule="evenodd"
                                />
                              </svg>
                            </span>
                          </button>
                        </span>
                      </span>
                    </div>
                  </ol>
                </div>
              </form>
            </div>
          </div>
        </section>
      </div>
    </div>
  </form>
</div>
`;
