// Jest Snapshot v1, https://goo.gl/fbAQLP

exports[`Create Secret Manager Wizard Create GcpKms Connector 1`] = `
<div>
  <div
    class="StepWizard--main StepWizard--navBar"
  >
    <div
      class="StepWizard--navBarList"
    >
      <span
        class="StepWizard--header"
      >
        <span
          class="bp3-icon StyledProps--main"
          data-icon="gcp-kms"
        >
          <svg
            height="37"
            viewBox="0 0 40 36"
            width="37"
            xmlns="http://www.w3.org/2000/svg"
          >
            <path
              d="M39.522 16.163L31.303 1.869A3.611 3.611 0 0028.222.03h-16.44A3.61 3.61 0 008.7 1.87L.478 16.125a3.588 3.588 0 000 3.575l8.219 14.375a3.678 3.678 0 003.081 1.903h16.44a3.666 3.666 0 003.085-1.894l8.219-14.293a3.665 3.665 0 000-3.628z"
              fill="#4285F4"
            />
            <path
              d="M29.038 11.778L19.83 8.594l-8.2 3.562-.069 2.431v3.563l.566 3.166.96 2.206 1.756 3.303 8.925 8.988h4.434a3.594 3.594 0 003.125-1.797l7.313-12.663-9.603-9.575z"
              opacity="0.07"
            />
            <path
              d="M20 18.447a2.741 2.741 0 11-.006-5.483A2.741 2.741 0 0120 18.447zm0-4.063a1.32 1.32 0 101.319 1.32A1.322 1.322 0 0020 14.386v-.003z"
              fill="#fff"
            />
            <path
              d="M20 29.656l-.169-.04c-5.062-1.232-8.893-6.303-8.893-11.807v-6.015L20 7.769l9.044 4.025v6.018c0 5.491-3.816 10.57-8.875 11.804l-.169.04zm-7.625-16.944v5.097c0 4.797 3.266 9.229 7.625 10.385 4.375-1.156 7.625-5.588 7.625-10.385v-5.097L20 9.322l-7.625 3.39z"
              fill="#fff"
            />
            <path
              d="M20.71 17.569h-1.42v6.916h1.42v-6.916z"
              fill="#fff"
            />
            <path
              d="M19.694 20.012h-2.575v1.42h2.575v-1.42zM20.203 22.044H18.06v1.418h2.144v-1.418z"
              fill="#fff"
            />
          </svg>
        </span>
      </span>
      <span
        class="StepWizard--title StepWizard--header"
      >
        connectors.title.gcpKms
      </span>
      <div
        class="StepWizard--navStep StepWizard--completedStep"
      >
        <span
          class="StepWizard--completedIcon"
        >
          <span
            class="bp3-icon bp3-icon-small-tick StyledProps--main StyledProps--color StyledProps--color-primary7"
            icon="small-tick"
          >
            <svg
              data-icon="small-tick"
              height="20"
              viewBox="0 0 20 20"
              width="20"
            >
              <desc>
                small-tick
              </desc>
              <path
                d="M15 5c-.28 0-.53.11-.71.29L8 11.59l-2.29-2.3a1.003 1.003 0 00-1.42 1.42l3 3c.18.18.43.29.71.29s.53-.11.71-.29l7-7A1.003 1.003 0 0015 5z"
                fill-rule="evenodd"
              />
            </svg>
          </span>
        </span>
        <p
          class="StyledProps--font Text--lineclamp StyledProps--main StepWizard--stepName"
          style="--text-line-clamp: 2; width: 200px;"
        >
          overview
        </p>
        <p
          class="StyledProps--font Text--lineclamp StyledProps--main StepWizard--stepName"
          style="--text-line-clamp: 2; width: 200px;"
        >
          
        </p>
      </div>
      <div
        class="StepWizard--navStep StepWizard--activeStep"
      >
        <span
          class="StepWizard--number"
        >
          2
        </span>
        <p
          class="StyledProps--font Text--lineclamp StyledProps--main StepWizard--stepName"
          style="--text-line-clamp: 2; width: 200px;"
        >
          details
        </p>
      </div>
      <div
        class="StepWizard--navStep"
      >
        <span
          class="StepWizard--number"
        >
          3
        </span>
        <p
          class="StyledProps--font Text--lineclamp StyledProps--main StepWizard--stepName"
          style="--text-line-clamp: 2; width: 200px;"
        >
          delegate.DelegateselectionLabel
        </p>
      </div>
      <div
        class="StepWizard--navStep"
      >
        <span
          class="StepWizard--number"
        >
          4
        </span>
        <p
          class="StyledProps--font Text--lineclamp StyledProps--main StepWizard--stepName"
          style="--text-line-clamp: 2; width: 200px;"
        >
          connectors.stepThreeName
        </p>
      </div>
    </div>
    <div
      class="StepWizard--stepDetails"
    >
       
      <div
        class="StyledProps--font StyledProps--main StyledProps--padding-top-medium"
        style="width: 64%;"
      >
        <p
          class="StyledProps--font StyledProps--main StyledProps--font-size-medium StyledProps--padding-bottom-xlarge"
        >
          details
        </p>
        <div
          class="OverlaySpinner--overlaySpinner"
        >
          <form
            action="#"
            class="FormikForm--main"
          >
            <div>
              <div
                class="StyledProps--font StyledProps--main container StyledProps--margin-top-medium StyledProps--margin-bottom-xxlarge"
              >
                <div
                  class="bp3-form-group"
                  data-id="projectId-0"
                >
                  <label
                    class="bp3-label"
                    for="projectId"
                  >
                    <span
                      class="Tooltip--acenter"
                      data-tooltip-id="gcpKmsConfig_projectId"
                    >
                      pipelineSteps.projectIDLabel
                    </span>
                     
                    <span
                      class="bp3-text-muted"
                    />
                  </label>
                  <div
                    class="bp3-form-content"
                  >
                    <div
                      class="bp3-input-group"
                    >
                      <input
                        autocomplete="off"
                        class="bp3-input"
                        name="projectId"
                        type="text"
                        value="123"
                      />
                    </div>
                  </div>
                </div>
                <div
                  class="bp3-form-group"
                  data-id="region-1"
                >
                  <label
                    class="bp3-label"
                    for="region"
                  >
                    <span
                      class="Tooltip--acenter"
                      data-tooltip-id="gcpKmsConfig_region"
                    >
                      regionLabel
                    </span>
                     
                    <span
                      class="bp3-text-muted"
                    />
                  </label>
                  <div
                    class="bp3-form-content"
                  >
                    <div
                      class="bp3-input-group"
                    >
                      <input
                        autocomplete="off"
                        class="bp3-input"
                        name="region"
                        type="text"
                        value="global"
                      />
                    </div>
                  </div>
                </div>
                <div
                  class="bp3-form-group"
                  data-id="keyRing-2"
                >
                  <label
                    class="bp3-label"
                    for="keyRing"
                  >
                    <span
                      class="Tooltip--acenter"
                      data-tooltip-id="gcpKmsConfig_keyRing"
                    >
                      connectors.gcpKms.keyRing
                    </span>
                     
                    <span
                      class="bp3-text-muted"
                    />
                  </label>
                  <div
                    class="bp3-form-content"
                  >
                    <div
                      class="bp3-input-group"
                    >
                      <input
                        autocomplete="off"
                        class="bp3-input"
                        name="keyRing"
                        type="text"
                        value="123"
                      />
                    </div>
                  </div>
                </div>
                <div
                  class="bp3-form-group"
                  data-id="keyName-3"
                >
                  <label
                    class="bp3-label"
                    for="keyName"
                  >
                    <span
                      class="Tooltip--acenter"
                      data-tooltip-id="gcpKmsConfig_keyName"
                    >
                      connectors.gcpKms.keyName
                    </span>
                     
                    <span
                      class="bp3-text-muted"
                    />
                  </label>
                  <div
                    class="bp3-form-content"
                  >
                    <div
                      class="bp3-input-group"
                    >
                      <input
                        autocomplete="off"
                        class="bp3-input"
                        name="keyName"
                        type="text"
                        value="Super key"
                      />
                    </div>
                  </div>
                </div>
                <div
                  class="bp3-form-group"
                  data-id="null-4"
                >
                  <div
                    class="bp3-form-content"
                  >
                    <div
                      class="Layout--vertical StyledProps--main"
                    >
                      <label
                        class="bp3-label"
                      >
                        <span
                          class="Tooltip--acenter"
                          data-tooltip-id="gcpKmsConfig_credentials"
                        >
                          connectors.gcpKms.credentialsFile
                        </span>
                      </label>
                      <div
                        class="StyledProps--font StyledProps--main container StyledProps--flex StyledProps--flex-alignItems-center StyledProps--flex-justifyContent-space-between"
                      >
                        <a
                          class="containerLink"
                          data-testid="credentials"
                          href="/account/dummy/resources/connectors"
                        >
                          <span
                            class="bp3-icon StyledProps--main"
                            data-icon="key-main"
                            style="height: 12px;"
                          >
                            <svg
                              height="24"
                              width="24"
                              xmlns="http://www.w3.org/2000/svg"
                            >
                              <g
                                fill="none"
                                stroke="#1C1C28"
                                stroke-width="0.5"
                              >
                                <path
                                  d="M5.444 1A4.45 4.45 0 001 5.444c0 2.459 1.994 4.46 4.444 4.46 1.939 0 3.613-1.542 4.202-2.995a.393.393 0 01.23-.223.39.39 0 01.322.015l1.032.507.757-.72a.402.402 0 01.552-.007l.543.493.547-.556a.404.404 0 01.572-.005l.527.516.528-.53a.406.406 0 01.571-.002l.522.522.524-.523a.406.406 0 01.571 0l.522.522.523-.522a.414.414 0 01.315-.118.41.41 0 01.294.16l.277.369c.116-.153.234-.311.312-.396a.412.412 0 01.3-.134c.693 0 .927-.37.927-1.465 0-1.018-.636-1.381-1.23-1.381H9.638a.408.408 0 01-.35-.202A4.448 4.448 0 005.444 1h0z"
                                />
                                <path
                                  d="M3.828 3.99c.403 0 .769.163 1.034.428a1.458 1.458 0 010 2.067 1.458 1.458 0 01-2.067 0 1.458 1.458 0 010-2.067c.265-.265.63-.428 1.033-.428z"
                                />
                              </g>
                            </svg>
                          </span>
                          <p
                            class="StyledProps--font StyledProps--main containerLinkText StyledProps--color StyledProps--color-primary7 StyledProps--flex StyledProps--flex-alignItems-center StyledProps--flex-justifyContent-flex-start StyledProps--flex-inline StyledProps--padding-small"
                          >
                            <div>
                              secrets.secret.configureSecret
                            </div>
                            <div>
                              &lt;selected_secret&gt;
                            </div>
                          </p>
                        </a>
                        <button
                          class="bp3-button bp3-minimal Button--button StyledProps--font StyledProps--main containerEditBtn Button--with-current-color Button--without-shadow"
                          data-testid="credentials-edit"
                          type="button"
                        >
                          <span
                            class="bp3-button-text"
                          >
                            <span
                              class="bp3-icon bp3-icon-edit StyledProps--main StyledProps--color StyledProps--color-primary7"
                              icon="edit"
                            >
                              <svg
                                data-icon="edit"
                                height="16"
                                viewBox="0 0 16 16"
                                width="16"
                              >
                                <desc>
                                  edit
                                </desc>
                                <path
                                  d="M3.25 10.26l2.47 2.47 6.69-6.69-2.46-2.48-6.7 6.7zM.99 14.99l3.86-1.39-2.46-2.44-1.4 3.83zm12.25-14c-.48 0-.92.2-1.24.51l-1.44 1.44 2.47 2.47 1.44-1.44c.32-.32.51-.75.51-1.24.01-.95-.77-1.74-1.74-1.74z"
                                  fill-rule="evenodd"
                                />
                              </svg>
                            </span>
                          </span>
                        </button>
                      </div>
                    </div>
                  </div>
                </div>
                <div
                  class="bp3-form-group"
                  data-id="default-5"
                >
                  <div
                    class="bp3-form-content"
                  >
                    <label
                      class="bp3-control bp3-checkbox StyledProps--font Checkbox--checkbox StyledProps--main StyledProps--padding-left-xxlarge StyledProps--inline"
                    >
                      <input
                        name="default"
                        type="checkbox"
                      />
                      <span
                        class="bp3-control-indicator"
                      />
                      <span
                        class="Tooltip--acenter FormikForm--checkBoxDocTooltipLabel"
                        data-tooltip-id="gcpKmsConfig_default"
                      >
                        connectors.hashiCorpVault.defaultVault
                      </span>
                    </label>
                  </div>
                </div>
              </div>
              <div
                class="Layout--horizontal Layout--layout-spacing-medium StyledProps--main"
              >
                <button
                  class="bp3-button Button--button StyledProps--font StyledProps--main Button--with-current-color"
                  type="button"
                >
                  <span
                    class="bp3-button-text"
                  >
                    back
                  </span>
                </button>
                <button
                  class="bp3-button Button--button StyledProps--font StyledProps--main StyledProps--intent-primary Button--with-current-color Button--withRightIcon"
                  type="submit"
                >
                  <span
                    class="bp3-button-text"
                  >
                    continue
                  </span>
                  <span
                    class="bp3-icon bp3-icon-chevron-right StyledProps--main"
                    icon="chevron-right"
                  >
                    <svg
                      data-icon="chevron-right"
                      height="16"
                      viewBox="0 0 16 16"
                      width="16"
                    >
                      <desc>
                        chevron-right
                      </desc>
                      <path
                        d="M10.71 7.29l-4-4a1.003 1.003 0 00-1.42 1.42L8.59 8 5.3 11.29c-.19.18-.3.43-.3.71a1.003 1.003 0 001.71.71l4-4c.18-.18.29-.43.29-.71 0-.28-.11-.53-.29-.71z"
                        fill-rule="evenodd"
                      />
                    </svg>
                  </span>
                </button>
              </div>
            </div>
          </form>
        </div>
      </div>
    </div>
    <span
      class="bp3-icon StyledProps--main StepWizard--harnessWatermark StyledProps--color StyledProps--color-grey50"
      data-icon="harness-with-color"
    >
      <svg
        height="346"
        viewBox="0 0 25 25"
        width="346"
        xmlns="http://www.w3.org/2000/svg"
      >
        <path
          d="M22.974 8.186L16.708 1.88a7.023 7.023 0 00-2.59-1.572C11.98-.409 9.858.154 8.135 1.88L1.868 8.186a7.081 7.081 0 00-1.562 2.606c-.713 2.153-.153 4.289 1.562 6.023l6.266 6.306a7.113 7.113 0 002.589 1.58 5.663 5.663 0 001.808.308c1.503 0 2.946-.64 4.177-1.88l6.266-6.305a7.08 7.08 0 001.562-2.606c.713-2.162.153-4.298-1.562-6.032zm-10.07-4.477c.706.213 1.232.7 1.274.735l1.851 1.862-3.608 3.631-3.608-3.63 1.859-1.872c.5-.496 1.197-1.034 2.233-.726zm-9.219 8.305c.212-.71.696-1.24.73-1.282l1.85-1.863 3.609 3.632-3.608 3.63-1.86-1.87c-.492-.504-1.027-1.214-.721-2.247zm8.252 9.279c-.705-.214-1.231-.701-1.273-.735l-1.851-1.863 3.608-3.631 3.608 3.631-1.86 1.871c-.5.496-1.205 1.034-2.232.726zm9.22-8.305c-.212.709-.696 1.239-.73 1.281l-1.851 1.863-3.608-3.631 3.608-3.632 1.86 1.872c.492.504 1.027 1.204.72 2.247z"
          fill="currentColor"
          fill-rule="evenodd"
        />
      </svg>
    </span>
  </div>
</div>
`;
