// Jest Snapshot v1, https://goo.gl/fbAQLP

exports[`ServiceHeader render 1`] = `
<div>
  <div
    class="Layout--horizontal StyledProps--main header StyledProps--flex StyledProps--flex-distribution-space-between"
  >
    <div
      class="Layout--horizontal StyledProps--main"
    >
      <button
        class="bp3-button Button--button StyledProps--font StyledProps--main StyledProps--intent-primary Button--with-current-color Button--withLeftIcon"
        data-testid="add-service"
        type="button"
      >
        <span
          class="bp3-icon bp3-icon-plus StyledProps--main StyledProps--padding-right-xsmall"
          icon="plus"
        >
          <svg
            data-icon="plus"
            height="10"
            viewBox="0 0 16 16"
            width="10"
          >
            <desc>
              plus
            </desc>
            <path
              d="M13 7H9V3c0-.55-.45-1-1-1s-1 .45-1 1v4H3c-.55 0-1 .45-1 1s.45 1 1 1h4v4c0 .55.45 1 1 1s1-.45 1-1V9h4c.55 0 1-.45 1-1s-.45-1-1-1z"
              fill-rule="evenodd"
            />
          </svg>
        </span>
        <span
          class="bp3-button-text"
        >
          newService
        </span>
      </button>
    </div>
    <div
      class="Layout--horizontal StyledProps--main StyledProps--flex"
    >
      <button
        class="bp3-button bp3-minimal Button--button StyledProps--font StyledProps--main StyledProps--intent-primary Button--with-current-color Button--without-shadow Button--withLeftIcon"
        type="button"
      >
        <span
          class="bp3-icon StyledProps--main"
          data-icon="insight-view"
        >
          <svg
            height="16"
            viewBox="0 0 24 24"
            width="16"
            xmlns="http://www.w3.org/2000/svg"
          >
            <rect
              height="6"
              rx="1"
              width="19"
              x="2"
              y="4"
            />
            <rect
              height="2"
              rx="1"
              width="19"
              x="2"
              y="13"
            />
            <rect
              height="2"
              rx="1"
              width="19"
              x="2"
              y="18"
            />
          </svg>
        </span>
      </button>
      <button
        class="bp3-button bp3-minimal Button--button StyledProps--font StyledProps--main Button--with-current-color Button--without-shadow Button--withLeftIcon"
        type="button"
      >
        <span
          class="bp3-icon StyledProps--main"
          data-icon="list-view"
        >
          <svg
            height="16"
            viewBox="0 0 24 24"
            width="16"
            xmlns="http://www.w3.org/2000/svg"
          >
            <rect
              height="2"
              rx="1"
              width="19"
              x="2"
              y="4"
            />
            <rect
              height="2"
              rx="1"
              width="19"
              x="2"
              y="11"
            />
            <rect
              height="2"
              rx="1"
              width="19"
              x="2"
              y="18"
            />
          </svg>
        </span>
      </button>
    </div>
  </div>
</div>
`;

exports[`ServiceHeader should open and close the Services modal 1`] = `
<div
  class="bp3-dialog padded-dialog dialogStyles"
>
  <div
    class="bp3-dialog-header"
  >
    <h4
      class="bp3-heading"
    >
      newService
    </h4>
    <button
      aria-label="Close"
      class="bp3-button bp3-minimal bp3-dialog-close-button"
      type="button"
    >
      <span
        class="bp3-icon bp3-icon-small-cross"
        icon="small-cross"
      >
        <svg
          data-icon="small-cross"
          height="20"
          viewBox="0 0 20 20"
          width="20"
        >
          <desc>
            small-cross
          </desc>
          <path
            d="M11.41 10l3.29-3.29c.19-.18.3-.43.3-.71a1.003 1.003 0 00-1.71-.71L10 8.59l-3.29-3.3a1.003 1.003 0 00-1.42 1.42L8.59 10 5.3 13.29c-.19.18-.3.43-.3.71a1.003 1.003 0 001.71.71l3.29-3.3 3.29 3.29c.18.19.43.3.71.3a1.003 1.003 0 00.71-1.71L11.41 10z"
            fill-rule="evenodd"
          />
        </svg>
      </span>
    </button>
  </div>
  <div
    class="StyledProps--font StyledProps--main yamlToggle"
  >
    <div
      class="Layout--horizontal StyledProps--main StyledProps--flex StyledProps--flex-justifyContent-flex-start StyledProps--padding-top-small"
    >
      <div
        class="PillToggle--optionBtns"
      >
        <div
          class="PillToggle--item PillToggle--selected"
          data-name="toggle-option-one"
          role="button"
          tabindex="0"
        >
          VISUAL
        </div>
        <div
          class="PillToggle--item"
          data-name="toggle-option-two"
          role="button"
          tabindex="0"
        >
          YAML
        </div>
      </div>
    </div>
  </div>
  <div
    class="OverlaySpinner--overlaySpinner"
  >
    <form
      action="#"
      class="FormikForm--main"
    >
      <div>
        <div
          class="StyledProps--font StyledProps--main main"
        >
          <div
            class="InputWithIdentifier--txtNameContainer TextInput--main"
          >
            <div
              class="Layout--horizontal Layout--layout-spacing-xsmall StyledProps--main InputWithIdentifier--txtIdContainer"
            >
              <div
                class="Text--withDocsTooltip"
                data-tooltip-id="deployService_identifier"
              >
                <p
                  class="StyledProps--font StyledProps--main"
                >
                  Id
                </p>
              </div>
              <p
                class="StyledProps--font StyledProps--main"
              >
                :
              </p>
              <span
                class="bp3-popover-wrapper"
              >
                <span
                  class="bp3-popover-target"
                >
                  <div
                    class="bp3-editable-text bp3-editable-text-placeholder InputWithIdentifier--idValue"
                    tabindex="0"
                  >
                    <span
                      class="bp3-editable-text-content"
                      style="height: 1px; line-height: 1px; min-width: 0;"
                    />
                  </div>
                </span>
              </span>
              <span
                class="bp3-icon StyledProps--main"
                data-icon="Edit"
                style="vertical-align: middle; cursor: pointer;"
              >
                <svg
                  height="12"
                  viewBox="0 0 16 16"
                  width="12"
                  xmlns="http://www.w3.org/2000/svg"
                >
                  <path
                    clip-rule="evenodd"
                    d="M11.207.485a.5.5 0 01.354-.146 3.5 3.5 0 013.5 3.5.5.5 0 01-.146.353l-11 11a.5.5 0 01-.354.147h-3a.5.5 0 01-.5-.5v-3a.5.5 0 01.146-.354l11-11zm.553.862L1.061 12.046v2.293h2.293l10.7-10.7a2.5 2.5 0 00-2.294-2.292z"
                    fill="currentColor"
                    fill-rule="evenodd"
                  />
                  <path
                    clip-rule="evenodd"
                    d="M11.89 2.646a.5.5 0 010 .708L8.353 6.889a.5.5 0 01-.708-.707l3.536-3.536a.5.5 0 01.707 0z"
                    fill="currentColor"
                    fill-rule="evenodd"
                    opacity="0.3"
                  />
                </svg>
              </span>
            </div>
            <div
              class="bp3-form-group"
              data-id="name-0"
            >
              <label
                class="bp3-label"
                for="name"
              >
                <span
                  class="Tooltip--acenter"
                  data-tooltip-id="deployService_name"
                >
                  name
                </span>
                 
                <span
                  class="bp3-text-muted"
                />
              </label>
              <div
                class="bp3-form-content"
              >
                <div
                  class="bp3-input-group"
                >
                  <input
                    autocomplete="off"
                    class="bp3-input"
                    name="name"
                    type="text"
                    value=""
                  />
                </div>
              </div>
            </div>
          </div>
          <div
            class="StyledProps--font StyledProps--main"
          >
            <label
              class="Label--main bp3-label descriptionLabel"
            >
              optionalField
              <span
                class="bp3-icon StyledProps--main editOpen"
                data-icon="Edit"
                data-name="edit"
                data-testid="description-edit"
              >
                <svg
                  height="12"
                  viewBox="0 0 16 16"
                  width="12"
                  xmlns="http://www.w3.org/2000/svg"
                >
                  <path
                    clip-rule="evenodd"
                    d="M11.207.485a.5.5 0 01.354-.146 3.5 3.5 0 013.5 3.5.5.5 0 01-.146.353l-11 11a.5.5 0 01-.354.147h-3a.5.5 0 01-.5-.5v-3a.5.5 0 01.146-.354l11-11zm.553.862L1.061 12.046v2.293h2.293l10.7-10.7a2.5 2.5 0 00-2.294-2.292z"
                    fill="currentColor"
                    fill-rule="evenodd"
                  />
                  <path
                    clip-rule="evenodd"
                    d="M11.89 2.646a.5.5 0 010 .708L8.353 6.889a.5.5 0 01-.708-.707l3.536-3.536a.5.5 0 01.707 0z"
                    fill="currentColor"
                    fill-rule="evenodd"
                    opacity="0.3"
                  />
                </svg>
              </span>
            </label>
          </div>
          <div
            class="StyledProps--font StyledProps--main"
          >
            <label
              class="Label--main bp3-label descriptionLabel"
            >
              optionalField
              <span
                class="bp3-icon StyledProps--main editOpen"
                data-icon="Edit"
                data-name="edit"
                data-testid="tags-edit"
              >
                <svg
                  height="12"
                  viewBox="0 0 16 16"
                  width="12"
                  xmlns="http://www.w3.org/2000/svg"
                >
                  <path
                    clip-rule="evenodd"
                    d="M11.207.485a.5.5 0 01.354-.146 3.5 3.5 0 013.5 3.5.5.5 0 01-.146.353l-11 11a.5.5 0 01-.354.147h-3a.5.5 0 01-.5-.5v-3a.5.5 0 01.146-.354l11-11zm.553.862L1.061 12.046v2.293h2.293l10.7-10.7a2.5 2.5 0 00-2.294-2.292z"
                    fill="currentColor"
                    fill-rule="evenodd"
                  />
                  <path
                    clip-rule="evenodd"
                    d="M11.89 2.646a.5.5 0 010 .708L8.353 6.889a.5.5 0 01-.708-.707l3.536-3.536a.5.5 0 01.707 0z"
                    fill="currentColor"
                    fill-rule="evenodd"
                    opacity="0.3"
                  />
                </svg>
              </span>
            </label>
          </div>
        </div>
        <div
          class="Layout--horizontal Layout--layout-spacing-small StyledProps--main StyledProps--padding-top-xlarge"
        >
          <button
            class="bp3-button Button--button StyledProps--font StyledProps--main Button--with-current-color Button--variation Button--variation-primary"
            data-id="service-save"
            type="submit"
          >
            <span
              class="bp3-button-text"
            >
              save
            </span>
          </button>
          <button
            class="bp3-button Button--button StyledProps--font StyledProps--main Button--with-current-color Button--variation Button--variation-tertiary"
            type="button"
          >
            <span
              class="bp3-button-text"
            >
              cancel
            </span>
          </button>
        </div>
      </div>
    </form>
  </div>
</div>
`;
