// Jest Snapshot v1, https://goo.gl/fbAQLP

exports[`<LogsContent /> tests DefaultConsoleViewStepDetails snapshot test 1`] = `
<div>
  <div
    class="logViewer"
  >
    <div
      class="main"
      data-mode="console-view"
    >
      <div
        class="header"
      >
        <div>
          execution.consoleLogs
        </div>
        <div
          class="rhs"
        >
          <div
            class="bp3-input-group ui-search-box ExpandingSearchInput--main search ExpandingSearchInput--flip  ExpandingSearchInput--dark"
            data-name=""
          >
            <span
              class="bp3-icon StyledProps--main ExpandingSearchInput--icon StyledProps--color StyledProps--color-grey200"
              data-icon="thinner-search"
            >
              <svg
                fill="none"
                height="14"
                viewBox="0 0 16 16"
                width="14"
                xmlns="http://www.w3.org/2000/svg"
              >
                <path
                  d="M7.125 13.25c1.617 0 3.32-.695 4.375-1.75L15 15l-3.5-3.5c1.021-1.005 1.75-2.894 1.75-4.375a6.125 6.125 0 10-6.125 6.125z"
                  stroke="currentColor"
                  stroke-linecap="round"
                  stroke-linejoin="round"
                />
              </svg>
            </span>
            <input
              class="bp3-input  ExpandingSearchInput--find"
              dir="auto"
              placeholder="Search"
              style="padding-right: 0px;"
              type="search"
              value=""
            />
          </div>
          <button
            class="bp3-button Button--button StyledProps--font StyledProps--main fullScreen Button--iconOnly Button--withLeftIcon Button--variation Button--variation-icon"
            type="button"
          >
            <span
              class="bp3-icon StyledProps--main"
              data-icon="full-screen"
            >
              <svg
                fill="none"
                height="22"
                viewBox="0 0 24 24"
                width="22"
                xmlns="http://www.w3.org/2000/svg"
              >
                <path
                  d="M15.12 19.512h4.876v-4.815M8.88 19.512H4.003v-4.815M15.12 4.488h4.876v4.814M8.88 4.488H4.003v4.814"
                  stroke="currentColor"
                  stroke-linecap="round"
                />
              </svg>
            </span>
          </button>
        </div>
      </div>
      <pre
        class="container"
      >
        <div
          class="noLogs"
        >
          common.logs.noLogsText
        </div>
      </pre>
    </div>
  </div>
</div>
`;

exports[`<LogsContent /> tests Logs test GroupedLogs 1`] = `
<div>
  <div
    class="main"
    data-mode="console-view"
  >
    <div
      class="header"
    >
      <div>
        execution.consoleLogs
      </div>
      <div
        class="rhs"
      >
        <div
          class="bp3-input-group ui-search-box ExpandingSearchInput--main search ExpandingSearchInput--flip  ExpandingSearchInput--dark"
          data-name=""
        >
          <span
            class="bp3-icon StyledProps--main ExpandingSearchInput--icon StyledProps--color StyledProps--color-grey200"
            data-icon="thinner-search"
          >
            <svg
              fill="none"
              height="14"
              viewBox="0 0 16 16"
              width="14"
              xmlns="http://www.w3.org/2000/svg"
            >
              <path
                d="M7.125 13.25c1.617 0 3.32-.695 4.375-1.75L15 15l-3.5-3.5c1.021-1.005 1.75-2.894 1.75-4.375a6.125 6.125 0 10-6.125 6.125z"
                stroke="currentColor"
                stroke-linecap="round"
                stroke-linejoin="round"
              />
            </svg>
          </span>
          <input
            class="bp3-input  ExpandingSearchInput--find"
            dir="auto"
            placeholder="Search"
            style="padding-right: 0px;"
            type="search"
            value=""
          />
        </div>
        <button
          class="bp3-button Button--button StyledProps--font StyledProps--main fullScreen Button--iconOnly Button--withLeftIcon Button--variation Button--variation-icon"
          type="button"
        >
          <span
            class="bp3-icon StyledProps--main"
            data-icon="full-screen"
          >
            <svg
              fill="none"
              height="22"
              viewBox="0 0 24 24"
              width="22"
              xmlns="http://www.w3.org/2000/svg"
            >
              <path
                d="M15.12 19.512h4.876v-4.815M8.88 19.512H4.003v-4.815M15.12 4.488h4.876v4.814M8.88 4.488H4.003v4.814"
                stroke="currentColor"
                stroke-linecap="round"
              />
            </svg>
          </span>
        </button>
      </div>
    </div>
    <div>
      Grouped logs
    </div>
  </div>
</div>
`;

exports[`<LogsContent /> tests Logs test SingleSectionLogs 1`] = `
<div>
  <div
    class="main"
    data-mode="console-view"
  >
    <div
      class="header"
    >
      <div>
        execution.consoleLogs
      </div>
      <div
        class="rhs"
      >
        <div
          class="bp3-input-group ui-search-box ExpandingSearchInput--main search ExpandingSearchInput--flip  ExpandingSearchInput--dark"
          data-name=""
        >
          <span
            class="bp3-icon StyledProps--main ExpandingSearchInput--icon StyledProps--color StyledProps--color-grey200"
            data-icon="thinner-search"
          >
            <svg
              fill="none"
              height="14"
              viewBox="0 0 16 16"
              width="14"
              xmlns="http://www.w3.org/2000/svg"
            >
              <path
                d="M7.125 13.25c1.617 0 3.32-.695 4.375-1.75L15 15l-3.5-3.5c1.021-1.005 1.75-2.894 1.75-4.375a6.125 6.125 0 10-6.125 6.125z"
                stroke="currentColor"
                stroke-linecap="round"
                stroke-linejoin="round"
              />
            </svg>
          </span>
          <input
            class="bp3-input  ExpandingSearchInput--find"
            dir="auto"
            placeholder="Search"
            style="padding-right: 0px;"
            type="search"
            value=""
          />
        </div>
        <button
          class="bp3-button Button--button StyledProps--font StyledProps--main fullScreen Button--iconOnly Button--withLeftIcon Button--variation Button--variation-icon"
          type="button"
        >
          <span
            class="bp3-icon StyledProps--main"
            data-icon="full-screen"
          >
            <svg
              fill="none"
              height="22"
              viewBox="0 0 24 24"
              width="22"
              xmlns="http://www.w3.org/2000/svg"
            >
              <path
                d="M15.12 19.512h4.876v-4.815M8.88 19.512H4.003v-4.815M15.12 4.488h4.876v4.814M8.88 4.488H4.003v4.814"
                stroke="currentColor"
                stroke-linecap="round"
              />
            </svg>
          </span>
        </button>
      </div>
    </div>
    <pre
      class="container"
    >
      <div
        data-test-id="virtuoso-scroller"
        data-virtuoso-scroller="true"
        style="height: 100%; outline: none; overflow-y: auto; position: relative;"
        tabindex="0"
      >
        <div
          data-viewport-type="element"
          style="width: 100%; height: 100%; position: absolute; top: 0px;"
        >
          <div
            data-test-id="virtuoso-item-list"
            style="box-sizing: border-box; padding-top: 0px; padding-bottom: 0px; margin-top: 0px;"
          />
        </div>
      </div>
      <button
        class="bp3-button bp3-disabled bp3-loading Button--button StyledProps--font StyledProps--main singleSectionScrollBtn Button--with-current-color Button--withLeftIcon Button--variation Button--variation-primary Button--size Button--small"
        disabled=""
        tabindex="-1"
        type="button"
      >
        <div
          class="bp3-spinner bp3-button-spinner"
        >
          <div
            class="bp3-spinner-animation"
          >
            <svg
              height="20"
              stroke-width="16.00"
              viewBox="-3.00 -3.00 106.00 106.00"
              width="20"
            >
              <path
                class="bp3-spinner-track"
                d="M 50,50 m 0,-45 a 45,45 0 1 1 0,90 a 45,45 0 1 1 0,-90"
              />
              <path
                class="bp3-spinner-head"
                d="M 50,50 m 0,-45 a 45,45 0 1 1 0,90 a 45,45 0 1 1 0,-90"
                pathLength="280"
                stroke-dasharray="280 280"
                stroke-dashoffset="210"
              />
            </svg>
          </div>
        </div>
        <span
          class="bp3-icon bp3-icon-arrow-down StyledProps--main StyledProps--padding-right-xsmall"
          icon="arrow-down"
        >
          <svg
            data-icon="arrow-down"
            height="10"
            viewBox="0 0 16 16"
            width="10"
          >
            <desc>
              arrow-down
            </desc>
            <path
              d="M13 8c-.3 0-.5.1-.7.3L9 11.6V2c0-.5-.4-1-1-1s-1 .5-1 1v9.6L3.7 8.3C3.5 8.1 3.3 8 3 8c-.5 0-1 .5-1 1 0 .3.1.5.3.7l5 5c.2.2.4.3.7.3s.5-.1.7-.3l5-5c.2-.2.3-.4.3-.7 0-.6-.4-1-1-1z"
              fill-rule="evenodd"
            />
          </svg>
        </span>
        <span
          class="bp3-button-text"
        >
          Bottom
        </span>
      </button>
    </pre>
  </div>
</div>
`;

exports[`<LogsContent /> tests console-view error message test 1`] = `
<div>
  <div
    class="main hasErrorMessage"
    data-mode="console-view"
  >
    <div
      class="header"
    >
      <div>
        execution.consoleLogs
      </div>
      <div
        class="rhs"
      >
        <div
          class="bp3-input-group ui-search-box ExpandingSearchInput--main search ExpandingSearchInput--flip  ExpandingSearchInput--dark"
          data-name=""
        >
          <span
            class="bp3-icon StyledProps--main ExpandingSearchInput--icon StyledProps--color StyledProps--color-grey200"
            data-icon="thinner-search"
          >
            <svg
              fill="none"
              height="14"
              viewBox="0 0 16 16"
              width="14"
              xmlns="http://www.w3.org/2000/svg"
            >
              <path
                d="M7.125 13.25c1.617 0 3.32-.695 4.375-1.75L15 15l-3.5-3.5c1.021-1.005 1.75-2.894 1.75-4.375a6.125 6.125 0 10-6.125 6.125z"
                stroke="currentColor"
                stroke-linecap="round"
                stroke-linejoin="round"
              />
            </svg>
          </span>
          <input
            class="bp3-input  ExpandingSearchInput--find"
            dir="auto"
            placeholder="Search"
            style="padding-right: 0px;"
            type="search"
            value=""
          />
        </div>
        <button
          class="bp3-button Button--button StyledProps--font StyledProps--main fullScreen Button--iconOnly Button--withLeftIcon Button--variation Button--variation-icon"
          type="button"
        >
          <span
            class="bp3-icon StyledProps--main"
            data-icon="full-screen"
          >
            <svg
              fill="none"
              height="22"
              viewBox="0 0 24 24"
              width="22"
              xmlns="http://www.w3.org/2000/svg"
            >
              <path
                d="M15.12 19.512h4.876v-4.815M8.88 19.512H4.003v-4.815M15.12 4.488h4.876v4.814M8.88 4.488H4.003v4.814"
                stroke="currentColor"
                stroke-linecap="round"
              />
            </svg>
          </span>
        </button>
      </div>
    </div>
    <pre
      class="container"
    >
      <div
        class="noLogs"
      >
        common.logs.noLogsText
      </div>
    </pre>
    <div
      class="errorMessage"
    >
      <div
        class="summary"
      >
        summary
      </div>
      <div
        class="error"
      >
        <span
          class="bp3-icon StyledProps--main"
          data-icon="circle-cross"
        >
          <svg
            height="16"
            viewBox="0 0 13 13"
            width="16"
            xmlns="http://www.w3.org/2000/svg"
          >
            <path
              clip-rule="evenodd"
              d="M.167 6.501a6.333 6.333 0 1012.666 0 6.333 6.333 0 00-12.666 0zm4.071-3.003l2.26 2.263 2.264-2.263c.495-.495 1.236.248.741.743L7.24 6.504l2.254 2.258c.495.495-.247 1.238-.742.743L6.497 7.246 4.238 9.505c-.495.495-1.236-.249-.741-.744l2.258-2.258-2.259-2.262c-.494-.495.248-1.238.742-.743z"
              fill-rule="evenodd"
            />
          </svg>
        </span>
        <p
          class="StyledProps--font Text--lineclamp StyledProps--main"
          style="--text-line-clamp: 1;"
        >
          This is an error message
        </p>
      </div>
    </div>
  </div>
</div>
`;

exports[`<LogsContent /> tests console-view snapshot test 1`] = `
<div>
  <div
    class="main"
    data-mode="console-view"
  >
    <div
      class="header"
    >
      <div>
        execution.consoleLogs
      </div>
      <div
        class="rhs"
      >
        <div
          class="bp3-input-group ui-search-box ExpandingSearchInput--main search ExpandingSearchInput--flip  ExpandingSearchInput--dark"
          data-name=""
        >
          <span
            class="bp3-icon StyledProps--main ExpandingSearchInput--icon StyledProps--color StyledProps--color-grey200"
            data-icon="thinner-search"
          >
            <svg
              fill="none"
              height="14"
              viewBox="0 0 16 16"
              width="14"
              xmlns="http://www.w3.org/2000/svg"
            >
              <path
                d="M7.125 13.25c1.617 0 3.32-.695 4.375-1.75L15 15l-3.5-3.5c1.021-1.005 1.75-2.894 1.75-4.375a6.125 6.125 0 10-6.125 6.125z"
                stroke="currentColor"
                stroke-linecap="round"
                stroke-linejoin="round"
              />
            </svg>
          </span>
          <input
            class="bp3-input  ExpandingSearchInput--find"
            dir="auto"
            placeholder="Search"
            style="padding-right: 0px;"
            type="search"
            value=""
          />
        </div>
        <button
          class="bp3-button Button--button StyledProps--font StyledProps--main fullScreen Button--iconOnly Button--withLeftIcon Button--variation Button--variation-icon"
          type="button"
        >
          <span
            class="bp3-icon StyledProps--main"
            data-icon="full-screen"
          >
            <svg
              fill="none"
              height="22"
              viewBox="0 0 24 24"
              width="22"
              xmlns="http://www.w3.org/2000/svg"
            >
              <path
                d="M15.12 19.512h4.876v-4.815M8.88 19.512H4.003v-4.815M15.12 4.488h4.876v4.814M8.88 4.488H4.003v4.814"
                stroke="currentColor"
                stroke-linecap="round"
              />
            </svg>
          </span>
        </button>
      </div>
    </div>
    <pre
      class="container"
    >
      <div
        class="noLogs"
      >
        common.logs.noLogsText
      </div>
    </pre>
  </div>
</div>
`;

exports[`<LogsContent /> tests console-view warning message test 1`] = `
<div>
  <div
    class="main hasErrorMessage"
    data-mode="console-view"
  >
    <div
      class="header"
    >
      <div>
        execution.consoleLogs
      </div>
      <div
        class="rhs"
      >
        <div
          class="bp3-input-group ui-search-box ExpandingSearchInput--main search ExpandingSearchInput--flip  ExpandingSearchInput--dark"
          data-name=""
        >
          <span
            class="bp3-icon StyledProps--main ExpandingSearchInput--icon StyledProps--color StyledProps--color-grey200"
            data-icon="thinner-search"
          >
            <svg
              fill="none"
              height="14"
              viewBox="0 0 16 16"
              width="14"
              xmlns="http://www.w3.org/2000/svg"
            >
              <path
                d="M7.125 13.25c1.617 0 3.32-.695 4.375-1.75L15 15l-3.5-3.5c1.021-1.005 1.75-2.894 1.75-4.375a6.125 6.125 0 10-6.125 6.125z"
                stroke="currentColor"
                stroke-linecap="round"
                stroke-linejoin="round"
              />
            </svg>
          </span>
          <input
            class="bp3-input  ExpandingSearchInput--find"
            dir="auto"
            placeholder="Search"
            style="padding-right: 0px;"
            type="search"
            value=""
          />
        </div>
        <button
          class="bp3-button Button--button StyledProps--font StyledProps--main fullScreen Button--iconOnly Button--withLeftIcon Button--variation Button--variation-icon"
          type="button"
        >
          <span
            class="bp3-icon StyledProps--main"
            data-icon="full-screen"
          >
            <svg
              fill="none"
              height="22"
              viewBox="0 0 24 24"
              width="22"
              xmlns="http://www.w3.org/2000/svg"
            >
              <path
                d="M15.12 19.512h4.876v-4.815M8.88 19.512H4.003v-4.815M15.12 4.488h4.876v4.814M8.88 4.488H4.003v4.814"
                stroke="currentColor"
                stroke-linecap="round"
              />
            </svg>
          </span>
        </button>
      </div>
    </div>
    <pre
      class="container"
    >
      <div
        class="noLogs"
      >
        common.logs.noLogsText
      </div>
    </pre>
    <div
      class="errorMessage isWarning"
    >
      <div
        class="summary"
      >
        summary
      </div>
      <div
        class="error"
      >
        <span
          class="bp3-icon bp3-icon-warning-sign StyledProps--main"
          icon="warning-sign"
        >
          <svg
            data-icon="warning-sign"
            height="16"
            viewBox="0 0 16 16"
            width="16"
          >
            <desc>
              warning-sign
            </desc>
            <path
              d="M15.84 13.5l.01-.01-7-12-.01.01c-.17-.3-.48-.5-.85-.5s-.67.2-.85.5l-.01-.01-7 12 .01.01c-.09.15-.15.31-.15.5 0 .55.45 1 1 1h14c.55 0 1-.45 1-1 0-.19-.06-.35-.15-.5zm-6.85-.51h-2v-2h2v2zm0-3h-2v-5h2v5z"
              fill-rule="evenodd"
            />
          </svg>
        </span>
        <p
          class="StyledProps--font Text--lineclamp StyledProps--main"
          style="--text-line-clamp: 1;"
        >
          This is a warning message
        </p>
      </div>
    </div>
  </div>
</div>
`;

exports[`<LogsContent /> tests step-details snapshot test 1`] = `
<div>
  <div
    class="main"
    data-mode="step-details"
  >
    <div
      class="header"
    >
      <div>
        execution.stepLogs
      </div>
      <div
        class="rhs"
      >
        <div
          class="bp3-input-group ui-search-box ExpandingSearchInput--main search ExpandingSearchInput--flip  ExpandingSearchInput--dark"
          data-name=""
        >
          <span
            class="bp3-icon StyledProps--main ExpandingSearchInput--icon StyledProps--color StyledProps--color-grey200"
            data-icon="thinner-search"
          >
            <svg
              fill="none"
              height="14"
              viewBox="0 0 16 16"
              width="14"
              xmlns="http://www.w3.org/2000/svg"
            >
              <path
                d="M7.125 13.25c1.617 0 3.32-.695 4.375-1.75L15 15l-3.5-3.5c1.021-1.005 1.75-2.894 1.75-4.375a6.125 6.125 0 10-6.125 6.125z"
                stroke="currentColor"
                stroke-linecap="round"
                stroke-linejoin="round"
              />
            </svg>
          </span>
          <input
            class="bp3-input  ExpandingSearchInput--find"
            dir="auto"
            placeholder="Search"
            style="padding-right: 0px;"
            type="search"
            value=""
          />
        </div>
        <button
          class="bp3-button Button--button StyledProps--font StyledProps--main fullScreen Button--iconOnly Button--withLeftIcon Button--variation Button--variation-icon"
          type="button"
        >
          <span
            class="bp3-icon StyledProps--main"
            data-icon="full-screen"
          >
            <svg
              fill="none"
              height="22"
              viewBox="0 0 24 24"
              width="22"
              xmlns="http://www.w3.org/2000/svg"
            >
              <path
                d="M15.12 19.512h4.876v-4.815M8.88 19.512H4.003v-4.815M15.12 4.488h4.876v4.814M8.88 4.488H4.003v4.814"
                stroke="currentColor"
                stroke-linecap="round"
              />
            </svg>
          </span>
        </button>
        <a
          class="toConsoleView"
          href="/"
        >
          <span>
            consoleView
          </span>
        </a>
      </div>
    </div>
    <pre
      class="container"
    >
      <div
        class="noLogs"
      >
        common.logs.noLogsText
      </div>
    </pre>
  </div>
</div>
`;
