// Jest Snapshot v1, https://goo.gl/fbAQLP

exports[`<StageTemplateFormWithRef /> tests should call renderPipelineStage with correct arguments 1`] = `
<div>
  <div
    class="StyledProps--font StyledProps--main StyledProps--background-form"
    style="height: 100%;"
  />
</div>
`;
