// Jest Snapshot v1, https://goo.gl/fbAQLP

exports[`Cumulative Analytics tests render component 1`] = `
<div>
  <div
    class="StyledProps--font StyledProps--main StyledProps--padding-small"
  >
    <div>
      <p
        class="StyledProps--font StyledProps--main summaryHeading"
        data-tooltip-id="summaryOfRulesHeader"
      >
        SUMMARY OF RULES
      </p>
      <div
        class="Layout--horizontal Layout--layout-spacing-xxlarge StyledProps--main analyticsContainer StyledProps--background-white"
      >
        <div
          class="Layout--vertical Layout--layout-spacing-large StyledProps--main"
          style="text-align: center; flex: 3;"
        >
          <p
            class="StyledProps--font StyledProps--main analyticsColHeader"
          >
            TOTAL SPEND VS SAVINGS
          </p>
          <div />
        </div>
        <div
          class="Layout--vertical StyledProps--main"
          style="flex: 1;"
        >
          <div
            class="Layout--vertical Layout--layout-spacing-xsmall StyledProps--main"
          >
            <p
              class="StyledProps--font StyledProps--main analyticsColHeader"
            >
              SAVINGS PERCENTAGE
            </p>
            <h1
              class="StyledProps--font StyledProps--font-h1 StyledProps--main"
              level="1"
            >
              100
              %
            </h1>
            <div
              class="Layout--horizontal StyledProps--main"
            >
              <div />
            </div>
          </div>
          <p
            class="StyledProps--font StyledProps--main analyticsColHeader"
          >
            ACTIVE RULES
          </p>
          <div
            class="Layout--horizontal Layout--layout-spacing-small StyledProps--main"
          >
            <h1
              class="StyledProps--font StyledProps--font-h1 StyledProps--main"
              level="1"
            >
              0
            </h1>
            <p
              class="StyledProps--font StyledProps--main"
              style="align-self: center;"
            >
              Rules
            </p>
          </div>
        </div>
        <div
          class="Layout--vertical Layout--layout-spacing-small StyledProps--main"
          style="flex: 1;"
        >
          <div
            class="Layout--vertical Layout--layout-spacing-large StyledProps--main"
          >
            <div
              class="StyledProps--font StyledProps--main StyledProps--padding-small"
              style="border-radius: 4px; background-color: rgba(71, 213, 223, 0.05);"
            >
              <div
                class="Layout--vertical Layout--layout-spacing-small StyledProps--main"
              >
                <p
                  class="StyledProps--font StyledProps--main analyticsColHeader StyledProps--color StyledProps--color-teal800"
                >
                  TOTAL SAVINGS TILL DATE
                </p>
                <h1
                  class="StyledProps--font StyledProps--font-h1 StyledProps--main StyledProps--color StyledProps--color-teal800"
                  level="1"
                >
                  $
                  21
                </h1>
              </div>
            </div>
            <div
              class="StyledProps--font StyledProps--main StyledProps--padding-small"
              style="border-radius: 4px; background-color: rgba(124, 77, 211, 0.05);"
            >
              <div
                class="Layout--vertical Layout--layout-spacing-small StyledProps--main"
              >
                <p
                  class="StyledProps--font StyledProps--main analyticsColHeader StyledProps--color StyledProps--color-purple700"
                >
                  TOTAL SPEND TILL DATE
                </p>
                <h1
                  class="StyledProps--font StyledProps--font-h1 StyledProps--main StyledProps--color StyledProps--color-purple700"
                  level="1"
                >
                  $
                  0
                </h1>
              </div>
            </div>
          </div>
        </div>
      </div>
    </div>
  </div>
</div>
`;
