// Jest Snapshot v1, https://goo.gl/fbAQLP

exports[`Test GCOMetricsHealthSource Should show please Enter Query when ther is no query in the text area 1`] = `
<div>
  <div
    class="StyledProps--font StyledProps--main tabWrapper"
  >
    <div
      class="bp3-tabs Tabs--main Tabs--horizontal"
    >
      <div
        class="bp3-tab-list"
        role="tablist"
      >
        <div
          class="bp3-tab-indicator-wrapper"
          style="height: 0px; transform: translateX(0px) translateY(0px); width: 0px;"
        >
          <div
            class="bp3-tab-indicator"
          />
        </div>
        <div
          aria-controls="bp3-tab-panel_setup-sources_0"
          aria-disabled="false"
          aria-expanded="true"
          aria-selected="true"
          class="bp3-tab"
          data-tab-id="0"
          id="bp3-tab-title_setup-sources_0"
          role="tab"
          tabindex="0"
        >
          MapMetrics
        </div>
      </div>
      <div
        aria-hidden="false"
        aria-labelledby="bp3-tab-title_setup-sources_0"
        class="bp3-tab-panel"
        id="bp3-tab-panel_setup-sources_0"
        role="tabpanel"
      >
        <div
          class="OverlaySpinner--overlaySpinner"
        >
          <div
            class="StyledProps--font StyledProps--main main"
          >
            <div
              class="StyledProps--font StyledProps--main contentContainer"
            >
              <div
                class="StyledProps--font StyledProps--main leftPanel"
              >
                <div
                  class="StyledProps--font StyledProps--main main"
                  style="width: 300px;"
                >
                  <a
                    class="bp3-button Button--button StyledProps--font StyledProps--main inputQueryLink Button--with-current-color Button--link"
                    href="javascript:void()"
                    role="button"
                    tabindex="0"
                  >
                    <span
                      class="bp3-button-text"
                    >
                      cv.monitoringSources.gco.addManualInputQuery
                    </span>
                  </a>
                  <div
                    class="bp3-tree treeNodeContainer"
                  >
                    <ul
                      class="bp3-tree-node-list bp3-tree-root"
                    >
                      <li
                        class="bp3-tree-node"
                      >
                        <div
                          class="bp3-tree-node-content bp3-tree-node-content-0"
                        >
                          <span
                            class="bp3-icon bp3-icon-chevron-right bp3-tree-node-caret bp3-tree-node-caret-closed"
                            icon="chevron-right"
                          >
                            <svg
                              data-icon="chevron-right"
                              height="16"
                              viewBox="0 0 16 16"
                              width="16"
                            >
                              <desc>
                                chevron-right
                              </desc>
                              <path
                                d="M10.71 7.29l-4-4a1.003 1.003 0 00-1.42 1.42L8.59 8 5.3 11.29c-.19.18-.3.43-.3.71a1.003 1.003 0 001.71.71l4-4c.18-.18.29-.43.29-.71 0-.28-.11-.53-.29-.71z"
                                fill-rule="evenodd"
                              />
                            </svg>
                          </span>
                          <span
                            class="bp3-tree-node-label"
                          >
                            <p
                              class="StyledProps--font Text--lineclamp StyledProps--main textOverflow StyledProps--color StyledProps--color-black"
                              style="--text-line-clamp: 1; width: 192px;"
                            >
                              <span>
                                cv.monitoringSources.gco.mapMetricsToServicesPage.manuallyInputQueriesLabel
                              </span>
                            </p>
                          </span>
                        </div>
                        <div
                          class="bp3-collapse"
                        >
                          <div
                            aria-hidden="false"
                            class="bp3-collapse-body"
                            style="transform: translateY(-undefinedpx);"
                          />
                        </div>
                      </li>
                      <li
                        class="bp3-tree-node bp3-tree-node-expanded"
                      >
                        <div
                          class="bp3-tree-node-content bp3-tree-node-content-0"
                        >
                          <span
                            class="bp3-icon bp3-icon-chevron-right bp3-tree-node-caret bp3-tree-node-caret-open"
                            icon="chevron-right"
                          >
                            <svg
                              data-icon="chevron-right"
                              height="16"
                              viewBox="0 0 16 16"
                              width="16"
                            >
                              <desc>
                                chevron-right
                              </desc>
                              <path
                                d="M10.71 7.29l-4-4a1.003 1.003 0 00-1.42 1.42L8.59 8 5.3 11.29c-.19.18-.3.43-.3.71a1.003 1.003 0 001.71.71l4-4c.18-.18.29-.43.29-.71 0-.28-.11-.53-.29-.71z"
                                fill-rule="evenodd"
                              />
                            </svg>
                          </span>
                          <span
                            class="bp3-tree-node-label"
                          >
                            <p
                              class="StyledProps--font Text--lineclamp StyledProps--main textOverflow StyledProps--color StyledProps--color-black"
                              style="--text-line-clamp: 1; width: 192px;"
                            >
                              Pod Traffic
                            </p>
                          </span>
                        </div>
                        <div
                          class="bp3-collapse"
                          style="height: auto; overflow-y: visible; transition: none;"
                        >
                          <div
                            aria-hidden="false"
                            class="bp3-collapse-body"
                            style="transform: translateY(0); transition: none;"
                          >
                            <ul
                              class="bp3-tree-node-list"
                            >
                              <li
                                class="bp3-tree-node bp3-tree-node-expanded"
                              >
                                <div
                                  class="bp3-tree-node-content bp3-tree-node-content-1"
                                >
                                  <span
                                    class="bp3-icon bp3-icon-chevron-right bp3-tree-node-caret bp3-tree-node-caret-open"
                                    icon="chevron-right"
                                  >
                                    <svg
                                      data-icon="chevron-right"
                                      height="16"
                                      viewBox="0 0 16 16"
                                      width="16"
                                    >
                                      <desc>
                                        chevron-right
                                      </desc>
                                      <path
                                        d="M10.71 7.29l-4-4a1.003 1.003 0 00-1.42 1.42L8.59 8 5.3 11.29c-.19.18-.3.43-.3.71a1.003 1.003 0 001.71.71l4-4c.18-.18.29-.43.29-.71 0-.28-.11-.53-.29-.71z"
                                        fill-rule="evenodd"
                                      />
                                    </svg>
                                  </span>
                                  <span
                                    class="bp3-tree-node-label"
                                  >
                                    <p
                                      class="StyledProps--font Text--lineclamp StyledProps--main textOverflow StyledProps--color StyledProps--color-black"
                                      style="--text-line-clamp: 1; width: 170px;"
                                    >
                                      Restart count - Works
                                    </p>
                                  </span>
                                </div>
                                <div
                                  class="bp3-collapse"
                                  style="height: auto; overflow-y: visible; transition: none;"
                                >
                                  <div
                                    aria-hidden="false"
                                    class="bp3-collapse-body"
                                    style="transform: translateY(0); transition: none;"
                                  >
                                    <ul
                                      class="bp3-tree-node-list"
                                    >
                                      <li
                                        class="bp3-tree-node bp3-tree-node-selected"
                                      >
                                        <div
                                          class="bp3-tree-node-content bp3-tree-node-content-2"
                                        >
                                          <span
                                            class="bp3-tree-node-caret-none"
                                          />
                                          <span
                                            class="bp3-tree-node-label"
                                          >
                                            <p
                                              class="StyledProps--font Text--lineclamp StyledProps--main textOverflow StyledProps--color StyledProps--color-black"
                                              style="--text-line-clamp: 1; width: 140px;"
                                            >
                                              kubernetes.io/container/restart_count
                                            </p>
                                          </span>
                                        </div>
                                        <div
                                          class="bp3-collapse"
                                        >
                                          <div
                                            aria-hidden="false"
                                            class="bp3-collapse-body"
                                            style="transform: translateY(-undefinedpx);"
                                          />
                                        </div>
                                      </li>
                                    </ul>
                                  </div>
                                </div>
                              </li>
                              <li
                                class="bp3-tree-node"
                              >
                                <div
                                  class="bp3-tree-node-content bp3-tree-node-content-1"
                                >
                                  <span
                                    class="bp3-icon bp3-icon-chevron-right bp3-tree-node-caret bp3-tree-node-caret-closed"
                                    icon="chevron-right"
                                  >
                                    <svg
                                      data-icon="chevron-right"
                                      height="16"
                                      viewBox="0 0 16 16"
                                      width="16"
                                    >
                                      <desc>
                                        chevron-right
                                      </desc>
                                      <path
                                        d="M10.71 7.29l-4-4a1.003 1.003 0 00-1.42 1.42L8.59 8 5.3 11.29c-.19.18-.3.43-.3.71a1.003 1.003 0 001.71.71l4-4c.18-.18.29-.43.29-.71 0-.28-.11-.53-.29-.71z"
                                        fill-rule="evenodd"
                                      />
                                    </svg>
                                  </span>
                                  <span
                                    class="bp3-tree-node-label"
                                  >
                                    <p
                                      class="StyledProps--font Text--lineclamp StyledProps--main textOverflow StyledProps--color StyledProps--color-black"
                                      style="--text-line-clamp: 1; width: 170px;"
                                    >
                                      Kubernetes Container - Memory usage 
                                    </p>
                                  </span>
                                </div>
                                <div
                                  class="bp3-collapse"
                                >
                                  <div
                                    aria-hidden="false"
                                    class="bp3-collapse-body"
                                    style="transform: translateY(-undefinedpx);"
                                  />
                                </div>
                              </li>
                            </ul>
                          </div>
                        </div>
                      </li>
                    </ul>
                  </div>
                </div>
              </div>
              <div
                class="StyledProps--font StyledProps--main content"
              >
                <form
                  action="#"
                  class="FormikForm--main setupContainer"
                >
                  <div>
                    <h3
                      class="StyledProps--font StyledProps--font-h3 StyledProps--main sectionHeading StyledProps--color StyledProps--color-black"
                      level="3"
                    >
                      cv.monitoringSources.gco.mapMetricsToServicesPage.querySpecifications
                    </h3>
                    <div
                      class="StyledProps--font StyledProps--main nameAndMetricTagContainer"
                    >
                      <div
                        class="bp3-form-group"
                      >
                        <label
                          class="bp3-label"
                          for="metricTags"
                        >
                          <span
                            class="Tooltip--acenter"
                            data-tooltip-id="mapGCOMetrics_metricTags"
                          >
                            cv.monitoringSources.gco.mapMetricsToServicesPage.metricTagsLabel
                          </span>
                           
                          <span
                            class="bp3-text-muted"
                          />
                        </label>
                        <div
                          class="bp3-form-content"
                        >
                          <div
                            class="bp3-input bp3-tag-input"
                          >
                            <div
                              class="bp3-tag-input-values"
                            >
                              <span
                                class="bp3-tag"
                                data-tag-index="0"
                              >
                                <span
                                  class="bp3-text-overflow-ellipsis bp3-fill"
                                >
                                  Restart count - Works
                                </span>
                                <button
                                  class="bp3-tag-remove"
                                  type="button"
                                >
                                  <span
                                    class="bp3-icon bp3-icon-small-cross"
                                    icon="small-cross"
                                  >
                                    <svg
                                      data-icon="small-cross"
                                      height="16"
                                      viewBox="0 0 16 16"
                                      width="16"
                                    >
                                      <desc>
                                        small-cross
                                      </desc>
                                      <path
                                        d="M9.41 8l2.29-2.29c.19-.18.3-.43.3-.71a1.003 1.003 0 00-1.71-.71L8 6.59l-2.29-2.3a1.003 1.003 0 00-1.42 1.42L6.59 8 4.3 10.29c-.19.18-.3.43-.3.71a1.003 1.003 0 001.71.71L8 9.41l2.29 2.29c.18.19.43.3.71.3a1.003 1.003 0 00.71-1.71L9.41 8z"
                                        fill-rule="evenodd"
                                      />
                                    </svg>
                                  </span>
                                </button>
                              </span>
                              <input
                                class="bp3-input-ghost"
                                data-mentions="kv-tag-input-metricTags"
                                value=""
                              />
                            </div>
                          </div>
                        </div>
                      </div>
                      <div
                        class="InputWithIdentifier--txtNameContainer TextInput--main"
                      >
                        <div
                          class="Layout--horizontal Layout--layout-spacing-xsmall StyledProps--main InputWithIdentifier--txtIdContainer"
                        >
                          <div
                            class="Text--withDocsTooltip"
                            data-tooltip-id="mapGCOMetrics_identifier"
                          >
                            <p
                              class="StyledProps--font StyledProps--main"
                            >
                              Id
                            </p>
                          </div>
                          <p
                            class="StyledProps--font StyledProps--main"
                          >
                            :
                          </p>
                          <span
                            class="bp3-popover-wrapper"
                          >
                            <span
                              class="bp3-popover-target"
                            >
                              <div
                                class="bp3-editable-text InputWithIdentifier--idValue"
                                tabindex="0"
                              >
                                <span
                                  class="bp3-editable-text-content"
                                  style="height: 1px; line-height: 1px; min-width: 0;"
                                >
                                  kubernetes.io/container/restart_count
                                </span>
                              </div>
                            </span>
                          </span>
                          <span
                            class="bp3-icon StyledProps--main"
                            data-icon="Edit"
                            style="vertical-align: middle; cursor: pointer;"
                          >
                            <svg
                              height="12"
                              viewBox="0 0 16 16"
                              width="12"
                              xmlns="http://www.w3.org/2000/svg"
                            >
                              <path
                                clip-rule="evenodd"
                                d="M11.207.485a.5.5 0 01.354-.146 3.5 3.5 0 013.5 3.5.5.5 0 01-.146.353l-11 11a.5.5 0 01-.354.147h-3a.5.5 0 01-.5-.5v-3a.5.5 0 01.146-.354l11-11zm.553.862L1.061 12.046v2.293h2.293l10.7-10.7a2.5 2.5 0 00-2.294-2.292z"
                                fill="currentColor"
                                fill-rule="evenodd"
                              />
                              <path
                                clip-rule="evenodd"
                                d="M11.89 2.646a.5.5 0 010 .708L8.353 6.889a.5.5 0 01-.708-.707l3.536-3.536a.5.5 0 01.707 0z"
                                fill="currentColor"
                                fill-rule="evenodd"
                                opacity="0.3"
                              />
                            </svg>
                          </span>
                        </div>
                        <div
                          class="bp3-form-group"
                        >
                          <label
                            class="bp3-label"
                            for="metricName"
                          >
                            <span
                              class="Tooltip--acenter"
                              data-tooltip-id="mapGCOMetrics_metricName"
                            >
                              cv.monitoringSources.metricNameLabel
                            </span>
                             
                            <span
                              class="bp3-text-muted"
                            />
                          </label>
                          <div
                            class="bp3-form-content"
                          >
                            <div
                              class="bp3-input-group"
                            >
                              <input
                                autocomplete="off"
                                class="bp3-input"
                                name="metricName"
                                placeholder="common.namePlaceholder"
                                type="text"
                                value="kubernetes.io/container/restart_count"
                              />
                            </div>
                          </div>
                        </div>
                      </div>
                    </div>
                    <div
                      class="StyledProps--font StyledProps--main validationContainer"
                    >
                      <div
                        class="StyledProps--font StyledProps--main queryContainer"
                      >
                        <div
                          class="Layout--horizontal Layout--layout-spacing-small StyledProps--main queryIcons"
                        >
                          <button
                            class="bp3-button Button--button StyledProps--font StyledProps--main action Button--with-current-color Button--iconOnly Button--withLeftIcon"
                            type="button"
                          >
                            <span
                              class="bp3-icon bp3-icon-fullscreen StyledProps--main"
                              icon="fullscreen"
                            >
                              <svg
                                data-icon="fullscreen"
                                height="12"
                                viewBox="0 0 16 16"
                                width="12"
                              >
                                <desc>
                                  fullscreen
                                </desc>
                                <path
                                  d="M3.41 2H5c.55 0 1-.45 1-1s-.45-1-1-1H1C.45 0 0 .45 0 1v4c0 .55.45 1 1 1s1-.45 1-1V3.41L5.29 6.7c.18.19.43.3.71.3a1.003 1.003 0 00.71-1.71L3.41 2zM6 9c-.28 0-.53.11-.71.29L2 12.59V11c0-.55-.45-1-1-1s-1 .45-1 1v4c0 .55.45 1 1 1h4c.55 0 1-.45 1-1s-.45-1-1-1H3.41l3.29-3.29c.19-.18.3-.43.3-.71 0-.55-.45-1-1-1zm9 1c-.55 0-1 .45-1 1v1.59L10.71 9.3A.965.965 0 0010 9a1.003 1.003 0 00-.71 1.71l3.3 3.29H11c-.55 0-1 .45-1 1s.45 1 1 1h4c.55 0 1-.45 1-1v-4c0-.55-.45-1-1-1zm0-10h-4c-.55 0-1 .45-1 1s.45 1 1 1h1.59l-3.3 3.29a1.003 1.003 0 001.42 1.42L14 3.41V5c0 .55.45 1 1 1s1-.45 1-1V1c0-.55-.45-1-1-1z"
                                  fill-rule="evenodd"
                                />
                              </svg>
                            </span>
                          </button>
                        </div>
                        <div
                          class="bp3-form-group formQueryBox"
                        >
                          <div
                            class="bp3-form-content"
                          >
                            <textarea
                              autocomplete="off"
                              class="bp3-input bp3-fill"
                              maxlength="1024"
                              name="query"
                            >
                              {
  "dataSets": [
    {
      "timeSeriesQuery": {
        "timeSeriesFilter": {
          "filter": "metric.type=\\"kubernetes.io/container/restart_count\\" resource.type=\\"k8s_container\\"",
          "aggregation": {
            "perSeriesAligner": "ALIGN_RATE",
            "crossSeriesReducer": "REDUCE_SUM"
          }
        }
      }
    }
  ]
}
                            </textarea>
                          </div>
                        </div>
                        <div
                          class="Layout--horizontal Layout--layout-spacing-large StyledProps--main"
                        >
                          <button
                            class="bp3-button Button--button StyledProps--font StyledProps--main StyledProps--intent-primary Button--with-current-color"
                            type="button"
                          >
                            <span
                              class="bp3-button-text"
                            >
                              cv.monitoringSources.gcoLogs.fetchRecords
                            </span>
                          </button>
                        </div>
                      </div>
                      <div
                        class="StyledProps--font StyledProps--main chartContainer noDataContainer"
                      >
                        <div
                          class="StyledProps--font StyledProps--main NoDataCard--noDataCard StyledProps--flex StyledProps--flex-align-center-center"
                        >
                          <div
                            class="Layout--vertical Layout--layout-spacing-medium StyledProps--main"
                            style="align-items: center; margin-top: -48px; width: 470px;"
                          >
                            <span
                              class="bp3-icon bp3-icon-timeline-line-chart StyledProps--main StyledProps--color StyledProps--color-grey600"
                              icon="timeline-line-chart"
                            >
                              <svg
                                data-icon="timeline-line-chart"
                                height="48"
                                viewBox="0 0 20 20"
                                width="48"
                              >
                                <desc>
                                  timeline-line-chart
                                </desc>
                                <path
                                  d="M19 16H2v-1.59l5-5 3.29 3.29c.18.19.43.3.71.3s.53-.11.71-.29l7-7a1.003 1.003 0 00-1.42-1.42L11 10.59l-3.29-3.3C7.53 7.11 7.28 7 7 7s-.53.11-.71.29L2 11.59V3c0-.55-.45-1-1-1s-1 .45-1 1v14a.998.998 0 001 1h18c.55 0 1-.45 1-1s-.45-1-1-1z"
                                  fill-rule="evenodd"
                                />
                              </svg>
                            </span>
                            <p
                              class="StyledProps--font StyledProps--main NoDataCard--message StyledProps--font-align-center StyledProps--color StyledProps--color-grey600"
                            >
                              cv.monitoringSources.gcoLogs.submitQueryToSeeRecords
                            </p>
                            <div
                              class="NoDataCard--buttonContainer"
                            />
                          </div>
                        </div>
                      </div>
                    </div>
                    <div
                      class="StyledProps--font StyledProps--main main"
                    >
                      <div
                        class="StyledProps--font StyledProps--main checkBoxGroup"
                      >
                        <div
                          class="Text--withDocsTooltip"
                          data-tooltip-id="assignLabel"
                        >
                          <p
                            class="StyledProps--font StyledProps--main groupLabel"
                          >
                            cv.monitoredServices.assignLabel
                          </p>
                        </div>
                        <div
                          class="bp3-form-group"
                        >
                          <div
                            class="bp3-form-content"
                          >
                            <label
                              class="bp3-control bp3-checkbox StyledProps--font Checkbox--checkbox StyledProps--main StyledProps--inline"
                            >
                              <input
                                name="sli"
                                type="checkbox"
                              />
                              <span
                                class="bp3-control-indicator"
                              />
                              <span
                                class="Tooltip--acenter FormikForm--checkBoxDocTooltipLabel"
                                data-tooltip-id="mapGCOMetrics_sli"
                              >
                                cv.slos.sli
                              </span>
                            </label>
                          </div>
                        </div>
                        <div
                          class="bp3-form-group"
                        >
                          <div
                            class="bp3-form-content"
                          >
                            <label
                              class="bp3-control bp3-checkbox StyledProps--font Checkbox--checkbox StyledProps--main StyledProps--inline"
                            >
                              <input
                                name="healthScore"
                                type="checkbox"
                              />
                              <span
                                class="bp3-control-indicator"
                              />
                              <span
                                class="Tooltip--acenter FormikForm--checkBoxDocTooltipLabel"
                                data-tooltip-id="mapGCOMetrics_healthScore"
                              >
                                cv.monitoredServices.monitoredServiceTabs.serviceHealth
                              </span>
                            </label>
                          </div>
                        </div>
                        <div
                          class="bp3-form-group"
                        >
                          <div
                            class="bp3-form-content"
                          >
                            <label
                              class="bp3-control bp3-checkbox StyledProps--font Checkbox--checkbox StyledProps--main StyledProps--inline"
                            >
                              <input
                                name="continuousVerification"
                                type="checkbox"
                              />
                              <span
                                class="bp3-control-indicator"
                              />
                              <span
                                class="Tooltip--acenter FormikForm--checkBoxDocTooltipLabel"
                                data-tooltip-id="mapGCOMetrics_continuousVerification"
                              >
                                cv.monitoredServices.continuousVerification
                              </span>
                            </label>
                          </div>
                        </div>
                      </div>
                    </div>
                    <div
                      class="bp3-form-group hiddenField"
                    >
                      <div
                        class="bp3-form-content"
                      >
                        <div
                          class="bp3-input-group"
                        >
                          <input
                            autocomplete="off"
                            class="bp3-input"
                            name="overall"
                            type="text"
                            value=""
                          />
                        </div>
                      </div>
                    </div>
                    <div
                      class="StyledProps--font StyledProps--main footerCta footer"
                    >
                      <button
                        class="bp3-button bp3-minimal Button--button StyledProps--font StyledProps--main Button--with-current-color Button--iconOnly Button--without-shadow Button--withLeftIcon"
                        type="button"
                      >
                        <span
                          class="bp3-icon bp3-icon-chevron-left StyledProps--main"
                          icon="chevron-left"
                        >
                          <svg
                            data-icon="chevron-left"
                            height="16"
                            viewBox="0 0 16 16"
                            width="16"
                          >
                            <desc>
                              chevron-left
                            </desc>
                            <path
                              d="M7.41 8l3.29-3.29c.19-.18.3-.43.3-.71a1.003 1.003 0 00-1.71-.71l-4 4C5.11 7.47 5 7.72 5 8c0 .28.11.53.29.71l4 4a1.003 1.003 0 001.42-1.42L7.41 8z"
                              fill-rule="evenodd"
                            />
                          </svg>
                        </span>
                        <span
                          class="bp3-button-text"
                        >
                          previous
                        </span>
                      </button>
                      <button
                        class="bp3-button Button--button StyledProps--font StyledProps--main nextButton StyledProps--intent-primary Button--with-current-color Button--withLeftIcon"
                        type="button"
                      >
                        <span
                          class="bp3-icon bp3-icon-chevron-right StyledProps--main"
                          icon="chevron-right"
                        >
                          <svg
                            data-icon="chevron-right"
                            height="16"
                            viewBox="0 0 16 16"
                            width="16"
                          >
                            <desc>
                              chevron-right
                            </desc>
                            <path
                              d="M10.71 7.29l-4-4a1.003 1.003 0 00-1.42 1.42L8.59 8 5.3 11.29c-.19.18-.3.43-.3.71a1.003 1.003 0 001.71.71l4-4c.18-.18.29-.43.29-.71 0-.28-.11-.53-.29-.71z"
                              fill-rule="evenodd"
                            />
                          </svg>
                        </span>
                        <span
                          class="bp3-button-text"
                        >
                          submit
                        </span>
                      </button>
                    </div>
                  </div>
                </form>
              </div>
              <div
                class="StyledProps--font StyledProps--main rightPanel"
              />
            </div>
          </div>
        </div>
      </div>
    </div>
  </div>
</div>
`;
