// Jest Snapshot v1, https://goo.gl/fbAQLP

exports[`Test Cases for Business Mapping List Page should be able to render the list 1`] = `
<div>
  <div
    class="StyledProps--font StyledProps--main StyledProps--margin-top-medium"
  >
    <div
      class="TableV2--table"
    >
      <div
        class="TableV2--header"
        role="row"
      >
        <div
          class="TableV2--cell"
          colspan="1"
          role="columnheader"
          style="width: 25%;"
        >
          <p
            class="StyledProps--font StyledProps--main StyledProps--font-variation-table-headers"
          >
            name
          </p>
        </div>
        <div
          class="TableV2--cell"
          colspan="1"
          role="columnheader"
          style="width: 15%;"
        >
          <p
            class="StyledProps--font StyledProps--main StyledProps--font-variation-table-headers"
          >
            ce.businessMapping.tableHeadings.costBuckets
          </p>
        </div>
        <div
          class="TableV2--cell"
          colspan="1"
          role="columnheader"
          style="width: 15%;"
        >
          <p
            class="StyledProps--font StyledProps--main StyledProps--font-variation-table-headers"
          >
            ce.businessMapping.tableHeadings.sharedCosts
          </p>
        </div>
        <div
          class="TableV2--cell"
          colspan="1"
          role="columnheader"
          style="width: 25%;"
        >
          <p
            class="StyledProps--font StyledProps--main StyledProps--font-variation-table-headers"
          >
            ce.businessMapping.tableHeadings.unallocated
          </p>
        </div>
        <div
          class="TableV2--cell"
          colspan="1"
          role="columnheader"
          style="width: 15%;"
        >
          <p
            class="StyledProps--font StyledProps--main StyledProps--font-variation-table-headers"
          >
            ce.businessMapping.tableHeadings.lastEdit
          </p>
        </div>
        <div
          class="TableV2--cell"
          colspan="1"
          role="columnheader"
          style="width: 5%;"
        >
          <p
            class="StyledProps--font StyledProps--main StyledProps--font-variation-table-headers"
          >
             
          </p>
        </div>
      </div>
      <div
        class="TableV2--body"
      >
        <div
          class="TableV2--row TableV2--card"
          role="row"
        >
          <div
            class="TableV2--cell"
            role="cell"
            style="width: 25%;"
          >
            <div
              class="Layout--horizontal Layout--layout-spacing-small StyledProps--main nameContainer"
            >
              <div
                class="StyledProps--font StyledProps--main iconBox"
              />
              <p
                class="StyledProps--font StyledProps--main StyledProps--font-variation-body2"
              >
                Region
              </p>
            </div>
          </div>
          <div
            class="TableV2--cell"
            role="cell"
            style="width: 15%;"
          >
            <p
              class="StyledProps--font StyledProps--main StyledProps--font-variation-body2"
            >
              2
            </p>
          </div>
          <div
            class="TableV2--cell"
            role="cell"
            style="width: 15%;"
          >
            <p
              class="StyledProps--font StyledProps--main StyledProps--font-variation-body2"
            >
              0
            </p>
          </div>
          <div
            class="TableV2--cell"
            role="cell"
            style="width: 25%;"
          >
            <p
              class="StyledProps--font StyledProps--main StyledProps--font-variation-body"
            >
              ce.businessMapping.shownAs
            </p>
          </div>
          <div
            class="TableV2--cell"
            role="cell"
            style="width: 15%;"
          >
            <p
              class="StyledProps--font StyledProps--main StyledProps--font-variation-body"
            >
              17 Mar, 05:48
            </p>
          </div>
          <div
            class="TableV2--cell"
            role="cell"
            style="width: 5%;"
          >
            <span
              class="bp3-popover-wrapper bp3-dark"
            >
              <span
                class="bp3-popover-target"
              >
                <button
                  class="bp3-button bp3-minimal Button--button StyledProps--font StyledProps--main Button--with-current-color Button--iconOnly Button--without-shadow Button--withLeftIcon"
                  type="button"
                >
                  <span
                    class="bp3-icon StyledProps--main"
                    data-icon="Options"
                  >
                    <svg
                      fill="none"
                      height="16"
                      viewBox="0 0 4 16"
                      width="16"
                      xmlns="http://www.w3.org/2000/svg"
                    >
                      <path
                        clip-rule="evenodd"
                        d="M2 12.5a1 1 0 100 2 1 1 0 000-2zm-2 1a2 2 0 114 0 2 2 0 01-4 0zm2-12a1 1 0 100 2 1 1 0 000-2zm-2 1a2 2 0 114 0 2 2 0 01-4 0zM2 7a1 1 0 100 2 1 1 0 000-2zM0 8a2 2 0 114 0 2 2 0 01-4 0z"
                        fill="currentColor"
                        fill-rule="evenodd"
                      />
                    </svg>
                  </span>
                </button>
              </span>
            </span>
          </div>
        </div>
      </div>
    </div>
  </div>
</div>
`;
